/Users/ramseymcgrath/code/embedded/mcuxpresso_workspace/SR71_Proxy/CMSIS/core_cm33.h:2555:22:__NVIC_SetPriority	16	static
/Users/ramseymcgrath/code/embedded/mcuxpresso_workspace/SR71_Proxy/drivers/fsl_enet.h:770:20:ENET_SetMII	24	static
../lwip/port/enet_ethernetif_lpc.c:221:13:ethernet_callback	24	static
../lwip/port/enet_ethernetif_lpc.c:347:36:ethernetif_get_rx_desc	16	static
../lwip/port/enet_ethernetif_lpc.c:355:36:ethernetif_get_tx_desc	16	static
../lwip/port/enet_ethernetif_lpc.c:363:14:ethernetif_rx_alloc	48	static
../lwip/port/enet_ethernetif_lpc.c:399:20:ethernetif_release_rx_wrapper	24	static
../lwip/port/enet_ethernetif_lpc.c:417:13:ethernetif_rx_free	40	static
../lwip/port/enet_ethernetif_lpc.c:436:6:ethernetif_plat_init	112	static
../lwip/port/enet_ethernetif_lpc.c:518:15:ethernetif_get_phy	24	static
../lwip/port/enet_ethernetif_lpc.c:524:19:ethernetif_get_int_gpio_hdl	24	static
../lwip/port/enet_ethernetif_lpc.c:530:13:ethernetif_get_link_speed	24	static
../lwip/port/enet_ethernetif_lpc.c:536:14:ethernetif_get_link_duplex	24	static
../lwip/port/enet_ethernetif_lpc.c:542:6:ethernetif_on_link_up	24	static
../lwip/port/enet_ethernetif_lpc.c:555:6:ethernetif_on_link_down	24	static
../lwip/port/enet_ethernetif_lpc.c:561:8:ethernetif_base_ptr	16	static
../lwip/port/enet_ethernetif_lpc.c:569:13:ethernetif_tx_release	16	static
../lwip/port/enet_ethernetif_lpc.c:591:13:ethernetif_rx_release	24	static
../lwip/port/enet_ethernetif_lpc.c:599:21:ethernetif_rx_frame_to_pbufs	56	static
../lwip/port/enet_ethernetif_lpc.c:701:14:ethernetif_linkinput	80	static
../lwip/port/enet_ethernetif_lpc.c:750:7:ethernetif_linkoutput	152	static
../lwip/port/enet_ethernetif_lpc.c:949:7:ethernetif0_init	24	static
