../azure-rtos/netxduo/addons/dns/nxd_dns.c:168:7:_nxe_dns_create	32	static
../azure-rtos/netxduo/addons/dns/nxd_dns.c:240:6:_nx_dns_create	48	static
../azure-rtos/netxduo/addons/dns/nxd_dns.c:367:7:_nxe_dns_packet_pool_set	24	static
../azure-rtos/netxduo/addons/dns/nxd_dns.c:443:7:_nx_dns_packet_pool_set	16	static
../azure-rtos/netxduo/addons/dns/nxd_dns.c:505:7:_nxe_dns_delete	24	static
../azure-rtos/netxduo/addons/dns/nxd_dns.c:573:7:_nx_dns_delete	24	static
../azure-rtos/netxduo/addons/dns/nxd_dns.c:654:7:_nxe_dns_server_add	24	static
../azure-rtos/netxduo/addons/dns/nxd_dns.c:731:7:_nx_dns_server_add	40	static
../azure-rtos/netxduo/addons/dns/nxd_dns.c:799:7:_nxde_dns_server_add	24	static
../azure-rtos/netxduo/addons/dns/nxd_dns.c:912:6:_nxd_dns_server_add	16	static
../azure-rtos/netxduo/addons/dns/nxd_dns.c:966:6:_nx_dns_server_add_internal	24	static
../azure-rtos/netxduo/addons/dns/nxd_dns.c:1139:7:_nxe_dns_server_remove	24	static
../azure-rtos/netxduo/addons/dns/nxd_dns.c:1214:7:_nx_dns_server_remove	40	static
../azure-rtos/netxduo/addons/dns/nxd_dns.c:1281:7:_nxde_dns_server_remove	24	static
../azure-rtos/netxduo/addons/dns/nxd_dns.c:1388:7:_nxd_dns_server_remove	16	static
../azure-rtos/netxduo/addons/dns/nxd_dns.c:1445:14:_nx_dns_server_remove_internal	32	static
../azure-rtos/netxduo/addons/dns/nxd_dns.c:1612:7:_nxe_dns_server_remove_all	24	static
../azure-rtos/netxduo/addons/dns/nxd_dns.c:1672:7:_nx_dns_server_remove_all	24	static
../azure-rtos/netxduo/addons/dns/nxd_dns.c:1740:7:_nxe_dns_get_serverlist_size	24	static
../azure-rtos/netxduo/addons/dns/nxd_dns.c:1800:7:_nx_dns_get_serverlist_size	16	static
../azure-rtos/netxduo/addons/dns/nxd_dns.c:1866:7:_nxe_dns_server_get	32	static
../azure-rtos/netxduo/addons/dns/nxd_dns.c:1929:7:_nx_dns_server_get	48	static
../azure-rtos/netxduo/addons/dns/nxd_dns.c:2010:7:_nxde_dns_server_get	32	static
../azure-rtos/netxduo/addons/dns/nxd_dns.c:2077:7:_nxd_dns_server_get	24	static
../azure-rtos/netxduo/addons/dns/nxd_dns.c:2129:14:_nx_dns_server_get_internal	40	static
../azure-rtos/netxduo/addons/dns/nxd_dns.c:2255:7:_nxe_dns_host_by_name_get	32	static
../azure-rtos/netxduo/addons/dns/nxd_dns.c:2327:7:_nx_dns_host_by_name_get	48	static
../azure-rtos/netxduo/addons/dns/nxd_dns.c:2394:7:_nxde_dns_host_by_name_get	40	static
../azure-rtos/netxduo/addons/dns/nxd_dns.c:2467:7:_nxd_dns_host_by_name_get	48	static
../azure-rtos/netxduo/addons/dns/nxd_dns.c:2724:7:_nxe_dns_ipv4_address_by_name_get	40	static
../azure-rtos/netxduo/addons/dns/nxd_dns.c:2805:7:_nx_dns_ipv4_address_by_name_get	48	static
../azure-rtos/netxduo/addons/dns/nxd_dns.c:2866:7:_nxde_dns_ipv6_address_by_name_get	40	static
../azure-rtos/netxduo/addons/dns/nxd_dns.c:2948:7:_nxd_dns_ipv6_address_by_name_get	48	static
../azure-rtos/netxduo/addons/dns/nxd_dns.c:3910:14:_nx_dns_host_resource_data_by_name_get	56	static
../azure-rtos/netxduo/addons/dns/nxd_dns.c:4121:13:_nx_dns_send_query_by_address	64	static
../azure-rtos/netxduo/addons/dns/nxd_dns.c:4523:13:_nx_dns_send_query_get_rdata_by_name	48	static
../azure-rtos/netxduo/addons/dns/nxd_dns.c:4651:6:_nx_dns_response_get	40	static
../azure-rtos/netxduo/addons/dns/nxd_dns.c:4746:13:_nx_dns_response_receive	48	static
../azure-rtos/netxduo/addons/dns/nxd_dns.c:4894:13:_nx_dns_response_process	96	static
../azure-rtos/netxduo/addons/dns/nxd_dns.c:5240:13:_nx_dns_process_a_type	40	static
../azure-rtos/netxduo/addons/dns/nxd_dns.c:5733:13:_nx_dns_process_aaaa_type	48	static
../azure-rtos/netxduo/addons/dns/nxd_dns.c:7338:7:_nxe_dns_host_by_address_get	40	static
../azure-rtos/netxduo/addons/dns/nxd_dns.c:7408:7:_nx_dns_host_by_address_get	56	static
../azure-rtos/netxduo/addons/dns/nxd_dns.c:7484:7:_nxde_dns_host_by_address_get	40	static
../azure-rtos/netxduo/addons/dns/nxd_dns.c:7559:7:_nxd_dns_host_by_address_get	32	static
../azure-rtos/netxduo/addons/dns/nxd_dns.c:7625:14:_nx_dns_host_by_address_get_internal	136	static
../azure-rtos/netxduo/addons/dns/nxd_dns.c:7889:13:_nx_dns_new_packet_create	32	static
../azure-rtos/netxduo/addons/dns/nxd_dns.c:7974:14:_nx_dns_header_create	16	static
../azure-rtos/netxduo/addons/dns/nxd_dns.c:8039:14:_nx_dns_question_add	40	static
../azure-rtos/netxduo/addons/dns/nxd_dns.c:8140:13:_nxd_dns_build_an_ipv6_question_string	40	static
../azure-rtos/netxduo/addons/dns/nxd_dns.c:8216:14:_nx_dns_name_string_encode	24	static
../azure-rtos/netxduo/addons/dns/nxd_dns.c:8324:13:_nx_dns_name_string_unencode	48	static
../azure-rtos/netxduo/addons/dns/nxd_dns.c:8505:14:_nx_dns_name_size_calculate	24	static
../azure-rtos/netxduo/addons/dns/nxd_dns.c:8762:14:_nx_dns_resource_type_get	32	static
../azure-rtos/netxduo/addons/dns/nxd_dns.c:8903:14:_nx_dns_resource_data_length_get	32	static
../azure-rtos/netxduo/addons/dns/nxd_dns.c:8973:16:_nx_dns_resource_data_address_get	24	static
../azure-rtos/netxduo/addons/dns/nxd_dns.c:9040:14:_nx_dns_resource_size_get	40	static
../azure-rtos/netxduo/addons/dns/nxd_dns.c:9113:14:_nx_dns_short_to_network_convert	16	static
../azure-rtos/netxduo/addons/dns/nxd_dns.c:9160:15:_nx_dns_network_to_short_convert	24	static
../azure-rtos/netxduo/addons/dns/nxd_dns.c:9211:15:_nx_dns_network_to_long_convert	24	static
../azure-rtos/netxduo/addons/dns/nxd_dns.c:9267:14:_nx_dns_number_to_ascii_convert	32	static
