../azure-rtos/netxduo/addons/mdns/nxd_mdns.c:210:7:_nxe_mdns_create	64	static
../azure-rtos/netxduo/addons/mdns/nxd_mdns.c:370:7:_nx_mdns_create	64	static
../azure-rtos/netxduo/addons/mdns/nxd_mdns.c:655:7:_nxe_mdns_delete	24	static
../azure-rtos/netxduo/addons/mdns/nxd_mdns.c:727:7:_nx_mdns_delete	16	static
../azure-rtos/netxduo/addons/mdns/nxd_mdns.c:811:6:_nxe_mdns_cache_notify_set	24	static
../azure-rtos/netxduo/addons/mdns/nxd_mdns.c:877:6:_nx_mdns_cache_notify_set	16	static
../azure-rtos/netxduo/addons/mdns/nxd_mdns.c:936:6:_nxe_mdns_cache_notify_clear	24	static
../azure-rtos/netxduo/addons/mdns/nxd_mdns.c:1002:6:_nx_mdns_cache_notify_clear	16	static
../azure-rtos/netxduo/addons/mdns/nxd_mdns.c:1061:6:_nxe_mdns_service_ignore_set	24	static
../azure-rtos/netxduo/addons/mdns/nxd_mdns.c:1128:6:_nx_mdns_service_ignore_set	16	static
../azure-rtos/netxduo/addons/mdns/nxd_mdns.c:1188:6:_nxe_mdns_service_notify_set	32	static
../azure-rtos/netxduo/addons/mdns/nxd_mdns.c:1257:6:_nx_mdns_service_notify_set	24	static
../azure-rtos/netxduo/addons/mdns/nxd_mdns.c:1319:6:_nxe_mdns_service_notify_clear	24	static
../azure-rtos/netxduo/addons/mdns/nxd_mdns.c:1387:6:_nx_mdns_service_notify_clear	16	static
../azure-rtos/netxduo/addons/mdns/nxd_mdns.c:1458:6:_nxe_mdns_service_announcement_timing_set	48	static
../azure-rtos/netxduo/addons/mdns/nxd_mdns.c:1531:6:_nx_mdns_service_announcement_timing_set	24	static
../azure-rtos/netxduo/addons/mdns/nxd_mdns.c:1604:6:_nxe_mdns_enable	24	static
../azure-rtos/netxduo/addons/mdns/nxd_mdns.c:1676:6:_nx_mdns_enable	32	static
../azure-rtos/netxduo/addons/mdns/nxd_mdns.c:1904:6:_nxe_mdns_disable	24	static
../azure-rtos/netxduo/addons/mdns/nxd_mdns.c:1976:6:_nx_mdns_disable	32	static
../azure-rtos/netxduo/addons/mdns/nxd_mdns.c:2147:6:_nxe_mdns_domain_name_set	24	static
../azure-rtos/netxduo/addons/mdns/nxd_mdns.c:2215:6:_nx_mdns_domain_name_set	24	static
../azure-rtos/netxduo/addons/mdns/nxd_mdns.c:2302:6:_nxe_mdns_service_add	64	static
../azure-rtos/netxduo/addons/mdns/nxd_mdns.c:2428:6:_nx_mdns_service_add	96	static
../azure-rtos/netxduo/addons/mdns/nxd_mdns.c:2698:6:_nxe_mdns_service_delete	32	static
../azure-rtos/netxduo/addons/mdns/nxd_mdns.c:2771:6:_nx_mdns_service_delete	48	static
../azure-rtos/netxduo/addons/mdns/nxd_mdns.c:2848:6:_nx_mdns_service_interface_delete	72	static
../azure-rtos/netxduo/addons/mdns/nxd_mdns.c:3042:6:_nxe_mdns_service_one_shot_query	40	static
../azure-rtos/netxduo/addons/mdns/nxd_mdns.c:3150:6:_nx_mdns_service_one_shot_query	72	static
../azure-rtos/netxduo/addons/mdns/nxd_mdns.c:3337:13:_nx_mdns_one_shot_query	120	static
../azure-rtos/netxduo/addons/mdns/nxd_mdns.c:3496:6:_nxe_mdns_service_continuous_query	32	static
../azure-rtos/netxduo/addons/mdns/nxd_mdns.c:3627:6:_nx_mdns_service_continuous_query	64	static
../azure-rtos/netxduo/addons/mdns/nxd_mdns.c:3773:13:_nx_mdns_continuous_query	112	static
../azure-rtos/netxduo/addons/mdns/nxd_mdns.c:3897:6:_nxe_mdns_service_query_stop	32	static
../azure-rtos/netxduo/addons/mdns/nxd_mdns.c:3980:6:_nx_mdns_service_query_stop	64	static
../azure-rtos/netxduo/addons/mdns/nxd_mdns.c:4161:6:_nxe_mdns_service_lookup	40	static
../azure-rtos/netxduo/addons/mdns/nxd_mdns.c:4252:6:_nx_mdns_service_lookup	128	static
../azure-rtos/netxduo/addons/mdns/nxd_mdns.c:4593:6:_nxe_mdns_peer_cache_clear	24	static
../azure-rtos/netxduo/addons/mdns/nxd_mdns.c:4660:6:_nx_mdns_peer_cache_clear	32	static
../azure-rtos/netxduo/addons/mdns/nxd_mdns.c:4726:6:_nxe_mdns_host_address_get	40	static
../azure-rtos/netxduo/addons/mdns/nxd_mdns.c:4804:6:_nx_mdns_host_address_get	344	static
../azure-rtos/netxduo/addons/mdns/nxd_mdns.c:5010:13:_nx_mdns_rr_a_aaaa_add	120	static
../azure-rtos/netxduo/addons/mdns/nxd_mdns.c:5118:13:_nx_mdns_rr_ptr_add	120	static
../azure-rtos/netxduo/addons/mdns/nxd_mdns.c:5252:13:_nx_mdns_rr_srv_add	120	static
../azure-rtos/netxduo/addons/mdns/nxd_mdns.c:5388:13:_nx_mdns_rr_txt_add	120	static
../azure-rtos/netxduo/addons/mdns/nxd_mdns.c:5538:13:_nx_mdns_rr_nsec_add	128	static
../azure-rtos/netxduo/addons/mdns/nxd_mdns.c:5715:13:_nx_mdns_rr_parameter_set	48	static
../azure-rtos/netxduo/addons/mdns/nxd_mdns.c:5852:13:_nx_mdns_rr_delete	32	static
../azure-rtos/netxduo/addons/mdns/nxd_mdns.c:6035:6:_nxe_mdns_local_cache_clear	24	static
../azure-rtos/netxduo/addons/mdns/nxd_mdns.c:6102:6:_nx_mdns_local_cache_clear	32	static
../azure-rtos/netxduo/addons/mdns/nxd_mdns.c:6179:13:_nx_mdns_service_name_resolve	56	static
../azure-rtos/netxduo/addons/mdns/nxd_mdns.c:6331:13:_nx_mdns_service_name_assemble	32	static
../azure-rtos/netxduo/addons/mdns/nxd_mdns.c:6501:13:_nx_mdns_host_name_register	56	static
../azure-rtos/netxduo/addons/mdns/nxd_mdns.c:6655:13:_nx_mdns_timer_entry	24	static
../azure-rtos/netxduo/addons/mdns/nxd_mdns.c:6725:13:_nx_mdns_timer_set	64	static
../azure-rtos/netxduo/addons/mdns/nxd_mdns.c:6832:13:_nx_mdns_timer_event_process	80	static
../azure-rtos/netxduo/addons/mdns/nxd_mdns.c:7467:13:_nx_mdns_udp_receive_notify	16	static
../azure-rtos/netxduo/addons/mdns/nxd_mdns.c:7525:13:_nx_mdns_ip_address_change_notify	16	static
../azure-rtos/netxduo/addons/mdns/nxd_mdns.c:7659:14:_nx_mdns_thread_entry	48	static
../azure-rtos/netxduo/addons/mdns/nxd_mdns.c:7870:13:_nx_mdns_packet_process	136	static
../azure-rtos/netxduo/addons/mdns/nxd_mdns.c:8355:16:_nx_mdns_probing_send	64	static
../azure-rtos/netxduo/addons/mdns/nxd_mdns.c:8592:16:_nx_mdns_announcing_send	56	static
../azure-rtos/netxduo/addons/mdns/nxd_mdns.c:8745:16:_nx_mdns_response_send	48	static
../azure-rtos/netxduo/addons/mdns/nxd_mdns.c:8915:16:_nx_mdns_query_send	56	static
../azure-rtos/netxduo/addons/mdns/nxd_mdns.c:9118:16:_nx_mdns_packet_create	32	static
../azure-rtos/netxduo/addons/mdns/nxd_mdns.c:9228:16:_nx_mdns_packet_send	40	static
../azure-rtos/netxduo/addons/mdns/nxd_mdns.c:9348:16:_nx_mdns_packet_rr_add	40	static
../azure-rtos/netxduo/addons/mdns/nxd_mdns.c:9713:13:_nx_mdns_packet_rr_set	64	static
../azure-rtos/netxduo/addons/mdns/nxd_mdns.c:9878:13:_nx_mdns_packet_rr_process	152	static
../azure-rtos/netxduo/addons/mdns/nxd_mdns.c:10195:13:_nx_mdns_packet_rr_data_set	64	static
../azure-rtos/netxduo/addons/mdns/nxd_mdns.c:10469:13:_nx_mdns_packet_address_check	72	static
../azure-rtos/netxduo/addons/mdns/nxd_mdns.c:10692:16:_nx_mdns_address_change_process	32	static
../azure-rtos/netxduo/addons/mdns/nxd_mdns.c:10808:13:_nx_mdns_conflict_process	80	static
../azure-rtos/netxduo/addons/mdns/nxd_mdns.c:11047:13:_nx_mdns_service_change_notify_process	688	static
../azure-rtos/netxduo/addons/mdns/nxd_mdns.c:11215:13:_nx_mdns_service_addition_info_get	64	static
../azure-rtos/netxduo/addons/mdns/nxd_mdns.c:11421:6:_nx_mdns_cache_initialize	32	static
../azure-rtos/netxduo/addons/mdns/nxd_mdns.c:11544:6:_nx_mdns_cache_add_resource_record	72	static
../azure-rtos/netxduo/addons/mdns/nxd_mdns.c:11786:6:_nx_mdns_cache_delete_resource_record	32	static
../azure-rtos/netxduo/addons/mdns/nxd_mdns.c:11888:6:_nx_mdns_cache_find_resource_record	40	static
../azure-rtos/netxduo/addons/mdns/nxd_mdns.c:12117:6:_nx_mdns_cache_add_string	72	static
../azure-rtos/netxduo/addons/mdns/nxd_mdns.c:12349:6:_nx_mdns_cache_delete_string	48	static
../azure-rtos/netxduo/addons/mdns/nxd_mdns.c:12536:6:_nx_mdns_cache_delete_rr_string	24	static
../azure-rtos/netxduo/addons/mdns/nxd_mdns.c:12611:6:_nx_mdns_additional_resource_record_find	24	static
../azure-rtos/netxduo/addons/mdns/nxd_mdns.c:12764:13:_nx_mdns_additional_a_aaaa_find	32	static
../azure-rtos/netxduo/addons/mdns/nxd_mdns.c:12843:13:_nx_mdns_known_answer_find	48	static
../azure-rtos/netxduo/addons/mdns/nxd_mdns.c:12964:13:_nx_mdns_query_check	48	static
../azure-rtos/netxduo/addons/mdns/nxd_mdns.c:13102:7:_nx_mdns_query_cleanup	40	static
../azure-rtos/netxduo/addons/mdns/nxd_mdns.c:13229:7:_nx_mdns_query_thread_suspend	48	static
../azure-rtos/netxduo/addons/mdns/nxd_mdns.c:13341:7:_nx_mdns_query_thread_resume	48	static
../azure-rtos/netxduo/addons/mdns/nxd_mdns.c:13459:13:_nx_mdns_service_mask_match	40	static
../azure-rtos/netxduo/addons/mdns/nxd_mdns.c:13552:14:_nx_mdns_name_match	32	static
../azure-rtos/netxduo/addons/mdns/nxd_mdns.c:13632:14:_nx_mdns_txt_string_encode	24	static
../azure-rtos/netxduo/addons/mdns/nxd_mdns.c:13731:13:_nx_mdns_txt_string_decode	32	static
../azure-rtos/netxduo/addons/mdns/nxd_mdns.c:13827:14:_nx_mdns_name_size_calculate	24	static
../azure-rtos/netxduo/addons/mdns/nxd_mdns.c:13916:14:_nx_mdns_name_string_encode	24	static
../azure-rtos/netxduo/addons/mdns/nxd_mdns.c:14024:13:_nx_mdns_name_string_decode	48	static
../azure-rtos/netxduo/addons/mdns/nxd_mdns.c:14169:14:_nx_mdns_rr_size_get	24	static
../azure-rtos/netxduo/addons/mdns/nxd_mdns.c:14233:14:_nx_mdns_short_to_network_convert	16	static
../azure-rtos/netxduo/addons/mdns/nxd_mdns.c:14282:13:_nx_mdns_long_to_network_convert	16	static
