../azure-rtos/netxduo/addons/snmp/nxd_snmp.c:164:7:_nxe_snmp_agent_authenticate_key_use	24	static
../azure-rtos/netxduo/addons/snmp/nxd_snmp.c:236:7:_nx_snmp_agent_authenticate_key_use	16	static
../azure-rtos/netxduo/addons/snmp/nxd_snmp.c:296:7:_nxe_snmp_agent_auth_trap_key_use	24	static
../azure-rtos/netxduo/addons/snmp/nxd_snmp.c:368:9:_nx_snmp_agent_auth_trap_key_use	16	static
../azure-rtos/netxduo/addons/snmp/nxd_snmp.c:430:7:_nxe_snmp_agent_community_get	24	static
../azure-rtos/netxduo/addons/snmp/nxd_snmp.c:490:7:_nx_snmp_agent_community_get	16	static
../azure-rtos/netxduo/addons/snmp/nxd_snmp.c:546:7:_nxe_snmp_agent_context_engine_set	32	static
../azure-rtos/netxduo/addons/snmp/nxd_snmp.c:611:7:_nx_snmp_agent_context_engine_set	32	static
../azure-rtos/netxduo/addons/snmp/nxd_snmp.c:691:7:_nxe_snmp_agent_context_name_set	32	static
../azure-rtos/netxduo/addons/snmp/nxd_snmp.c:756:7:_nx_snmp_agent_context_name_set	32	static
../azure-rtos/netxduo/addons/snmp/nxd_snmp.c:829:7:_nxe_snmp_agent_v3_context_boots_set	24	static
../azure-rtos/netxduo/addons/snmp/nxd_snmp.c:889:7:_nx_snmp_agent_v3_context_boots_set	16	static
../azure-rtos/netxduo/addons/snmp/nxd_snmp.c:952:7:_nxe_snmp_agent_create	56	static
../azure-rtos/netxduo/addons/snmp/nxd_snmp.c:1039:7:_nx_snmp_agent_create	64	static
../azure-rtos/netxduo/addons/snmp/nxd_snmp.c:1188:6:_nxe_snmp_agent_request_get_type_test	24	static
../azure-rtos/netxduo/addons/snmp/nxd_snmp.c:1246:7:_nx_snmp_agent_request_get_type_test	16	static
../azure-rtos/netxduo/addons/snmp/nxd_snmp.c:1294:7:_nxe_snmp_agent_delete	24	static
../azure-rtos/netxduo/addons/snmp/nxd_snmp.c:1354:7:_nx_snmp_agent_delete	16	static
../azure-rtos/netxduo/addons/snmp/nxd_snmp.c:1419:6:_nxe_snmp_agent_current_version_get	24	static
../azure-rtos/netxduo/addons/snmp/nxd_snmp.c:1474:6:_nx_snmp_agent_current_version_get	16	static
../azure-rtos/netxduo/addons/snmp/nxd_snmp.c:1528:6:_nxe_snmp_agent_version_set	32	static
../azure-rtos/netxduo/addons/snmp/nxd_snmp.c:1596:6:_nx_snmp_agent_version_set	24	static
../azure-rtos/netxduo/addons/snmp/nxd_snmp.c:1653:6:_nxe_snmp_agent_set_interface	24	static
../azure-rtos/netxduo/addons/snmp/nxd_snmp.c:1714:6:_nx_snmp_agent_set_interface	16	static
../azure-rtos/netxduo/addons/snmp/nxd_snmp.c:1767:7:_nxe_snmp_agent_md5_key_create	32	static
../azure-rtos/netxduo/addons/snmp/nxd_snmp.c:1831:7:_nx_snmp_agent_md5_key_create	32	static
../azure-rtos/netxduo/addons/snmp/nxd_snmp.c:1915:7:_nxe_snmp_agent_md5_key_create_extended	32	static
../azure-rtos/netxduo/addons/snmp/nxd_snmp.c:1982:7:_nx_snmp_agent_md5_key_create_extended	200	static
../azure-rtos/netxduo/addons/snmp/nxd_snmp.c:2100:7:_nxe_snmp_agent_privacy_key_use	24	static
../azure-rtos/netxduo/addons/snmp/nxd_snmp.c:2171:7:_nx_snmp_agent_privacy_key_use	16	static
../azure-rtos/netxduo/addons/snmp/nxd_snmp.c:2233:7:_nxe_snmp_agent_priv_trap_key_use	24	static
../azure-rtos/netxduo/addons/snmp/nxd_snmp.c:2305:7:_nx_snmp_agent_priv_trap_key_use	16	static
../azure-rtos/netxduo/addons/snmp/nxd_snmp.c:2365:7:_nxe_snmp_agent_sha_key_create	32	static
../azure-rtos/netxduo/addons/snmp/nxd_snmp.c:2430:7:_nx_snmp_agent_sha_key_create	32	static
../azure-rtos/netxduo/addons/snmp/nxd_snmp.c:2514:7:_nxe_snmp_agent_sha_key_create_extended	32	static
../azure-rtos/netxduo/addons/snmp/nxd_snmp.c:2581:7:_nx_snmp_agent_sha_key_create_extended	536	static
../azure-rtos/netxduo/addons/snmp/nxd_snmp.c:2703:6:_nxe_snmp_agent_public_string_test	32	static
../azure-rtos/netxduo/addons/snmp/nxd_snmp.c:2764:6:_nx_snmp_agent_public_string_test	32	static
../azure-rtos/netxduo/addons/snmp/nxd_snmp.c:2845:6:_nxe_snmp_agent_private_string_test	32	static
../azure-rtos/netxduo/addons/snmp/nxd_snmp.c:2908:6:_nx_snmp_agent_private_string_test	32	static
../azure-rtos/netxduo/addons/snmp/nxd_snmp.c:2985:6:_nxe_snmp_agent_private_string_set	24	static
../azure-rtos/netxduo/addons/snmp/nxd_snmp.c:3048:6:_nx_snmp_agent_private_string_set	24	static
../azure-rtos/netxduo/addons/snmp/nxd_snmp.c:3116:6:_nxe_snmp_agent_public_string_set	24	static
../azure-rtos/netxduo/addons/snmp/nxd_snmp.c:3176:6:_nx_snmp_agent_public_string_set	24	static
../azure-rtos/netxduo/addons/snmp/nxd_snmp.c:3242:7:_nxe_snmp_agent_start	24	static
../azure-rtos/netxduo/addons/snmp/nxd_snmp.c:3299:7:_nx_snmp_agent_start	24	static
../azure-rtos/netxduo/addons/snmp/nxd_snmp.c:3367:7:_nxe_snmp_agent_stop	24	static
../azure-rtos/netxduo/addons/snmp/nxd_snmp.c:3424:7:_nx_snmp_agent_stop	16	static
../azure-rtos/netxduo/addons/snmp/nxd_snmp.c:3485:7:_nx_snmp_agent_thread_entry	56	static
../azure-rtos/netxduo/addons/snmp/nxd_snmp.c:3786:7:_nxe_snmp_agent_trap_send	48	static
../azure-rtos/netxduo/addons/snmp/nxd_snmp.c:3880:7:_nx_snmp_agent_trap_send	64	static
../azure-rtos/netxduo/addons/snmp/nxd_snmp.c:3962:7:_nxde_snmp_agent_trap_send	48	static
../azure-rtos/netxduo/addons/snmp/nxd_snmp.c:4050:7:_nxd_snmp_agent_trap_send	368	static
../azure-rtos/netxduo/addons/snmp/nxd_snmp.c:4665:7:_nxe_snmp_agent_trapv2_send	40	static
../azure-rtos/netxduo/addons/snmp/nxd_snmp.c:4749:7:_nx_snmp_agent_trapv2_send	56	static
../azure-rtos/netxduo/addons/snmp/nxd_snmp.c:4825:7:_nxde_snmp_agent_trapv2_send	40	static
../azure-rtos/netxduo/addons/snmp/nxd_snmp.c:4909:7:_nxd_snmp_agent_trapv2_send	368	static
../azure-rtos/netxduo/addons/snmp/nxd_snmp.c:5638:7:_nxe_snmp_agent_trapv2_oid_send	40	static
../azure-rtos/netxduo/addons/snmp/nxd_snmp.c:5720:7:_nx_snmp_agent_trapv2_oid_send	56	static
../azure-rtos/netxduo/addons/snmp/nxd_snmp.c:5795:7:_nxde_snmp_agent_trapv2_oid_send	40	static
../azure-rtos/netxduo/addons/snmp/nxd_snmp.c:5882:7:_nxd_snmp_agent_trapv2_oid_send	368	static
../azure-rtos/netxduo/addons/snmp/nxd_snmp.c:6567:7:_nxe_snmp_agent_trapv3_send	40	static
../azure-rtos/netxduo/addons/snmp/nxd_snmp.c:6652:7:_nx_snmp_agent_trapv3_send	56	static
../azure-rtos/netxduo/addons/snmp/nxd_snmp.c:6729:7:_nxde_snmp_agent_trapv3_send	40	static
../azure-rtos/netxduo/addons/snmp/nxd_snmp.c:6821:7:_nxd_snmp_agent_trapv3_send	568	static
../azure-rtos/netxduo/addons/snmp/nxd_snmp.c:8383:7:_nxe_snmp_agent_trapv3_oid_send	40	static
../azure-rtos/netxduo/addons/snmp/nxd_snmp.c:8465:7:_nx_snmp_agent_trapv3_oid_send	56	static
../azure-rtos/netxduo/addons/snmp/nxd_snmp.c:8540:7:_nxde_snmp_agent_trapv3_oid_send	40	static
../azure-rtos/netxduo/addons/snmp/nxd_snmp.c:8633:7:_nxd_snmp_agent_trapv3_oid_send	568	static
../azure-rtos/netxduo/addons/snmp/nxd_snmp.c:10100:7:_nxe_snmp_object_compare	24	static
../azure-rtos/netxduo/addons/snmp/nxd_snmp.c:10160:7:_nx_snmp_object_compare	32	static
../azure-rtos/netxduo/addons/snmp/nxd_snmp.c:10227:7:_nxe_snmp_object_compare_extended	24	static
../azure-rtos/netxduo/addons/snmp/nxd_snmp.c:10285:7:_nx_snmp_object_compare_extended	48	static
../azure-rtos/netxduo/addons/snmp/nxd_snmp.c:10424:7:_nxe_snmp_object_copy	24	static
../azure-rtos/netxduo/addons/snmp/nxd_snmp.c:10486:7:_nx_snmp_object_copy	24	static
../azure-rtos/netxduo/addons/snmp/nxd_snmp.c:10562:7:_nxe_snmp_object_copy_extended	24	static
../azure-rtos/netxduo/addons/snmp/nxd_snmp.c:10624:7:_nx_snmp_object_copy_extended	32	static
../azure-rtos/netxduo/addons/snmp/nxd_snmp.c:10693:7:_nxe_snmp_object_counter_get	24	static
../azure-rtos/netxduo/addons/snmp/nxd_snmp.c:10752:7:_nx_snmp_object_counter_get	24	static
../azure-rtos/netxduo/addons/snmp/nxd_snmp.c:10814:7:_nxe_snmp_object_counter_set	24	static
../azure-rtos/netxduo/addons/snmp/nxd_snmp.c:10873:7:_nx_snmp_object_counter_set	24	static
../azure-rtos/netxduo/addons/snmp/nxd_snmp.c:10940:7:_nxe_snmp_object_counter64_get	24	static
../azure-rtos/netxduo/addons/snmp/nxd_snmp.c:10999:7:_nx_snmp_object_counter64_get	24	static
../azure-rtos/netxduo/addons/snmp/nxd_snmp.c:11062:7:_nxe_snmp_object_counter64_set	24	static
../azure-rtos/netxduo/addons/snmp/nxd_snmp.c:11121:7:_nx_snmp_object_counter64_set	24	static
../azure-rtos/netxduo/addons/snmp/nxd_snmp.c:11221:7:_nxe_snmp_object_end_of_mib	24	static
../azure-rtos/netxduo/addons/snmp/nxd_snmp.c:11280:7:_nx_snmp_object_end_of_mib	16	static
../azure-rtos/netxduo/addons/snmp/nxd_snmp.c:11336:7:_nxe_snmp_object_gauge_get	24	static
../azure-rtos/netxduo/addons/snmp/nxd_snmp.c:11395:7:_nx_snmp_object_gauge_get	24	static
../azure-rtos/netxduo/addons/snmp/nxd_snmp.c:11457:7:_nxe_snmp_object_gauge_set	24	static
../azure-rtos/netxduo/addons/snmp/nxd_snmp.c:11516:7:_nx_snmp_object_gauge_set	24	static
../azure-rtos/netxduo/addons/snmp/nxd_snmp.c:11583:7:_nxe_snmp_object_id_get	24	static
../azure-rtos/netxduo/addons/snmp/nxd_snmp.c:11643:7:_nx_snmp_object_id_get	32	static
../azure-rtos/netxduo/addons/snmp/nxd_snmp.c:11722:7:_nxe_snmp_object_id_set	24	static
../azure-rtos/netxduo/addons/snmp/nxd_snmp.c:11781:7:_nx_snmp_object_id_set	16	static
../azure-rtos/netxduo/addons/snmp/nxd_snmp.c:11842:7:_nxe_snmp_object_integer_get	24	static
../azure-rtos/netxduo/addons/snmp/nxd_snmp.c:11901:7:_nx_snmp_object_integer_get	24	static
../azure-rtos/netxduo/addons/snmp/nxd_snmp.c:11963:7:_nxe_snmp_object_integer_set	24	static
../azure-rtos/netxduo/addons/snmp/nxd_snmp.c:12022:7:_nx_snmp_object_integer_set	24	static
../azure-rtos/netxduo/addons/snmp/nxd_snmp.c:12089:7:_nxe_snmp_object_ipv6_address_set	24	static
../azure-rtos/netxduo/addons/snmp/nxd_snmp.c:12154:7:_nx_snmp_object_ipv6_address_set	24	static
../azure-rtos/netxduo/addons/snmp/nxd_snmp.c:12231:7:_nxe_snmp_object_ipv6_address_get	24	static
../azure-rtos/netxduo/addons/snmp/nxd_snmp.c:12295:7:_nx_snmp_object_ipv6_address_get	24	static
../azure-rtos/netxduo/addons/snmp/nxd_snmp.c:12371:7:_nxe_snmp_object_ip_address_get	24	static
../azure-rtos/netxduo/addons/snmp/nxd_snmp.c:12430:7:_nx_snmp_object_ip_address_get	24	static
../azure-rtos/netxduo/addons/snmp/nxd_snmp.c:12493:7:_nxe_snmp_object_ip_address_set	24	static
../azure-rtos/netxduo/addons/snmp/nxd_snmp.c:12553:7:_nx_snmp_object_ip_address_set	24	static
../azure-rtos/netxduo/addons/snmp/nxd_snmp.c:12620:7:_nxe_snmp_object_no_instance	24	static
../azure-rtos/netxduo/addons/snmp/nxd_snmp.c:12679:7:_nx_snmp_object_no_instance	16	static
../azure-rtos/netxduo/addons/snmp/nxd_snmp.c:12735:7:_nxe_snmp_object_not_found	24	static
../azure-rtos/netxduo/addons/snmp/nxd_snmp.c:12794:7:_nx_snmp_object_not_found	16	static
../azure-rtos/netxduo/addons/snmp/nxd_snmp.c:12851:7:_nxe_snmp_object_octet_string_get	32	static
../azure-rtos/netxduo/addons/snmp/nxd_snmp.c:12915:7:_nx_snmp_object_octet_string_get	32	static
../azure-rtos/netxduo/addons/snmp/nxd_snmp.c:12994:7:_nxe_snmp_object_octet_string_set	24	static
../azure-rtos/netxduo/addons/snmp/nxd_snmp.c:13058:7:_nx_snmp_object_octet_string_set	24	static
../azure-rtos/netxduo/addons/snmp/nxd_snmp.c:13136:7:_nxe_snmp_object_string_get	24	static
../azure-rtos/netxduo/addons/snmp/nxd_snmp.c:13195:7:_nx_snmp_object_string_get	24	static
../azure-rtos/netxduo/addons/snmp/nxd_snmp.c:13281:7:_nxe_snmp_object_string_set	24	static
../azure-rtos/netxduo/addons/snmp/nxd_snmp.c:13344:7:_nx_snmp_object_string_set	24	static
../azure-rtos/netxduo/addons/snmp/nxd_snmp.c:13426:7:_nxe_snmp_object_timetics_get	24	static
../azure-rtos/netxduo/addons/snmp/nxd_snmp.c:13485:7:_nx_snmp_object_timetics_get	24	static
../azure-rtos/netxduo/addons/snmp/nxd_snmp.c:13548:7:_nxe_snmp_object_timetics_set	24	static
../azure-rtos/netxduo/addons/snmp/nxd_snmp.c:13608:7:_nx_snmp_object_timetics_set	24	static
../azure-rtos/netxduo/addons/snmp/nxd_snmp.c:13677:7:_nx_snmp_utility_community_get	40	static
../azure-rtos/netxduo/addons/snmp/nxd_snmp.c:13847:7:_nx_snmp_utility_community_set	40	static
../azure-rtos/netxduo/addons/snmp/nxd_snmp.c:13962:7:_nx_snmp_utility_error_info_get	24	static
../azure-rtos/netxduo/addons/snmp/nxd_snmp.c:14056:7:_nx_snmp_utility_error_info_set	24	static
../azure-rtos/netxduo/addons/snmp/nxd_snmp.c:14139:7:_nx_snmp_utility_object_id_get	72	static
../azure-rtos/netxduo/addons/snmp/nxd_snmp.c:14518:7:_nx_snmp_utility_object_id_set	64	static
../azure-rtos/netxduo/addons/snmp/nxd_snmp.c:14858:7:_nx_snmp_utility_object_id_set_1byte	56	static
../azure-rtos/netxduo/addons/snmp/nxd_snmp.c:15188:7:_nx_snmp_utility_object_data_get	80	static
../azure-rtos/netxduo/addons/snmp/nxd_snmp.c:15432:7:_nx_snmp_utility_object_data_set	40	static
../azure-rtos/netxduo/addons/snmp/nxd_snmp.c:15799:7:_nx_snmp_utility_octet_get	40	static
../azure-rtos/netxduo/addons/snmp/nxd_snmp.c:15968:7:_nx_snmp_utility_octet_set	32	static
../azure-rtos/netxduo/addons/snmp/nxd_snmp.c:16083:7:_nx_snmp_utility_sequence_get	48	static
../azure-rtos/netxduo/addons/snmp/nxd_snmp.c:16216:7:_nx_snmp_utility_sequence_set	24	static
../azure-rtos/netxduo/addons/snmp/nxd_snmp.c:16286:7:_nx_snmp_utility_sequence_set_1byte	24	static
../azure-rtos/netxduo/addons/snmp/nxd_snmp.c:16349:7:_nx_snmp_utility_request_id_get	48	static
../azure-rtos/netxduo/addons/snmp/nxd_snmp.c:16464:7:_nx_snmp_utility_request_id_set	32	static
../azure-rtos/netxduo/addons/snmp/nxd_snmp.c:16601:7:_nx_snmp_utility_request_type_get	48	static
../azure-rtos/netxduo/addons/snmp/nxd_snmp.c:16741:7:_nx_snmp_utility_request_type_set_1byte	24	static
../azure-rtos/netxduo/addons/snmp/nxd_snmp.c:16807:7:_nx_snmp_utility_request_type_set_multibyte	24	static
../azure-rtos/netxduo/addons/snmp/nxd_snmp.c:16877:7:_nx_snmp_utility_version_get	24	static
../azure-rtos/netxduo/addons/snmp/nxd_snmp.c:16966:7:_nx_snmp_utility_version_set	24	static
../azure-rtos/netxduo/addons/snmp/nxd_snmp.c:17041:7:_nx_snmp_version_error_response	48	static
../azure-rtos/netxduo/addons/snmp/nxd_snmp.c:17217:7:_nx_snmp_version_1_and_2_process	152	static
../azure-rtos/netxduo/addons/snmp/nxd_snmp.c:18342:7:_nx_snmp_version_3_process	392	static
../azure-rtos/netxduo/addons/snmp/nxd_snmp.c:21139:7:_nx_snmp_version_3_report_send	168	static
../azure-rtos/netxduo/addons/snmp/nxd_snmp.c:22419:6:_nx_snmp_agent_add_auth_parameter	160	static
../azure-rtos/netxduo/addons/snmp/nxd_snmp.c:22611:6:_nx_snmp_agent_encrypt_pdu	176	static
../azure-rtos/netxduo/addons/snmp/nxd_snmp.c:22837:6:_nx_snmp_agent_decrypt_pdu	168	static
../azure-rtos/netxduo/addons/snmp/nxd_snmp.c:23062:6:_nx_snmp_agent_security_response_status	24	static
../azure-rtos/netxduo/addons/snmp/nxd_snmp.c:23175:6:_nx_snmp_utility_tlv_block_parse	40	static
