../azure-rtos/netxduo/addons/smtp/nxd_smtp_client.c:168:7:_nxde_smtp_client_create	56	static
../azure-rtos/netxduo/addons/smtp/nxd_smtp_client.c:270:7:_nxd_smtp_client_create	64	static
../azure-rtos/netxduo/addons/smtp/nxd_smtp_client.c:413:7:_nxe_smtp_client_delete	24	static
../azure-rtos/netxduo/addons/smtp/nxd_smtp_client.c:476:7:_nx_smtp_client_delete	24	static
../azure-rtos/netxduo/addons/smtp/nxd_smtp_client.c:555:7:_nxe_smtp_mail_send	40	static
../azure-rtos/netxduo/addons/smtp/nxd_smtp_client.c:642:7:_nx_smtp_mail_send	32	static
../azure-rtos/netxduo/addons/smtp/nxd_smtp_client.c:754:13:_nx_smtp_client_process	32	static
../azure-rtos/netxduo/addons/smtp/nxd_smtp_client.c:959:7:_nx_smtp_cmd_greeting	16	static
../azure-rtos/netxduo/addons/smtp/nxd_smtp_client.c:1010:7:_nx_smtp_cmd_idle	16	static
../azure-rtos/netxduo/addons/smtp/nxd_smtp_client.c:1061:7:_nx_smtp_rsp_idle	16	static
../azure-rtos/netxduo/addons/smtp/nxd_smtp_client.c:1113:7:_nx_smtp_rsp_greeting	24	static
../azure-rtos/netxduo/addons/smtp/nxd_smtp_client.c:1202:7:_nx_smtp_cmd_helo	32	static
../azure-rtos/netxduo/addons/smtp/nxd_smtp_client.c:1298:7:_nx_smtp_rsp_helo	24	static
../azure-rtos/netxduo/addons/smtp/nxd_smtp_client.c:1390:7:_nx_smtp_cmd_ehlo	32	static
../azure-rtos/netxduo/addons/smtp/nxd_smtp_client.c:1487:7:_nx_smtp_rsp_ehlo	24	static
../azure-rtos/netxduo/addons/smtp/nxd_smtp_client.c:1585:7:_nx_smtp_rsp_hello_command	24	static
../azure-rtos/netxduo/addons/smtp/nxd_smtp_client.c:1668:7:_nx_smtp_cmd_auth	24	static
../azure-rtos/netxduo/addons/smtp/nxd_smtp_client.c:1794:7:_nx_smtp_rsp_auth	32	static
../azure-rtos/netxduo/addons/smtp/nxd_smtp_client.c:2004:7:_nx_smtp_cmd_auth_challenge	288	static
../azure-rtos/netxduo/addons/smtp/nxd_smtp_client.c:2152:7:_nx_smtp_rsp_auth_challenge	24	static
../azure-rtos/netxduo/addons/smtp/nxd_smtp_client.c:2209:7:_nx_smtp_cmd_mail	32	static
../azure-rtos/netxduo/addons/smtp/nxd_smtp_client.c:2317:7:_nx_smtp_rsp_mail	24	static
../azure-rtos/netxduo/addons/smtp/nxd_smtp_client.c:2403:7:_nx_smtp_cmd_rcpt	32	static
../azure-rtos/netxduo/addons/smtp/nxd_smtp_client.c:2502:7:_nx_smtp_rsp_rcpt	24	static
../azure-rtos/netxduo/addons/smtp/nxd_smtp_client.c:2586:7:_nx_smtp_cmd_data	24	static
../azure-rtos/netxduo/addons/smtp/nxd_smtp_client.c:2660:7:_nx_smtp_rsp_data	24	static
../azure-rtos/netxduo/addons/smtp/nxd_smtp_client.c:2744:7:_nx_smtp_cmd_message	40	static
../azure-rtos/netxduo/addons/smtp/nxd_smtp_client.c:2894:7:_nx_smtp_rsp_message	24	static
../azure-rtos/netxduo/addons/smtp/nxd_smtp_client.c:2979:7:_nx_smtp_cmd_quit	24	static
../azure-rtos/netxduo/addons/smtp/nxd_smtp_client.c:3054:7:_nx_smtp_rsp_quit	24	static
../azure-rtos/netxduo/addons/smtp/nxd_smtp_client.c:3126:7:_nx_smtp_cmd_rset	32	static
../azure-rtos/netxduo/addons/smtp/nxd_smtp_client.c:3206:7:_nx_smtp_rsp_rset	24	static
../azure-rtos/netxduo/addons/smtp/nxd_smtp_client.c:3288:7:_nx_smtp_cmd_noop	24	static
../azure-rtos/netxduo/addons/smtp/nxd_smtp_client.c:3365:7:_nx_smtp_rsp_noop	24	static
../azure-rtos/netxduo/addons/smtp/nxd_smtp_client.c:3454:7:_nx_smtp_utility_read_server_code	64	static
../azure-rtos/netxduo/addons/smtp/nxd_smtp_client.c:3593:7:_nx_smtp_utility_send_to_server	48	static
../azure-rtos/netxduo/addons/smtp/nxd_smtp_client.c:3719:7:_nx_smtp_utility_send_header_to_server	56	static
../azure-rtos/netxduo/addons/smtp/nxd_smtp_client.c:3881:7:_nx_smtp_utility_authentication_challenge	456	static
../azure-rtos/netxduo/addons/smtp/nxd_smtp_client.c:4016:7:_nx_smtp_utility_parse_server_services	48	static
../azure-rtos/netxduo/addons/smtp/nxd_smtp_client.c:4253:7:_nx_smtp_parse_response	48	static
../azure-rtos/netxduo/addons/smtp/nxd_smtp_client.c:4466:6:_nx_smtp_parse_250_response	24	static
../azure-rtos/netxduo/addons/smtp/nxd_smtp_client.c:4541:7:_nx_smtp_find_crlf	32	static
