/Users/ramseymcgrath/code/embedded/mcuxpresso_workspace/SR71_Proxy/drivers/fsl_common_arm.h:897:24:DisableGlobalIRQ	16	static
/Users/ramseymcgrath/code/embedded/mcuxpresso_workspace/SR71_Proxy/drivers/fsl_common_arm.h:923:20:EnableGlobalIRQ	24	static
../component/timer_manager/fsl_component_timer_manager.c:208:16:TimerGetTimerStatus	24	static
../component/timer_manager/fsl_component_timer_manager.c:219:13:TimerSetTimerStatus	24	static
../component/timer_manager/fsl_component_timer_manager.c:231:16:TimerGetTimerType	24	static
../component/timer_manager/fsl_component_timer_manager.c:242:13:TimerSetTimerType	24	static
../component/timer_manager/fsl_component_timer_manager.c:254:13:TimerMarkTimerFree	24	static
../component/timer_manager/fsl_component_timer_manager.c:264:13:NotifyTimersTask	8	static
../component/timer_manager/fsl_component_timer_manager.c:282:27:TimersUpdate	48	static
../component/timer_manager/fsl_component_timer_manager.c:321:13:TimerManagerTaskProcess	64	static
../component/timer_manager/fsl_component_timer_manager.c:430:13:TimersCheckAndUpdate	16	static
../component/timer_manager/fsl_component_timer_manager.c:442:13:TimersUpdateWithoutSyncTask	16	static
../component/timer_manager/fsl_component_timer_manager.c:451:13:TimersUpdateSyncTask	16	static
../component/timer_manager/fsl_component_timer_manager.c:461:13:TimersUpdateDirectSync	16	static
../component/timer_manager/fsl_component_timer_manager.c:471:13:HAL_TIMER_Callback	24	static
../component/timer_manager/fsl_component_timer_manager.c:493:13:TimerManagerTask	16	static
../component/timer_manager/fsl_component_timer_manager.c:526:23:TimerStop	32	static
../component/timer_manager/fsl_component_timer_manager.c:559:27:TimerEnable	24	static
../component/timer_manager/fsl_component_timer_manager.c:589:16:TM_Init	40	static
../component/timer_manager/fsl_component_timer_manager.c:647:6:TM_Deinit	8	static
../component/timer_manager/fsl_component_timer_manager.c:664:6:TM_ExitLowpower	16	static
../component/timer_manager/fsl_component_timer_manager.c:683:6:TM_EnterLowpower	16	static
../component/timer_manager/fsl_component_timer_manager.c:705:6:TM_EnterTickless	40	static
../component/timer_manager/fsl_component_timer_manager.c:746:6:TM_ExitTickless	24	static
../component/timer_manager/fsl_component_timer_manager.c:768:10:TM_GetTimestamp	16	static
../component/timer_manager/fsl_component_timer_manager.c:785:16:TM_Open	32	static
../component/timer_manager/fsl_component_timer_manager.c:828:16:TM_Close	32	static
../component/timer_manager/fsl_component_timer_manager.c:871:9:TM_AreAllTimersOff	4	static
../component/timer_manager/fsl_component_timer_manager.c:883:9:TM_IsTimerActive	16	static
../component/timer_manager/fsl_component_timer_manager.c:896:9:TM_IsTimerReady	16	static
../component/timer_manager/fsl_component_timer_manager.c:912:16:TM_InstallCallback	32	static
../component/timer_manager/fsl_component_timer_manager.c:933:16:TM_Start	208	static
../component/timer_manager/fsl_component_timer_manager.c:979:16:TM_Stop	32	static
../component/timer_manager/fsl_component_timer_manager.c:1000:10:TM_GetRemainingTime	32	static
../component/timer_manager/fsl_component_timer_manager.c:1016:10:TM_GetFirstExpireTime	32	static
../component/timer_manager/fsl_component_timer_manager.c:1045:16:TM_GetFirstTimerWithParam	24	static
../component/timer_manager/fsl_component_timer_manager.c:1066:10:TM_NotCountedTimeBeforeSleep	4	static
../component/timer_manager/fsl_component_timer_manager.c:1096:6:TM_SyncLpmTimers	16	static
../component/timer_manager/fsl_component_timer_manager.c:1114:6:TM_MakeTimerTaskReady	4	static
