../azure-rtos/netxduo/addons/sntp/nxd_sntp_client.c:133:7:_nxe_sntp_client_create	48	static
../azure-rtos/netxduo/addons/sntp/nxd_sntp_client.c:231:7:_nx_sntp_client_create	64	static
../azure-rtos/netxduo/addons/sntp/nxd_sntp_client.c:432:7:_nxe_sntp_client_delete	24	static
../azure-rtos/netxduo/addons/sntp/nxd_sntp_client.c:507:7:_nx_sntp_client_delete	16	static
../azure-rtos/netxduo/addons/sntp/nxd_sntp_client.c:585:7:_nx_sntp_client_update_timeout_entry	24	static
../azure-rtos/netxduo/addons/sntp/nxd_sntp_client.c:671:7:_nx_sntp_client_create_time_request_packet	24	static
../azure-rtos/netxduo/addons/sntp/nxd_sntp_client.c:752:7:_nxde_sntp_client_initialize_unicast	24	static
../azure-rtos/netxduo/addons/sntp/nxd_sntp_client.c:823:7:_nxd_sntp_client_initialize_unicast	16	static
../azure-rtos/netxduo/addons/sntp/nxd_sntp_client.c:910:7:_nxe_sntp_client_initialize_unicast	24	static
../azure-rtos/netxduo/addons/sntp/nxd_sntp_client.c:989:7:_nx_sntp_client_initialize_unicast	40	static
../azure-rtos/netxduo/addons/sntp/nxd_sntp_client.c:1052:7:_nxe_sntp_client_run_unicast	24	static
../azure-rtos/netxduo/addons/sntp/nxd_sntp_client.c:1121:7:_nx_sntp_client_run_unicast	24	static
../azure-rtos/netxduo/addons/sntp/nxd_sntp_client.c:1294:7:_nx_sntp_client_process_unicast	32	static
../azure-rtos/netxduo/addons/sntp/nxd_sntp_client.c:1433:7:_nxde_sntp_client_initialize_broadcast	32	static
../azure-rtos/netxduo/addons/sntp/nxd_sntp_client.c:1513:7:_nxd_sntp_client_initialize_broadcast	24	static
../azure-rtos/netxduo/addons/sntp/nxd_sntp_client.c:1625:7:_nxe_sntp_client_initialize_broadcast	32	static
../azure-rtos/netxduo/addons/sntp/nxd_sntp_client.c:1708:7:_nx_sntp_client_initialize_broadcast	48	static
../azure-rtos/netxduo/addons/sntp/nxd_sntp_client.c:1787:7:_nxe_sntp_client_stop	24	static
../azure-rtos/netxduo/addons/sntp/nxd_sntp_client.c:1852:7:_nx_sntp_client_stop	24	static
../azure-rtos/netxduo/addons/sntp/nxd_sntp_client.c:1969:7:_nxe_sntp_client_run_broadcast	24	static
../azure-rtos/netxduo/addons/sntp/nxd_sntp_client.c:2039:7:_nx_sntp_client_run_broadcast	24	static
../azure-rtos/netxduo/addons/sntp/nxd_sntp_client.c:2184:6:_nx_sntp_client_process_broadcast	32	static
../azure-rtos/netxduo/addons/sntp/nxd_sntp_client.c:2302:7:_nx_sntp_client_send_unicast_request	40	static
../azure-rtos/netxduo/addons/sntp/nxd_sntp_client.c:2507:7:_nx_sntp_client_receive_time_update	112	static
../azure-rtos/netxduo/addons/sntp/nxd_sntp_client.c:2803:7:_nx_sntp_client_extract_time_message_from_packet	24	static
../azure-rtos/netxduo/addons/sntp/nxd_sntp_client.c:2969:7:_nx_sntp_client_reset_current_time_message	16	static
../azure-rtos/netxduo/addons/sntp/nxd_sntp_client.c:3041:7:_nx_sntp_client_process_update_packet	24	static
../azure-rtos/netxduo/addons/sntp/nxd_sntp_client.c:3147:7:_nx_sntp_client_duplicate_update_check	24	static
../azure-rtos/netxduo/addons/sntp/nxd_sntp_client.c:3227:7:_nx_sntp_client_apply_sanity_checks	56	static
../azure-rtos/netxduo/addons/sntp/nxd_sntp_client.c:3490:7:_nx_sntp_client_check_server_clock_dispersion	32	static
../azure-rtos/netxduo/addons/sntp/nxd_sntp_client.c:3600:7:_nx_sntp_client_thread_entry	32	static
../azure-rtos/netxduo/addons/sntp/nxd_sntp_client.c:3691:7:_nx_sntp_client_receive_notify	16	static
../azure-rtos/netxduo/addons/sntp/nxd_sntp_client.c:3746:7:_nx_sntp_client_process	16	static
../azure-rtos/netxduo/addons/sntp/nxd_sntp_client.c:3820:7:_nx_sntp_client_process_time_data	48	static
../azure-rtos/netxduo/addons/sntp/nxd_sntp_client.c:3961:7:_nx_sntp_client_calculate_roundtrip	24	static
../azure-rtos/netxduo/addons/sntp/nxd_sntp_client.c:4035:7:_nxe_sntp_client_get_local_time	32	static
../azure-rtos/netxduo/addons/sntp/nxd_sntp_client.c:4106:7:_nx_sntp_client_get_local_time	40	static
../azure-rtos/netxduo/addons/sntp/nxd_sntp_client.c:4161:7:_nxe_sntp_client_get_local_time_extended	40	static
../azure-rtos/netxduo/addons/sntp/nxd_sntp_client.c:4238:7:_nx_sntp_client_get_local_time_extended	40	static
../azure-rtos/netxduo/addons/sntp/nxd_sntp_client.c:4357:7:_nx_sntp_client_utility_convert_time_to_UCHAR	32	static
../azure-rtos/netxduo/addons/sntp/nxd_sntp_client.c:4455:6:_nx_sntp_client_utility_convert_seconds_to_date	64	static
../azure-rtos/netxduo/addons/sntp/nxd_sntp_client.c:4710:6:_nxe_sntp_client_utility_display_date_time	32	static
../azure-rtos/netxduo/addons/sntp/nxd_sntp_client.c:4779:6:_nxe_sntp_client_request_unicast_time	24	static
../azure-rtos/netxduo/addons/sntp/nxd_sntp_client.c:4842:6:_nx_sntp_client_request_unicast_time	24	static
../azure-rtos/netxduo/addons/sntp/nxd_sntp_client.c:4935:6:_nx_sntp_client_utility_display_date_time	128	static
../azure-rtos/netxduo/addons/sntp/nxd_sntp_client.c:5090:7:_nx_sntp_client_utility_add_msecs_to_ntp_time	40	static
../azure-rtos/netxduo/addons/sntp/nxd_sntp_client.c:5213:6:_nxe_sntp_client_receiving_updates	24	static
../azure-rtos/netxduo/addons/sntp/nxd_sntp_client.c:5281:6:_nx_sntp_client_receiving_updates	16	static
../azure-rtos/netxduo/addons/sntp/nxd_sntp_client.c:5343:7:_nxe_sntp_client_set_local_time	32	static
../azure-rtos/netxduo/addons/sntp/nxd_sntp_client.c:5421:7:_nx_sntp_client_set_local_time	24	static
../azure-rtos/netxduo/addons/sntp/nxd_sntp_client.c:5477:9:_nxe_sntp_client_set_time_update_notify	24	static
../azure-rtos/netxduo/addons/sntp/nxd_sntp_client.c:5536:9:_nx_sntp_client_set_time_update_notify	16	static
../azure-rtos/netxduo/addons/sntp/nxd_sntp_client.c:5612:7:_nx_sntp_client_utility_get_msec_diff	48	static
../azure-rtos/netxduo/addons/sntp/nxd_sntp_client.c:5770:6:_nx_sntp_client_utility_is_zero_data	24	static
../azure-rtos/netxduo/addons/sntp/nxd_sntp_client.c:5841:7:_nx_sntp_client_utility_convert_fraction_to_msecs	24	static
../azure-rtos/netxduo/addons/sntp/nxd_sntp_client.c:5908:9:_nxe_sntp_client_utility_usecs_to_fraction	24	static
../azure-rtos/netxduo/addons/sntp/nxd_sntp_client.c:5972:7:_nx_sntp_client_utility_usecs_to_fraction	24	static
../azure-rtos/netxduo/addons/sntp/nxd_sntp_client.c:6031:9:_nxe_sntp_client_utility_msecs_to_fraction	24	static
../azure-rtos/netxduo/addons/sntp/nxd_sntp_client.c:6097:7:_nx_sntp_client_utility_msecs_to_fraction	24	static
../azure-rtos/netxduo/addons/sntp/nxd_sntp_client.c:6173:9:_nxe_sntp_client_utility_fraction_to_usecs	24	static
../azure-rtos/netxduo/addons/sntp/nxd_sntp_client.c:6235:7:_nx_sntp_client_utility_fraction_to_usecs	32	static
../azure-rtos/netxduo/addons/sntp/nxd_sntp_client.c:6302:7:_nx_sntp_client_utility_convert_refID_KOD_code	16	static
../azure-rtos/netxduo/addons/sntp/nxd_sntp_client.c:6421:7:_nx_sntp_client_utility_addition_overflow_check	32	static
