../azure-rtos/netxduo/addons/mqtt/nxd_mqtt_client.c:112:6:_nxd_mqtt_client_set_fixed_header	56	static
../azure-rtos/netxduo/addons/mqtt/nxd_mqtt_client.c:194:6:_nxd_mqtt_read_remaining_length	56	static
../azure-rtos/netxduo/addons/mqtt/nxd_mqtt_client.c:315:6:_nxd_mqtt_client_sub_unsub	56	static
../azure-rtos/netxduo/addons/mqtt/nxd_mqtt_client.c:549:6:_nxd_mqtt_client_packet_allocate	32	static
../azure-rtos/netxduo/addons/mqtt/nxd_mqtt_client.c:637:13:_nxd_mqtt_packet_send	32	static
../azure-rtos/netxduo/addons/mqtt/nxd_mqtt_client.c:704:13:_nxd_mqtt_packet_receive	32	static
../azure-rtos/netxduo/addons/mqtt/nxd_mqtt_client.c:779:13:_nxd_mqtt_tcp_establish_notify	24	static
../azure-rtos/netxduo/addons/mqtt/nxd_mqtt_client.c:842:13:_nxd_mqtt_receive_callback	24	static
../azure-rtos/netxduo/addons/mqtt/nxd_mqtt_client.c:914:13:_nxd_mqtt_copy_transmit_packet	32	static
../azure-rtos/netxduo/addons/mqtt/nxd_mqtt_client.c:1007:13:_nxd_mqtt_release_transmit_packet	24	static
../azure-rtos/netxduo/addons/mqtt/nxd_mqtt_client.c:1078:13:_nxd_mqtt_release_receive_packet	24	static
../azure-rtos/netxduo/addons/mqtt/nxd_mqtt_client.c:1146:13:_nxd_mqtt_process_connack	32	static
../azure-rtos/netxduo/addons/mqtt/nxd_mqtt_client.c:1286:6:_nxd_mqtt_process_publish_packet	56	static
../azure-rtos/netxduo/addons/mqtt/nxd_mqtt_client.c:1404:13:_nxd_mqtt_process_publish	80	static
../azure-rtos/netxduo/addons/mqtt/nxd_mqtt_client.c:1661:13:_nxd_mqtt_process_publish_response	64	static
../azure-rtos/netxduo/addons/mqtt/nxd_mqtt_client.c:1847:13:_nxd_mqtt_process_sub_unsub_ack	64	static
../azure-rtos/netxduo/addons/mqtt/nxd_mqtt_client.c:1989:13:_nxd_mqtt_process_pingresp	16	static
../azure-rtos/netxduo/addons/mqtt/nxd_mqtt_client.c:2050:13:_nxd_mqtt_process_disconnect	40	static
../azure-rtos/netxduo/addons/mqtt/nxd_mqtt_client.c:2204:13:_nxd_mqtt_packet_receive_process	64	static
../azure-rtos/netxduo/addons/mqtt/nxd_mqtt_client.c:2467:13:_nxd_mqtt_tcp_establish_process	24	static
../azure-rtos/netxduo/addons/mqtt/nxd_mqtt_client.c:2596:13:_nxd_mqtt_tls_establish_process	24	static
../azure-rtos/netxduo/addons/mqtt/nxd_mqtt_client.c:2702:6:_nxd_mqtt_client_append_message	40	static
../azure-rtos/netxduo/addons/mqtt/nxd_mqtt_client.c:2777:6:_nxd_mqtt_client_connection_end	16	static
../azure-rtos/netxduo/addons/mqtt/nxd_mqtt_client.c:2862:13:_nxd_mqtt_periodic_timer_entry	32	static
../azure-rtos/netxduo/addons/mqtt/nxd_mqtt_client.c:2952:13:_nxd_mqtt_client_event_process	32	static
../azure-rtos/netxduo/addons/mqtt/nxd_mqtt_client.c:3164:13:_mqtt_client_disconnect_callback	24	static
../azure-rtos/netxduo/addons/mqtt/nxd_mqtt_client.c:3232:6:_nxd_mqtt_client_create	56	static
../azure-rtos/netxduo/addons/mqtt/nxd_mqtt_client.c:3364:13:_nxd_mqtt_client_create_internal	48	static
../azure-rtos/netxduo/addons/mqtt/nxd_mqtt_client.c:3500:6:_nxd_mqtt_client_login_set	32	static
../azure-rtos/netxduo/addons/mqtt/nxd_mqtt_client.c:3577:6:_nxd_mqtt_client_will_message_set	32	static
../azure-rtos/netxduo/addons/mqtt/nxd_mqtt_client.c:3666:6:_nxde_mqtt_client_will_message_set	40	static
../azure-rtos/netxduo/addons/mqtt/nxd_mqtt_client.c:3744:6:_nxde_mqtt_client_login_set	32	static
../azure-rtos/netxduo/addons/mqtt/nxd_mqtt_client.c:3814:13:_nxd_mqtt_client_retransmit_message	40	static
../azure-rtos/netxduo/addons/mqtt/nxd_mqtt_client.c:3955:6:_nxd_mqtt_client_connect	80	static
../azure-rtos/netxduo/addons/mqtt/nxd_mqtt_client.c:4292:6:_nxd_mqtt_client_connect_packet_send	56	static
../azure-rtos/netxduo/addons/mqtt/nxd_mqtt_client.c:4535:6:_nxd_mqtt_client_secure_connect	48	static
../azure-rtos/netxduo/addons/mqtt/nxd_mqtt_client.c:4610:6:_nxd_mqtt_client_delete	16	static
../azure-rtos/netxduo/addons/mqtt/nxd_mqtt_client.c:4706:6:_nxd_mqtt_client_publish_packet_send	48	static
../azure-rtos/netxduo/addons/mqtt/nxd_mqtt_client.c:4841:6:_nxd_mqtt_client_publish	56	static
../azure-rtos/netxduo/addons/mqtt/nxd_mqtt_client.c:5044:6:_nxd_mqtt_client_subscribe	32	static
../azure-rtos/netxduo/addons/mqtt/nxd_mqtt_client.c:5106:6:_nxd_mqtt_client_unsubscribe	32	static
../azure-rtos/netxduo/addons/mqtt/nxd_mqtt_client.c:5169:13:_nxd_mqtt_send_simple_message	32	static
../azure-rtos/netxduo/addons/mqtt/nxd_mqtt_client.c:5279:6:_nxd_mqtt_client_disconnect	24	static
../azure-rtos/netxduo/addons/mqtt/nxd_mqtt_client.c:5356:6:_nxd_mqtt_client_receive_notify_set	16	static
../azure-rtos/netxduo/addons/mqtt/nxd_mqtt_client.c:5425:6:_nxd_mqtt_client_message_get	56	static
../azure-rtos/netxduo/addons/mqtt/nxd_mqtt_client.c:5530:6:_nxde_mqtt_client_create	56	static
../azure-rtos/netxduo/addons/mqtt/nxd_mqtt_client.c:5599:6:_nxde_mqtt_client_connect	40	static
../azure-rtos/netxduo/addons/mqtt/nxd_mqtt_client.c:5684:6:_nxde_mqtt_client_secure_connect	48	static
../azure-rtos/netxduo/addons/mqtt/nxd_mqtt_client.c:5756:6:_nxde_mqtt_client_delete	24	static
../azure-rtos/netxduo/addons/mqtt/nxd_mqtt_client.c:5822:6:_nxde_mqtt_client_publish	40	static
../azure-rtos/netxduo/addons/mqtt/nxd_mqtt_client.c:5902:6:_nxde_mqtt_client_subscribe	24	static
../azure-rtos/netxduo/addons/mqtt/nxd_mqtt_client.c:5973:6:_nxde_mqtt_client_unsubscribe	24	static
../azure-rtos/netxduo/addons/mqtt/nxd_mqtt_client.c:6032:6:_nxde_mqtt_client_disconnect	16	static
../azure-rtos/netxduo/addons/mqtt/nxd_mqtt_client.c:6095:6:_nxde_mqtt_client_message_get	40	static
../azure-rtos/netxduo/addons/mqtt/nxd_mqtt_client.c:6164:6:_nxde_mqtt_client_receive_notify_set	16	static
../azure-rtos/netxduo/addons/mqtt/nxd_mqtt_client.c:6226:6:_nxd_mqtt_client_disconnect_notify_set	16	static
../azure-rtos/netxduo/addons/mqtt/nxd_mqtt_client.c:6278:6:_nxde_mqtt_client_disconnect_notify_set	16	static
../azure-rtos/netxduo/addons/mqtt/nxd_mqtt_client.c:6339:6:_nxd_mqtt_client_cloud_create	56	static
