/Users/ramseymcgrath/code/embedded/mcuxpresso_workspace/SR71_Proxy/CMSIS/core_cm33.h:2358:22:__NVIC_EnableIRQ	16	static
../drivers/fsl_clock.h:1489:20:CLOCK_EnableClock	24	static
../drivers/fsl_common_arm.h:667:24:EnableIRQ	24	static
../drivers/fsl_flexspi.h:463:20:FLEXSPI_EnableInterrupts	16	static
../drivers/fsl_flexspi.h:474:20:FLEXSPI_DisableInterrupts	16	static
../drivers/fsl_flexspi.h:609:20:FLEXSPI_ClearInterruptStatusFlags	16	static
../drivers/fsl_flexspi.h:680:20:FLEXSPI_GetBusIdleStatus	16	static
../drivers/fsl_flexspi.c:125:13:FLEXSPI_Memset	32	static
../drivers/fsl_flexspi.c:146:13:FLEXSPI_CheckInputLutLocation	48	static
../drivers/fsl_flexspi.c:163:10:FLEXSPI_GetInstance	24	static
../drivers/fsl_flexspi.c:181:17:FLEXSPI_CalculateDll	40	static
../drivers/fsl_flexspi.c:246:10:FLEXSPI_CheckAndClearError	24	static
../drivers/fsl_flexspi.c:288:6:FLEXSPI_Init	32	static
../drivers/fsl_flexspi.c:402:6:FLEXSPI_GetDefaultConfig	24	static
../drivers/fsl_flexspi.c:460:6:FLEXSPI_Deinit	16	static
../drivers/fsl_flexspi.c:473:6:FLEXSPI_UpdateDllValue	40	static
../drivers/fsl_flexspi.c:535:6:FLEXSPI_SetFlashConfig	32	static
../drivers/fsl_flexspi.c:627:6:FLEXSPI_SoftwareReset	16	static
../drivers/fsl_flexspi.c:648:6:FLEXSPI_UpdateLUT	32	static
../drivers/fsl_flexspi.c:689:6:FLEXSPI_UpdateRxSampleClock	24	static
../drivers/fsl_flexspi.c:718:10:FLEXSPI_WriteBlocking	48	static
../drivers/fsl_flexspi.c:797:10:FLEXSPI_ReadBlocking	48	static
../drivers/fsl_flexspi.c:902:10:FLEXSPI_TransferBlocking	24	static
../drivers/fsl_flexspi.c:980:6:FLEXSPI_TransferCreateHandle	32	static
../drivers/fsl_flexspi.c:1021:10:FLEXSPI_TransferNonBlocking	32	static
../drivers/fsl_flexspi.c:1104:10:FLEXSPI_TransferGetCount	32	static
../drivers/fsl_flexspi.c:1131:6:FLEXSPI_TransferAbort	16	static
../drivers/fsl_flexspi.c:1145:6:FLEXSPI_TransferHandleIRQ	64	static
../drivers/fsl_flexspi.c:1304:6:FLEXSPI0_DriverIRQHandler	8	static
