/Users/ramseymcgrath/code/embedded/mcuxpresso_workspace/SR71_Proxy/CMSIS/core_cm33.h:2358:22:__NVIC_EnableIRQ	16	static
../drivers/fsl_clock.h:1489:20:CLOCK_EnableClock	24	static
../drivers/fsl_clock.h:1515:20:CLOCK_DisableClock	24	static
../drivers/fsl_reset.h:250:20:RESET_ReleasePeripheralReset	16	static
../drivers/fsl_common_arm.h:667:24:EnableIRQ	24	static
../drivers/fsl_common_arm.h:897:24:DisableGlobalIRQ	16	static
../drivers/fsl_common_arm.h:923:20:EnableGlobalIRQ	24	static
../drivers/fsl_edma.h:705:20:EDMA_SetChannelMux	24	static
../drivers/fsl_edma.h:752:20:EDMA_EnableChannelMasterIDReplication	24	static
../drivers/fsl_edma.h:790:20:EDMA_SetChannelSecurityLevel	24	static
../drivers/fsl_edma.h:828:20:EDMA_SetChannelProtectionLevel	24	static
../drivers/fsl_edma.h:1014:20:EDMA_EnableAutoStopRequest	24	static
../drivers/fsl_edma.c:72:17:EDMA_GetInstance	24	static
../drivers/fsl_edma.c:91:24:EDMA_CheckErrata	24	static
../drivers/fsl_edma.c:115:6:EDMA_InstallTCD	40	static
../drivers/fsl_edma.c:159:6:EDMA_Init	24	static
../drivers/fsl_edma.c:222:6:EDMA_Deinit	16	static
../drivers/fsl_edma.c:238:6:EDMA_InitChannel	24	static
../drivers/fsl_edma.c:293:6:EDMA_GetDefaultConfig	16	static
../drivers/fsl_edma.c:328:6:EDMA_ResetChannel	16	static
../drivers/fsl_edma.c:363:6:EDMA_SetTransferConfig	24	static
../drivers/fsl_edma.c:385:6:EDMA_SetMinorOffsetConfig	32	static
../drivers/fsl_edma.c:410:6:EDMA_SetMajorOffsetConfig	24	static
../drivers/fsl_edma.c:427:6:EDMA_SetChannelPreemptionConfig	32	static
../drivers/fsl_edma.c:466:6:EDMA_SetChannelLink	24	static
../drivers/fsl_edma.c:489:6:EDMA_SetBandWidth	24	static
../drivers/fsl_edma.c:511:6:EDMA_SetModulo	32	static
../drivers/fsl_edma.c:530:6:EDMA_TcdResetExt	16	static
../drivers/fsl_edma.c:578:6:EDMA_TcdSetTransferConfigExt	24	static
../drivers/fsl_edma.c:619:6:EDMA_ConfigChannelSoftwareTCDExt	32	static
../drivers/fsl_edma.c:729:6:EDMA_TcdSetMinorOffsetConfigExt	32	static
../drivers/fsl_edma.c:754:6:EDMA_TcdSetMajorOffsetConfigExt	24	static
../drivers/fsl_edma.c:779:6:EDMA_TcdSetChannelLinkExt	32	static
../drivers/fsl_edma.c:830:6:EDMA_TcdSetModuloExt	32	static
../drivers/fsl_edma.c:849:6:EDMA_TcdEnableInterruptsExt	24	static
../drivers/fsl_edma.c:874:6:EDMA_TcdDisableInterruptsExt	24	static
../drivers/fsl_edma.c:902:6:EDMA_TcdReset	16	static
../drivers/fsl_edma.c:951:6:EDMA_TcdSetTransferConfig	24	static
../drivers/fsl_edma.c:990:6:EDMA_ConfigChannelSoftwareTCD	24	static
../drivers/fsl_edma.c:1102:6:EDMA_TcdSetMinorOffsetConfig	24	static
../drivers/fsl_edma.c:1128:6:EDMA_TcdSetMajorOffsetConfig	24	static
../drivers/fsl_edma.c:1154:6:EDMA_TcdSetChannelLink	32	static
../drivers/fsl_edma.c:1206:6:EDMA_TcdSetModulo	24	static
../drivers/fsl_edma.c:1226:6:EDMA_TcdEnableInterrupts	16	static
../drivers/fsl_edma.c:1253:6:EDMA_TcdDisableInterrupts	16	static
../drivers/fsl_edma.c:1291:10:EDMA_GetRemainingMajorLoopCount	24	static
../drivers/fsl_edma.c:1322:6:EDMA_EnableChannelInterrupts	24	static
../drivers/fsl_edma.c:1353:6:EDMA_DisableChannelInterrupts	24	static
../drivers/fsl_edma.c:1384:10:EDMA_GetChannelStatusFlags	24	static
../drivers/fsl_edma.c:1408:6:EDMA_ClearChannelStatusFlags	24	static
../drivers/fsl_edma.c:1440:6:EDMA_CreateHandle	32	static
../drivers/fsl_edma.c:1494:6:EDMA_InstallTCDMemory	24	static
../drivers/fsl_edma.c:1525:6:EDMA_SetCallback	24	static
../drivers/fsl_edma.c:1533:29:EDMA_TransferWidthMapping	24	static
../drivers/fsl_edma.c:1609:6:EDMA_PrepareTransferConfig	24	static
../drivers/fsl_edma.c:1680:6:EDMA_PrepareTransfer	56	static
../drivers/fsl_edma.c:1742:6:EDMA_PrepareTransferTCD	32	static
../drivers/fsl_edma.c:1892:10:EDMA_SubmitTransferTCD	40	static
../drivers/fsl_edma.c:2081:10:EDMA_SubmitTransfer	40	static
../drivers/fsl_edma.c:2276:10:EDMA_SubmitLoopTransfer	32	static
../drivers/fsl_edma.c:2355:6:EDMA_StartTransfer	24	static
../drivers/fsl_edma.c:2449:6:EDMA_StopTransfer	16	static
../drivers/fsl_edma.c:2467:6:EDMA_AbortTransfer	16	static
../drivers/fsl_edma.c:2514:6:EDMA_HandleIRQ	48	static
../drivers/fsl_edma.c:2646:6:EDMA_DriverIRQHandler	16	static
