/Users/ramseymcgrath/code/embedded/mcuxpresso_workspace/SR71_Proxy/CMSIS/core_cm33.h:2358:22:__NVIC_EnableIRQ	16	static
/Users/ramseymcgrath/code/embedded/mcuxpresso_workspace/SR71_Proxy/CMSIS/core_cm33.h:2396:22:__NVIC_DisableIRQ	16	static
../drivers/fsl_cdog.c:43:17:CDOG_GetInstance	24	static
../drivers/fsl_cdog.c:68:6:CDOG_GetDefaultConfig	16	static
../drivers/fsl_cdog.c:91:6:CDOG_Start	24	static
../drivers/fsl_cdog.c:106:6:CDOG_Stop	16	static
../drivers/fsl_cdog.c:122:6:CDOG_Set	24	static
../drivers/fsl_cdog.c:137:6:CDOG_Add	16	static
../drivers/fsl_cdog.c:150:6:CDOG_Add1	16	static
../drivers/fsl_cdog.c:163:6:CDOG_Add16	16	static
../drivers/fsl_cdog.c:176:6:CDOG_Add256	16	static
../drivers/fsl_cdog.c:189:6:CDOG_Sub	16	static
../drivers/fsl_cdog.c:201:6:CDOG_Sub1	16	static
../drivers/fsl_cdog.c:213:6:CDOG_Sub16	16	static
../drivers/fsl_cdog.c:225:6:CDOG_Sub256	16	static
../drivers/fsl_cdog.c:239:6:CDOG_Check	16	static
../drivers/fsl_cdog.c:256:6:CDOG_WritePersistent	16	static
../drivers/fsl_cdog.c:267:10:CDOG_ReadPersistent	16	static
../drivers/fsl_cdog.c:281:10:CDOG_Init	16	static
../drivers/fsl_cdog.c:362:6:CDOG_Deinit	16	static
