/Users/ramseymcgrath/code/embedded/mcuxpresso_workspace/SR71_Proxy/CMSIS/core_cm33.h:2358:22:__NVIC_EnableIRQ	16	static
../drivers/fsl_clock.h:1489:20:CLOCK_EnableClock	24	static
../drivers/fsl_clock.h:1515:20:CLOCK_DisableClock	24	static
../drivers/fsl_common_arm.h:667:24:EnableIRQ	24	static
../drivers/fsl_i3c.h:850:24:I3C_MasterGetStatusFlags	16	static
../drivers/fsl_i3c.h:873:20:I3C_MasterClearStatusFlags	16	static
../drivers/fsl_i3c.h:890:24:I3C_MasterGetErrorStatusFlags	16	static
../drivers/fsl_i3c.h:904:20:I3C_MasterClearErrorStatusFlags	16	static
../drivers/fsl_i3c.h:935:20:I3C_MasterEnableInterrupts	16	static
../drivers/fsl_i3c.h:950:20:I3C_MasterDisableInterrupts	16	static
../drivers/fsl_i3c.h:962:24:I3C_MasterGetEnabledInterrupts	16	static
../drivers/fsl_i3c.h:974:24:I3C_MasterGetPendingInterrupts	16	static
../drivers/fsl_i3c.h:1041:20:I3C_MasterSetWatermarks	16	static
../drivers/fsl_i3c.h:1057:20:I3C_MasterGetFifoCounts	24	static
../drivers/fsl_i3c.h:1095:20:I3C_MasterGetBusIdleState	16	static
../drivers/fsl_i3c.h:1179:24:I3C_MasterRepeatedStart	24	static
../drivers/fsl_i3c.h:1255:20:I3C_MasterEmitIBIResponse	24	static
../drivers/fsl_i3c.h:1293:23:I3C_GetIBIAddress	16	static
../drivers/fsl_i3c.h:1528:24:I3C_SlaveGetStatusFlags	16	static
../drivers/fsl_i3c.h:1549:20:I3C_SlaveClearStatusFlags	16	static
../drivers/fsl_i3c.h:1566:24:I3C_SlaveGetErrorStatusFlags	16	static
../drivers/fsl_i3c.h:1580:20:I3C_SlaveClearErrorStatusFlags	16	static
../drivers/fsl_i3c.h:1620:20:I3C_SlaveEnableInterrupts	16	static
../drivers/fsl_i3c.h:1645:20:I3C_SlaveDisableInterrupts	16	static
../drivers/fsl_i3c.h:1657:24:I3C_SlaveGetEnabledInterrupts	16	static
../drivers/fsl_i3c.h:1669:24:I3C_SlaveGetPendingInterrupts	16	static
../drivers/fsl_i3c.h:1752:20:I3C_SlaveGetFifoCounts	24	static
../drivers/fsl_i3c.c:328:10:I3C_GetInstance	24	static
../drivers/fsl_i3c.c:361:10:I3C_MasterCheckAndClearError	24	static
../drivers/fsl_i3c.c:434:10:I3C_MasterWaitForCtrlDone	32	static
../drivers/fsl_i3c.c:478:17:I3C_MasterWaitForTxReady	32	static
../drivers/fsl_i3c.c:516:17:I3C_MasterWaitForComplete	32	static
../drivers/fsl_i3c.c:576:10:I3C_SlaveCheckAndClearError	24	static
../drivers/fsl_i3c.c:652:17:I3C_SlaveWaitForTxReady	32	static
../drivers/fsl_i3c.c:690:17:I3C_MasterEmitStop	24	static
../drivers/fsl_i3c.c:717:16:I3C_GetIBIType	24	static
../drivers/fsl_i3c.c:748:10:I3C_CheckForBusyBus	16	static
../drivers/fsl_i3c.c:756:6:I3C_GetDefaultConfig	16	static
../drivers/fsl_i3c.c:798:6:I3C_Init	48	static
../drivers/fsl_i3c.c:933:6:I3C_MasterGetDefaultConfig	16	static
../drivers/fsl_i3c.c:959:6:I3C_MasterInit	48	static
../drivers/fsl_i3c.c:1014:20:I3C_MasterGetState	24	static
../drivers/fsl_i3c.c:1061:6:I3C_MasterDeinit	24	static
../drivers/fsl_i3c.c:1079:17:I3C_CalcErrorRatio	16	static
../drivers/fsl_i3c.c:1101:6:I3C_MasterSetBaudRate	96	static
../drivers/fsl_i3c.c:1202:10:I3C_MasterStartWithRxSize	32	static
../drivers/fsl_i3c.c:1231:10:I3C_MasterStart	32	static
../drivers/fsl_i3c.c:1264:10:I3C_MasterRepeatedStartWithRxSize	24	static
../drivers/fsl_i3c.c:1311:10:I3C_MasterStop	16	static
../drivers/fsl_i3c.c:1322:6:I3C_MasterEmitRequest	24	static
../drivers/fsl_i3c.c:1344:6:I3C_MasterRegisterIBI	24	static
../drivers/fsl_i3c.c:1370:6:I3C_MasterGetIBIRules	24	static
../drivers/fsl_i3c.c:1399:10:I3C_MasterReceive	48	static
../drivers/fsl_i3c.c:1513:10:I3C_MasterSend	40	static
../drivers/fsl_i3c.c:1595:10:I3C_MasterProcessDAASpecifiedBaudrate	88	static
../drivers/fsl_i3c.c:1736:20:I3C_MasterGetDeviceListAfterDAA	24	static
../drivers/fsl_i3c.c:1753:6:I3C_MasterClearDeviceCount	16	static
../drivers/fsl_i3c.c:1765:13:I3C_MasterClearFlagsAndEnableIRQ	16	static
../drivers/fsl_i3c.c:1783:13:I3C_MasterTransferNoStartFlag	24	static
../drivers/fsl_i3c.c:1817:10:I3C_MasterTransferBlocking	40	static
../drivers/fsl_i3c.c:2037:6:I3C_MasterTransferCreateHandle	32	static
../drivers/fsl_i3c.c:2077:13:I3C_TransferStateMachineIBIWonState	40	static
../drivers/fsl_i3c.c:2123:13:I3C_TransferStateMachineSendCommandState	24	static
../drivers/fsl_i3c.c:2178:13:I3C_TransferStateMachineWaitRepeatedStartCompleteState	32	static
../drivers/fsl_i3c.c:2206:13:I3C_TransferStateMachineTransferDataState	32	static
../drivers/fsl_i3c.c:2270:13:I3C_TransferStateMachineWaitForCompletionState	16	static
../drivers/fsl_i3c.c:2284:13:I3C_TransferStateMachineStopState	24	static
../drivers/fsl_i3c.c:2309:17:I3C_RunTransferStateMachine	56	static
../drivers/fsl_i3c.c:2409:17:I3C_InitTransferStateMachine	40	static
../drivers/fsl_i3c.c:2520:10:I3C_MasterTransferNonBlocking	40	static
../drivers/fsl_i3c.c:2593:10:I3C_MasterTransferGetCount	40	static
../drivers/fsl_i3c.c:2655:6:I3C_MasterTransferAbort	16	static
../drivers/fsl_i3c.c:2680:6:I3C_MasterTransferHandleIRQ	40	static
../drivers/fsl_i3c.c:2744:6:I3C_SlaveGetDefaultConfig	16	static
../drivers/fsl_i3c.c:2786:6:I3C_SlaveInit	40	static
../drivers/fsl_i3c.c:2892:6:I3C_SlaveDeinit	24	static
../drivers/fsl_i3c.c:2916:28:I3C_SlaveGetActivityState	24	static
../drivers/fsl_i3c.c:2950:6:I3C_SlaveRequestEvent	24	static
../drivers/fsl_i3c.c:2968:6:I3C_SlaveRequestIBIWithSingleData	32	static
../drivers/fsl_i3c.c:2985:6:I3C_SlaveRequestIBIWithData	32	static
../drivers/fsl_i3c.c:3046:10:I3C_SlaveSend	32	static
../drivers/fsl_i3c.c:3085:10:I3C_SlaveReceive	32	static
../drivers/fsl_i3c.c:3146:6:I3C_SlaveTransferCreateHandle	32	static
../drivers/fsl_i3c.c:3204:10:I3C_SlaveTransferNonBlocking	24	static
../drivers/fsl_i3c.c:3241:10:I3C_SlaveTransferGetCount	24	static
../drivers/fsl_i3c.c:3271:6:I3C_SlaveTransferAbort	16	static
../drivers/fsl_i3c.c:3289:13:I3C_SlaveTransferHandleGetStatusFlags	32	static
../drivers/fsl_i3c.c:3316:13:I3C_SlaveTransferHandleBusStart	24	static
../drivers/fsl_i3c.c:3324:13:I3C_SlaveTransferHandleEventSent	24	static
../drivers/fsl_i3c.c:3333:13:I3C_SlaveTransferHandleReceivedCCC	24	static
../drivers/fsl_i3c.c:3343:13:I3C_SlaveTransferHandleBusStop	24	static
../drivers/fsl_i3c.c:3377:13:I3C_SlaveTransferHandleMatched	24	static
../drivers/fsl_i3c.c:3388:13:I3C_SlaveTransferHandleTxReady	24	static
../drivers/fsl_i3c.c:3437:13:I3C_SlaveTransferHandleRxReady	24	static
../drivers/fsl_i3c.c:3474:6:I3C_SlaveTransferHandleIRQ	40	static
../drivers/fsl_i3c.c:3540:13:I3C_CommonIRQHandler	16	static
../drivers/fsl_i3c.c:3570:6:I3C0_DriverIRQHandler	8	static
../drivers/fsl_i3c.c:3579:6:I3C1_DriverIRQHandler	8	static
