/Users/ramseymcgrath/code/embedded/mcuxpresso_workspace/SR71_Proxy/CMSIS/core_cm33.h:2358:22:__NVIC_EnableIRQ	16	static
/Users/ramseymcgrath/code/embedded/mcuxpresso_workspace/SR71_Proxy/CMSIS/core_cm33.h:2449:22:__NVIC_ClearPendingIRQ	16	static
../drivers/fsl_clock.h:1489:20:CLOCK_EnableClock	24	static
../drivers/fsl_common_arm.h:667:24:EnableIRQ	24	static
../drivers/fsl_flexio.h:554:20:FLEXIO_EnableShifterStatusInterrupts	16	static
../drivers/fsl_flexio.h:567:20:FLEXIO_DisableShifterStatusInterrupts	16	static
../drivers/fsl_flexio.h:637:24:FLEXIO_GetShifterStatusFlags	16	static
../drivers/fsl_flexio.h:650:20:FLEXIO_ClearShifterStatusFlags	16	static
../drivers/fsl_flexio.h:720:20:FLEXIO_EnableShifterStatusDMA	24	static
../drivers/fsl_flexio_spi.h:491:20:FLEXIO_SPI_WriteData	24	static
../drivers/fsl_flexio_spi.h:513:24:FLEXIO_SPI_ReadData	16	static
../drivers/fsl_flexio_spi.h:683:20:FLEXIO_SPI_SlaveTransferAbort	16	static
../drivers/fsl_flexio_spi.c:63:17:FLEXIO_SPI_GetInstance	16	static
../drivers/fsl_flexio_spi.c:68:13:FLEXIO_SPI_TransferSendTransaction	24	static
../drivers/fsl_flexio_spi.c:128:13:FLEXIO_SPI_TransferReceiveTransaction	24	static
../drivers/fsl_flexio_spi.c:223:6:FLEXIO_SPI_MasterInit	88	static
../drivers/fsl_flexio_spi.c:350:6:FLEXIO_SPI_MasterDeinit	16	static
../drivers/fsl_flexio_spi.c:374:6:FLEXIO_SPI_MasterGetDefaultConfig	16	static
../drivers/fsl_flexio_spi.c:430:6:FLEXIO_SPI_SlaveInit	72	static
../drivers/fsl_flexio_spi.c:535:6:FLEXIO_SPI_SlaveDeinit	16	static
../drivers/fsl_flexio_spi.c:550:6:FLEXIO_SPI_SlaveGetDefaultConfig	16	static
../drivers/fsl_flexio_spi.c:577:6:FLEXIO_SPI_EnableInterrupts	16	static
../drivers/fsl_flexio_spi.c:599:6:FLEXIO_SPI_DisableInterrupts	16	static
../drivers/fsl_flexio_spi.c:619:6:FLEXIO_SPI_EnableDMA	24	static
../drivers/fsl_flexio_spi.c:641:10:FLEXIO_SPI_GetStatusFlags	24	static
../drivers/fsl_flexio_spi.c:662:6:FLEXIO_SPI_ClearStatusFlags	16	static
../drivers/fsl_flexio_spi.c:681:6:FLEXIO_SPI_MasterSetBaudRate	32	static
../drivers/fsl_flexio_spi.c:710:10:FLEXIO_SPI_WriteBlocking	24	static
../drivers/fsl_flexio_spi.c:759:10:FLEXIO_SPI_ReadBlocking	24	static
../drivers/fsl_flexio_spi.c:805:10:FLEXIO_SPI_MasterTransferBlocking	32	static
../drivers/fsl_flexio_spi.c:1036:10:FLEXIO_SPI_MasterTransferCreateHandle	32	static
../drivers/fsl_flexio_spi.c:1074:10:FLEXIO_SPI_MasterTransferNonBlocking	40	static
../drivers/fsl_flexio_spi.c:1250:10:FLEXIO_SPI_MasterTransferGetCount	24	static
../drivers/fsl_flexio_spi.c:1278:6:FLEXIO_SPI_MasterTransferAbort	16	static
../drivers/fsl_flexio_spi.c:1299:6:FLEXIO_SPI_MasterTransferHandleIRQ	40	static
../drivers/fsl_flexio_spi.c:1355:10:FLEXIO_SPI_SlaveTransferCreateHandle	32	static
../drivers/fsl_flexio_spi.c:1393:10:FLEXIO_SPI_SlaveTransferNonBlocking	32	static
../drivers/fsl_flexio_spi.c:1514:6:FLEXIO_SPI_SlaveTransferHandleIRQ	40	static
../drivers/fsl_flexio_spi.c:1558:6:FLEXIO_SPI_FlushShifters	16	static
