/Users/ramseymcgrath/code/embedded/mcuxpresso_workspace/SR71_Proxy/CMSIS/core_cm33.h:2358:22:__NVIC_EnableIRQ	16	static
/Users/ramseymcgrath/code/embedded/mcuxpresso_workspace/SR71_Proxy/CMSIS/core_cm33.h:2449:22:__NVIC_ClearPendingIRQ	16	static
../drivers/fsl_clock.h:1489:20:CLOCK_EnableClock	24	static
../drivers/fsl_clock.h:1515:20:CLOCK_DisableClock	24	static
../drivers/fsl_common_arm.h:667:24:EnableIRQ	24	static
../drivers/fsl_flexio.h:425:20:FLEXIO_Enable	16	static
../drivers/fsl_flexio.h:805:20:FLEXIO_ClearPortOutput	16	static
../drivers/fsl_flexio.h:816:20:FLEXIO_SetPortOutput	16	static
../drivers/fsl_flexio.h:841:20:FLEXIO_PinWrite	24	static
../drivers/fsl_flexio.h:859:20:FLEXIO_EnablePinOutput	16	static
../drivers/fsl_flexio.c:66:10:FLEXIO_GetInstance	24	static
../drivers/fsl_flexio.c:102:6:FLEXIO_Init	24	static
../drivers/fsl_flexio.c:135:6:FLEXIO_Deinit	16	static
../drivers/fsl_flexio.c:155:6:FLEXIO_GetDefaultConfig	16	static
../drivers/fsl_flexio.c:173:6:FLEXIO_Reset	16	static
../drivers/fsl_flexio.c:188:10:FLEXIO_GetShifterBufferAddress	24	static
../drivers/fsl_flexio.c:262:6:FLEXIO_SetShifterConfig	24	static
../drivers/fsl_flexio.c:307:6:FLEXIO_SetTimerConfig	24	static
../drivers/fsl_flexio.c:333:10:FLEXIO_RegisterHandleIRQ	32	static
../drivers/fsl_flexio.c:371:10:FLEXIO_UnregisterHandleIRQ	24	static
../drivers/fsl_flexio.c:400:13:FLEXIO_CommonIRQHandler	16	static
../drivers/fsl_flexio.c:442:6:FLEXIO_SetPinConfig	32	static
../drivers/fsl_flexio.c:482:6:FLEXIO_DriverIRQHandler	8	static
../drivers/fsl_flexio.c:488:6:FLEXIO0_DriverIRQHandler	8	static
../drivers/fsl_flexio.c:494:6:FLEXIO1_DriverIRQHandler	8	static
../drivers/fsl_flexio.c:500:6:UART2_FLEXIO_DriverIRQHandler	8	static
../drivers/fsl_flexio.c:506:6:FLEXIO2_DriverIRQHandler	8	static
../drivers/fsl_flexio.c:512:6:FLEXIO3_DriverIRQHandler	8	static
