../azure-rtos/netxduo/addons/pop3/nxd_pop3_client.c:117:7:_nxe_pop3_client_create	48	static
../azure-rtos/netxduo/addons/pop3/nxd_pop3_client.c:214:7:_nx_pop3_client_create	64	static
../azure-rtos/netxduo/addons/pop3/nxd_pop3_client.c:299:7:_nxde_pop3_client_create	48	static
../azure-rtos/netxduo/addons/pop3/nxd_pop3_client.c:387:7:_nxd_pop3_client_create	64	static
../azure-rtos/netxduo/addons/pop3/nxd_pop3_client.c:485:7:_nxe_pop3_client_delete	24	static
../azure-rtos/netxduo/addons/pop3/nxd_pop3_client.c:549:7:_nx_pop3_client_delete	16	static
../azure-rtos/netxduo/addons/pop3/nxd_pop3_client.c:617:6:_nxe_pop3_client_mail_items_get	32	static
../azure-rtos/netxduo/addons/pop3/nxd_pop3_client.c:686:6:_nx_pop3_client_mail_items_get	72	static
../azure-rtos/netxduo/addons/pop3/nxd_pop3_client.c:873:6:_nxe_pop3_client_mail_item_size_get	32	static
../azure-rtos/netxduo/addons/pop3/nxd_pop3_client.c:953:6:_nx_pop3_client_mail_item_size_get	80	static
../azure-rtos/netxduo/addons/pop3/nxd_pop3_client.c:1155:6:_nxe_pop3_client_mail_item_get	32	static
../azure-rtos/netxduo/addons/pop3/nxd_pop3_client.c:1231:6:_nx_pop3_client_mail_item_get	80	static
../azure-rtos/netxduo/addons/pop3/nxd_pop3_client.c:1454:6:_nxe_pop3_client_mail_item_message_get	32	static
../azure-rtos/netxduo/addons/pop3/nxd_pop3_client.c:1526:6:_nx_pop3_client_mail_item_message_get	40	static
../azure-rtos/netxduo/addons/pop3/nxd_pop3_client.c:1648:6:_nxe_pop3_client_mail_item_delete	24	static
../azure-rtos/netxduo/addons/pop3/nxd_pop3_client.c:1726:6:_nx_pop3_client_mail_item_delete	72	static
../azure-rtos/netxduo/addons/pop3/nxd_pop3_client.c:1891:6:_nxe_pop3_client_quit	24	static
../azure-rtos/netxduo/addons/pop3/nxd_pop3_client.c:1952:7:_nx_pop3_client_quit	64	static
../azure-rtos/netxduo/addons/pop3/nxd_pop3_client.c:2109:7:_nx_pop3_digest_authenticate	40	static
../azure-rtos/netxduo/addons/pop3/nxd_pop3_client.c:2174:6:_nx_pop3_parse_process_id	40	static
../azure-rtos/netxduo/addons/pop3/nxd_pop3_client.c:2282:7:_nx_pop3_parse_response	40	static
../azure-rtos/netxduo/addons/pop3/nxd_pop3_client.c:2468:7:_nx_pop3_hex_ascii_convert	40	static
../azure-rtos/netxduo/addons/pop3/nxd_pop3_client.c:2550:7:_nx_pop3_server_number_convert	32	static
../azure-rtos/netxduo/addons/pop3/nxd_pop3_client.c:2665:6:_nxd_pop3_client_connect	64	static
../azure-rtos/netxduo/addons/pop3/nxd_pop3_client.c:2824:6:_nx_pop3_client_apop	224	static
../azure-rtos/netxduo/addons/pop3/nxd_pop3_client.c:3051:6:_nx_pop3_client_user_pass	80	static
