../azure-rtos/netxduo/addons/http/nxd_http_client.c:94:7:_nxe_http_client_create	40	static
../azure-rtos/netxduo/addons/http/nxd_http_client.c:168:7:_nx_http_client_create	56	static
../azure-rtos/netxduo/addons/http/nxd_http_client.c:254:7:_nxe_http_client_delete	24	static
../azure-rtos/netxduo/addons/http/nxd_http_client.c:316:7:_nx_http_client_delete	16	static
../azure-rtos/netxduo/addons/http/nxd_http_client.c:389:7:_nxe_http_client_set_connect_port	24	static
../azure-rtos/netxduo/addons/http/nxd_http_client.c:455:7:_nx_http_client_set_connect_port	16	static
../azure-rtos/netxduo/addons/http/nxd_http_client.c:511:7:_nxe_http_client_get_start	48	static
../azure-rtos/netxduo/addons/http/nxd_http_client.c:596:7:_nxe_http_client_get_start_extended	64	static
../azure-rtos/netxduo/addons/http/nxd_http_client.c:686:7:_nx_http_client_get_start	64	static
../azure-rtos/netxduo/addons/http/nxd_http_client.c:773:7:_nx_http_client_get_start_extended	80	static
../azure-rtos/netxduo/addons/http/nxd_http_client.c:858:7:_nxde_http_client_get_start	48	static
../azure-rtos/netxduo/addons/http/nxd_http_client.c:933:7:_nxde_http_client_get_start_extended	64	static
../azure-rtos/netxduo/addons/http/nxd_http_client.c:1009:7:_nxd_http_client_get_start	72	static
../azure-rtos/netxduo/addons/http/nxd_http_client.c:1123:7:_nxd_http_client_get_start_extended	192	static
../azure-rtos/netxduo/addons/http/nxd_http_client.c:1532:7:_nxe_http_client_get_packet	32	static
../azure-rtos/netxduo/addons/http/nxd_http_client.c:1599:7:_nx_http_client_get_packet	32	static
../azure-rtos/netxduo/addons/http/nxd_http_client.c:1743:7:_nxe_http_client_put_start	48	static
../azure-rtos/netxduo/addons/http/nxd_http_client.c:1835:7:_nxe_http_client_put_start_extended	56	static
../azure-rtos/netxduo/addons/http/nxd_http_client.c:1929:7:_nx_http_client_put_start	64	static
../azure-rtos/netxduo/addons/http/nxd_http_client.c:2015:7:_nx_http_client_put_start_extended	72	static
../azure-rtos/netxduo/addons/http/nxd_http_client.c:2097:7:_nxde_http_client_put_start	48	static
../azure-rtos/netxduo/addons/http/nxd_http_client.c:2175:7:_nxde_http_client_put_start_extended	56	static
../azure-rtos/netxduo/addons/http/nxd_http_client.c:2255:7:_nxd_http_client_put_start	64	static
../azure-rtos/netxduo/addons/http/nxd_http_client.c:2364:7:_nxd_http_client_put_start_extended	176	static
../azure-rtos/netxduo/addons/http/nxd_http_client.c:2638:7:_nxe_http_client_put_packet	32	static
../azure-rtos/netxduo/addons/http/nxd_http_client.c:2715:7:_nx_http_client_put_packet	40	static
../azure-rtos/netxduo/addons/http/nxd_http_client.c:2903:7:_nx_http_client_type_get	24	static
../azure-rtos/netxduo/addons/http/nxd_http_client.c:3083:7:_nx_http_client_content_length_get	32	static
../azure-rtos/netxduo/addons/http/nxd_http_client.c:3213:7:_nx_http_client_calculate_content_offset	24	static
../azure-rtos/netxduo/addons/http/nxd_http_client.c:3297:7:_nx_http_client_number_convert	32	static
