../azure-rtos/netxduo/addons/http/nxd_http_server.c:118:7:_nxe_http_server_content_get	40	static
../azure-rtos/netxduo/addons/http/nxd_http_server.c:190:7:_nx_http_server_content_get	56	static
../azure-rtos/netxduo/addons/http/nxd_http_server.c:394:7:_nxe_http_server_packet_content_find	24	static
../azure-rtos/netxduo/addons/http/nxd_http_server.c:458:7:_nx_http_server_packet_content_find	32	static
../azure-rtos/netxduo/addons/http/nxd_http_server.c:539:7:_nxe_http_server_packet_get	16	static
../azure-rtos/netxduo/addons/http/nxd_http_server.c:597:6:_nx_http_server_packet_get	24	static
../azure-rtos/netxduo/addons/http/nxd_http_server.c:661:7:_nxe_http_server_content_length_get	24	static
../azure-rtos/netxduo/addons/http/nxd_http_server.c:720:7:_nx_http_server_content_length_get	24	static
../azure-rtos/netxduo/addons/http/nxd_http_server.c:835:7:_nxe_http_server_content_get_extended	40	static
../azure-rtos/netxduo/addons/http/nxd_http_server.c:918:7:_nx_http_server_content_get_extended	56	static
../azure-rtos/netxduo/addons/http/nxd_http_server.c:1135:7:_nxe_http_server_content_length_get_extended	24	static
../azure-rtos/netxduo/addons/http/nxd_http_server.c:1198:7:_nx_http_server_content_length_get_extended	24	static
../azure-rtos/netxduo/addons/http/nxd_http_server.c:1318:7:_nxe_http_server_create	56	static
../azure-rtos/netxduo/addons/http/nxd_http_server.c:1406:7:_nx_http_server_create	64	static
../azure-rtos/netxduo/addons/http/nxd_http_server.c:1514:7:_nxe_http_server_delete	24	static
../azure-rtos/netxduo/addons/http/nxd_http_server.c:1585:7:_nx_http_server_delete	16	static
../azure-rtos/netxduo/addons/http/nxd_http_server.c:1659:7:_nxe_http_server_param_get	32	static
../azure-rtos/netxduo/addons/http/nxd_http_server.c:1725:7:_nx_http_server_param_get	40	static
../azure-rtos/netxduo/addons/http/nxd_http_server.c:1878:7:_nxe_http_server_query_get	32	static
../azure-rtos/netxduo/addons/http/nxd_http_server.c:1944:7:_nx_http_server_query_get	40	static
../azure-rtos/netxduo/addons/http/nxd_http_server.c:2093:7:_nxe_http_server_start	24	static
../azure-rtos/netxduo/addons/http/nxd_http_server.c:2153:7:_nx_http_server_start	32	static
../azure-rtos/netxduo/addons/http/nxd_http_server.c:2221:7:_nxe_http_server_stop	24	static
../azure-rtos/netxduo/addons/http/nxd_http_server.c:2288:7:_nx_http_server_stop	16	static
../azure-rtos/netxduo/addons/http/nxd_http_server.c:2345:7:_nx_http_server_disconnect	16	static
../azure-rtos/netxduo/addons/http/nxd_http_server.c:2415:7:_nxe_http_server_callback_data_send	32	static
../azure-rtos/netxduo/addons/http/nxd_http_server.c:2482:7:_nx_http_server_callback_data_send	40	static
../azure-rtos/netxduo/addons/http/nxd_http_server.c:2585:7:_nxe_http_server_callback_response_send	32	static
../azure-rtos/netxduo/addons/http/nxd_http_server.c:2653:7:_nx_http_server_callback_response_send	56	static
../azure-rtos/netxduo/addons/http/nxd_http_server.c:2726:7:_nxe_http_server_callback_response_send_extended	48	static
../azure-rtos/netxduo/addons/http/nxd_http_server.c:2804:7:_nx_http_server_callback_response_send_extended	56	static
../azure-rtos/netxduo/addons/http/nxd_http_server.c:2879:7:_nx_http_server_connection_present	24	static
../azure-rtos/netxduo/addons/http/nxd_http_server.c:2952:7:_nx_http_server_thread_entry	56	static
../azure-rtos/netxduo/addons/http/nxd_http_server.c:3217:7:_nx_http_server_get_client_request	64	static
../azure-rtos/netxduo/addons/http/nxd_http_server.c:3464:7:_nx_http_server_get_process	216	static
../azure-rtos/netxduo/addons/http/nxd_http_server.c:3918:7:_nx_http_server_put_process	136	static
../azure-rtos/netxduo/addons/http/nxd_http_server.c:4337:7:_nx_http_server_delete_process	120	static
../azure-rtos/netxduo/addons/http/nxd_http_server.c:4556:6:_nxe_http_server_invalid_userpassword_notify_set	24	static
../azure-rtos/netxduo/addons/http/nxd_http_server.c:4617:6:_nx_http_server_invalid_userpassword_notify_set	16	static
../azure-rtos/netxduo/addons/http/nxd_http_server.c:4685:7:_nx_http_server_response_send	64	static
../azure-rtos/netxduo/addons/http/nxd_http_server.c:4829:7:_nx_http_server_basic_authenticate	72	static
../azure-rtos/netxduo/addons/http/nxd_http_server.c:5041:7:_nx_http_server_retrieve_basic_authorization	32	static
../azure-rtos/netxduo/addons/http/nxd_http_server.c:5215:7:_nx_http_server_retrieve_resource	32	static
../azure-rtos/netxduo/addons/http/nxd_http_server.c:5400:7:_nx_http_server_calculate_content_offset	24	static
../azure-rtos/netxduo/addons/http/nxd_http_server.c:5483:7:_nxe_http_server_type_get	24	static
../azure-rtos/netxduo/addons/http/nxd_http_server.c:5537:7:_nx_http_server_type_get	40	static
../azure-rtos/netxduo/addons/http/nxd_http_server.c:5595:7:_nxe_http_server_type_get_extended	40	static
../azure-rtos/netxduo/addons/http/nxd_http_server.c:5662:7:_nx_http_server_type_get_extended	48	static
../azure-rtos/netxduo/addons/http/nxd_http_server.c:6905:7:_nxe_http_server_get_entity_header	24	static
../azure-rtos/netxduo/addons/http/nxd_http_server.c:6981:7:_nx_http_server_get_entity_header	24	static
../azure-rtos/netxduo/addons/http/nxd_http_server.c:7315:7:_nxe_http_server_get_entity_content	24	static
../azure-rtos/netxduo/addons/http/nxd_http_server.c:7382:7:_nx_http_server_get_entity_content	24	static
../azure-rtos/netxduo/addons/http/nxd_http_server.c:7714:7:_nx_http_server_match_string	40	static
../azure-rtos/netxduo/addons/http/nxd_http_server.c:7843:7:_nx_http_server_field_value_get	32	static
../azure-rtos/netxduo/addons/http/nxd_http_server.c:7959:7:_nx_http_server_memicmp	32	static
../azure-rtos/netxduo/addons/http/nxd_http_server.c:8059:7:_nx_http_server_generate_response_header	96	static
../azure-rtos/netxduo/addons/http/nxd_http_server.c:8297:7:_nxe_http_server_callback_generate_response_header	40	static
../azure-rtos/netxduo/addons/http/nxd_http_server.c:8364:7:_nxe_http_server_callback_generate_response_header_extended	56	static
../azure-rtos/netxduo/addons/http/nxd_http_server.c:8430:7:_nx_http_server_callback_generate_response_header	64	static
../azure-rtos/netxduo/addons/http/nxd_http_server.c:8508:7:_nx_http_server_callback_generate_response_header_extended	64	static
../azure-rtos/netxduo/addons/http/nxd_http_server.c:8579:7:_nxe_http_server_callback_packet_send	16	static
../azure-rtos/netxduo/addons/http/nxd_http_server.c:8630:7:_nx_http_server_callback_packet_send	16	static
../azure-rtos/netxduo/addons/http/nxd_http_server.c:8679:7:_nxe_http_server_gmt_callback_set	16	static
../azure-rtos/netxduo/addons/http/nxd_http_server.c:8731:7:_nx_http_server_gmt_callback_set	32	static
../azure-rtos/netxduo/addons/http/nxd_http_server.c:8790:7:_nxe_http_server_cache_info_callback_set	16	static
../azure-rtos/netxduo/addons/http/nxd_http_server.c:8845:7:_nx_http_server_cache_info_callback_set	32	static
../azure-rtos/netxduo/addons/http/nxd_http_server.c:8904:7:_nx_http_server_date_to_string	24	static
../azure-rtos/netxduo/addons/http/nxd_http_server.c:8995:7:_nx_http_server_date_convert	32	static
../azure-rtos/netxduo/addons/http/nxd_http_server.c:9062:7:_nxe_http_server_mime_maps_additional_set	24	static
../azure-rtos/netxduo/addons/http/nxd_http_server.c:9114:7:_nx_http_server_mime_maps_additional_set	40	static
../azure-rtos/netxduo/addons/http/nxd_http_server.c:9176:6:_nxe_http_server_digest_authenticate_notify_set	16	static
../azure-rtos/netxduo/addons/http/nxd_http_server.c:9239:6:_nx_http_server_digest_authenticate_notify_set	16	static
../azure-rtos/netxduo/addons/http/nxd_http_server.c:9302:7:_nxe_http_server_authentication_check_set	24	static
../azure-rtos/netxduo/addons/http/nxd_http_server.c:9370:7:_nx_http_server_authentication_check_set	16	static
