../usb/device/source/ehci/usb_device_ehci.c:147:13:USB_DeviceEhciSetDefaultState	32	static
../usb/device/source/ehci/usb_device_ehci.c:235:21:USB_DeviceEhciEndpointInit	32	static
../usb/device/source/ehci/usb_device_ehci.c:327:21:USB_DeviceEhciEndpointDeinit	24	static
../usb/device/source/ehci/usb_device_ehci.c:383:21:USB_DeviceEhciEndpointStall	24	static
../usb/device/source/ehci/usb_device_ehci.c:433:21:USB_DeviceEhciEndpointUnstall	24	static
../usb/device/source/ehci/usb_device_ehci.c:472:13:USB_DeviceEhciFillSetupBuffer	24	static
../usb/device/source/ehci/usb_device_ehci.c:509:13:USB_DeviceEhciCancelControlPipe	48	static
../usb/device/source/ehci/usb_device_ehci.c:617:13:USB_DeviceEhciInterruptTokenDone	56	static
../usb/device/source/ehci/usb_device_ehci.c:853:13:USB_DeviceEhciInterruptPortChange	32	static
../usb/device/source/ehci/usb_device_ehci.c:911:13:USB_DeviceEhciInterruptReset	32	static
../usb/device/source/ehci/usb_device_ehci.c:1045:21:USB_DeviceEhciTransfer	80	static
../usb/device/source/ehci/usb_device_ehci.c:1276:14:USB_EhciGetValidEhciState	24	static
../usb/device/source/ehci/usb_device_ehci.c:1374:21:USB_DeviceEhciNotification	24	static
../usb/device/source/ehci/usb_device_ehci.c:1414:14:USB_DeviceEhciInit	48	static
../usb/device/source/ehci/usb_device_ehci.c:1592:14:USB_DeviceEhciDeinit	24	static
../usb/device/source/ehci/usb_device_ehci.c:1660:14:USB_DeviceEhciSend	24	static
../usb/device/source/ehci/usb_device_ehci.c:1692:14:USB_DeviceEhciRecv	24	static
../usb/device/source/ehci/usb_device_ehci.c:1714:14:USB_DeviceEhciCancel	56	static
../usb/device/source/ehci/usb_device_ehci.c:1875:14:USB_DeviceEhciControl	48	static
../usb/device/source/ehci/usb_device_ehci.c:2298:6:USB_DeviceEhciIsrFunction	32	static
