../azure-rtos/netxduo/addons/rtsp/nx_rtsp_server.c:174:6:_nxe_rtsp_server_create	56	static
../azure-rtos/netxduo/addons/rtsp/nx_rtsp_server.c:249:6:_nx_rtsp_server_create	64	static
../azure-rtos/netxduo/addons/rtsp/nx_rtsp_server.c:358:6:_nxe_rtsp_server_delete	24	static
../azure-rtos/netxduo/addons/rtsp/nx_rtsp_server.c:418:6:_nx_rtsp_server_delete	16	static
../azure-rtos/netxduo/addons/rtsp/nx_rtsp_server.c:483:6:_nxe_rtsp_server_start	24	static
../azure-rtos/netxduo/addons/rtsp/nx_rtsp_server.c:543:6:_nx_rtsp_server_start	56	static
../azure-rtos/netxduo/addons/rtsp/nx_rtsp_server.c:665:6:_nxe_rtsp_server_stop	24	static
../azure-rtos/netxduo/addons/rtsp/nx_rtsp_server.c:725:6:_nx_rtsp_server_stop	24	static
../azure-rtos/netxduo/addons/rtsp/nx_rtsp_server.c:823:6:_nxe_rtsp_server_sdp_set	32	static
../azure-rtos/netxduo/addons/rtsp/nx_rtsp_server.c:884:6:_nx_rtsp_server_sdp_set	56	static
../azure-rtos/netxduo/addons/rtsp/nx_rtsp_server.c:970:6:_nxe_rtsp_server_rtp_info_set	40	static
../azure-rtos/netxduo/addons/rtsp/nx_rtsp_server.c:1033:6:_nx_rtsp_server_rtp_info_set	56	static
../azure-rtos/netxduo/addons/rtsp/nx_rtsp_server.c:1120:6:_nxe_rtsp_server_range_npt_set	32	static
../azure-rtos/netxduo/addons/rtsp/nx_rtsp_server.c:1181:6:_nx_rtsp_server_range_npt_set	24	static
../azure-rtos/netxduo/addons/rtsp/nx_rtsp_server.c:1242:6:_nxe_rtsp_server_error_response_send	24	static
../azure-rtos/netxduo/addons/rtsp/nx_rtsp_server.c:1303:6:_nx_rtsp_server_error_response_send	56	static
../azure-rtos/netxduo/addons/rtsp/nx_rtsp_server.c:1432:6:_nxe_rtsp_server_keepalive_update	24	static
../azure-rtos/netxduo/addons/rtsp/nx_rtsp_server.c:1489:6:_nx_rtsp_server_keepalive_update	16	static
../azure-rtos/netxduo/addons/rtsp/nx_rtsp_server.c:1539:6:_nxe_rtsp_server_describe_callback_set	24	static
../azure-rtos/netxduo/addons/rtsp/nx_rtsp_server.c:1597:6:_nx_rtsp_server_describe_callback_set	16	static
../azure-rtos/netxduo/addons/rtsp/nx_rtsp_server.c:1645:6:_nxe_rtsp_server_setup_callback_set	24	static
../azure-rtos/netxduo/addons/rtsp/nx_rtsp_server.c:1703:6:_nx_rtsp_server_setup_callback_set	16	static
../azure-rtos/netxduo/addons/rtsp/nx_rtsp_server.c:1751:6:_nxe_rtsp_server_play_callback_set	24	static
../azure-rtos/netxduo/addons/rtsp/nx_rtsp_server.c:1809:6:_nx_rtsp_server_play_callback_set	16	static
../azure-rtos/netxduo/addons/rtsp/nx_rtsp_server.c:1857:6:_nxe_rtsp_server_teardown_callback_set	24	static
../azure-rtos/netxduo/addons/rtsp/nx_rtsp_server.c:1915:6:_nx_rtsp_server_teardown_callback_set	16	static
../azure-rtos/netxduo/addons/rtsp/nx_rtsp_server.c:1963:6:_nxe_rtsp_server_pause_callback_set	24	static
../azure-rtos/netxduo/addons/rtsp/nx_rtsp_server.c:2021:6:_nx_rtsp_server_pause_callback_set	16	static
../azure-rtos/netxduo/addons/rtsp/nx_rtsp_server.c:2071:6:_nxe_rtsp_server_set_parameter_callback_set	24	static
../azure-rtos/netxduo/addons/rtsp/nx_rtsp_server.c:2130:6:_nx_rtsp_server_set_parameter_callback_set	16	static
../azure-rtos/netxduo/addons/rtsp/nx_rtsp_server.c:2181:13:_nx_rtsp_server_thread_entry	40	static
../azure-rtos/netxduo/addons/rtsp/nx_rtsp_server.c:2284:13:_nx_rtsp_server_request_receive	72	static
../azure-rtos/netxduo/addons/rtsp/nx_rtsp_server.c:2543:13:_nx_rtsp_server_request_parse	40	static
../azure-rtos/netxduo/addons/rtsp/nx_rtsp_server.c:2650:13:_nx_rtsp_server_request_line_parse	40	static
../azure-rtos/netxduo/addons/rtsp/nx_rtsp_server.c:2868:13:_nx_rtsp_server_request_header_parse	56	static
../azure-rtos/netxduo/addons/rtsp/nx_rtsp_server.c:3191:13:_nx_rtsp_server_memicmp	32	static
../azure-rtos/netxduo/addons/rtsp/nx_rtsp_server.c:3266:15:_nx_rtsp_server_strstr	32	static
../azure-rtos/netxduo/addons/rtsp/nx_rtsp_server.c:3337:13:_nx_rtsp_server_response_create	64	static
../azure-rtos/netxduo/addons/rtsp/nx_rtsp_server.c:3438:13:_nx_rtsp_server_ipv6_address_to_string	48	static
../azure-rtos/netxduo/addons/rtsp/nx_rtsp_server.c:3549:13:_nx_rtsp_server_response_send	96	static
../azure-rtos/netxduo/addons/rtsp/nx_rtsp_server.c:3869:13:_nx_rtsp_server_request_process	72	static
../azure-rtos/netxduo/addons/rtsp/nx_rtsp_server.c:4325:13:_nx_rtsp_server_connect_process	32	static
../azure-rtos/netxduo/addons/rtsp/nx_rtsp_server.c:4448:13:_nx_rtsp_server_disconnect_process	24	static
../azure-rtos/netxduo/addons/rtsp/nx_rtsp_server.c:4513:13:_nx_rtsp_server_timeout_process	24	static
../azure-rtos/netxduo/addons/rtsp/nx_rtsp_server.c:4590:13:_nx_rtsp_server_request_present	24	static
../azure-rtos/netxduo/addons/rtsp/nx_rtsp_server.c:4643:14:_nx_rtsp_server_connect_present	24	static
../azure-rtos/netxduo/addons/rtsp/nx_rtsp_server.c:4696:13:_nx_rtsp_server_disconnect_present	24	static
../azure-rtos/netxduo/addons/rtsp/nx_rtsp_server.c:4747:13:_nx_rtsp_server_timeout	24	static
../azure-rtos/netxduo/addons/rtsp/nx_rtsp_server.c:4799:13:_nx_rtsp_server_disconnect	16	static
