../azure-rtos/netxduo/addons/rtp/nx_rtp_sender.c:113:6:_nxe_rtp_sender_create	40	static
../azure-rtos/netxduo/addons/rtp/nx_rtp_sender.c:186:6:_nx_rtp_sender_create	48	static
../azure-rtos/netxduo/addons/rtp/nx_rtp_sender.c:364:6:_nxe_rtp_sender_delete	24	static
../azure-rtos/netxduo/addons/rtp/nx_rtp_sender.c:423:6:_nx_rtp_sender_delete	16	static
../azure-rtos/netxduo/addons/rtp/nx_rtp_sender.c:492:6:_nxe_rtp_sender_port_get	32	static
../azure-rtos/netxduo/addons/rtp/nx_rtp_sender.c:552:6:_nx_rtp_sender_port_get	24	static
../azure-rtos/netxduo/addons/rtp/nx_rtp_sender.c:609:6:_nxe_rtp_sender_session_create	48	static
../azure-rtos/netxduo/addons/rtp/nx_rtp_sender.c:693:6:_nx_rtp_sender_session_create	24	static
../azure-rtos/netxduo/addons/rtp/nx_rtp_sender.c:814:6:_nxe_rtp_sender_session_delete	24	static
../azure-rtos/netxduo/addons/rtp/nx_rtp_sender.c:873:6:_nx_rtp_sender_session_delete	16	static
../azure-rtos/netxduo/addons/rtp/nx_rtp_sender.c:931:6:_nxe_rtp_sender_rtcp_receiver_report_callback_set	24	static
../azure-rtos/netxduo/addons/rtp/nx_rtp_sender.c:992:6:_nx_rtp_sender_rtcp_receiver_report_callback_set	16	static
../azure-rtos/netxduo/addons/rtp/nx_rtp_sender.c:1039:6:_nxe_rtp_sender_rtcp_sdes_callback_set	24	static
../azure-rtos/netxduo/addons/rtp/nx_rtp_sender.c:1100:6:_nx_rtp_sender_rtcp_sdes_callback_set	16	static
../azure-rtos/netxduo/addons/rtp/nx_rtp_sender.c:1149:6:_nxe_rtp_sender_session_packet_allocate	32	static
../azure-rtos/netxduo/addons/rtp/nx_rtp_sender.c:1208:6:_nx_rtp_sender_session_packet_allocate	32	static
../azure-rtos/netxduo/addons/rtp/nx_rtp_sender.c:1267:6:_nxe_rtp_sender_session_packet_send	40	static
../azure-rtos/netxduo/addons/rtp/nx_rtp_sender.c:1343:6:_nx_rtp_sender_session_packet_send	88	static
../azure-rtos/netxduo/addons/rtp/nx_rtp_sender.c:1593:6:_nxe_rtp_sender_session_sequence_number_get	24	static
../azure-rtos/netxduo/addons/rtp/nx_rtp_sender.c:1650:6:_nx_rtp_sender_session_sequence_number_get	16	static
../azure-rtos/netxduo/addons/rtp/nx_rtp_sender.c:1700:6:_nxe_rtp_sender_session_sample_factor_set	24	static
../azure-rtos/netxduo/addons/rtp/nx_rtp_sender.c:1769:6:_nx_rtp_sender_session_sample_factor_set	16	static
../azure-rtos/netxduo/addons/rtp/nx_rtp_sender.c:1818:6:_nxe_rtp_sender_session_ssrc_get	24	static
../azure-rtos/netxduo/addons/rtp/nx_rtp_sender.c:1875:6:_nx_rtp_sender_session_ssrc_get	16	static
../azure-rtos/netxduo/addons/rtp/nx_rtp_sender.c:1925:6:_nxe_rtp_sender_session_vlan_priority_set	16	static
../azure-rtos/netxduo/addons/rtp/nx_rtp_sender.c:1992:6:_nx_rtp_sender_session_vlan_priority_set	16	static
../azure-rtos/netxduo/addons/rtp/nx_rtp_sender.c:2048:6:_nx_rtp_sender_cleanup	16	static
../azure-rtos/netxduo/addons/rtp/nx_rtp_sender.c:2103:6:_nx_rtp_sender_session_find	32	static
../azure-rtos/netxduo/addons/rtp/nx_rtp_sender.c:2160:6:_nx_rtp_sender_session_link	24	static
../azure-rtos/netxduo/addons/rtp/nx_rtp_sender.c:2227:6:_nx_rtp_sender_session_unlink	24	static
../azure-rtos/netxduo/addons/rtp/nx_rtp_sender.c:2300:6:_nx_rtcp_packet_process	32	static
../azure-rtos/netxduo/addons/rtp/nx_rtp_sender.c:2426:6:_nx_rtcp_packet_rr_process	64	static
../azure-rtos/netxduo/addons/rtp/nx_rtp_sender.c:2528:6:_nx_rtcp_packet_sdes_process	48	static
../azure-rtos/netxduo/addons/rtp/nx_rtp_sender.c:2636:6:_nx_rtcp_sr_data_append	56	static
../azure-rtos/netxduo/addons/rtp/nx_rtp_sender.c:2708:6:_nx_rtcp_sdes_data_append	64	static
../azure-rtos/netxduo/addons/rtp/nx_rtp_sender.c:2843:6:_nx_rtcp_packet_send	48	static
../azure-rtos/netxduo/addons/rtp/nx_rtp_sender.c:2935:6:_nx_rtcp_packet_receive_notify	24	static
../azure-rtos/netxduo/addons/rtp/nx_rtp_sender.c:3010:6:_nxe_rtp_sender_session_jpeg_send	48	static
../azure-rtos/netxduo/addons/rtp/nx_rtp_sender.c:3089:6:_nx_rtp_sender_session_jpeg_send	128	static
../azure-rtos/netxduo/addons/rtp/nx_rtp_sender.c:3539:6:_nxe_rtp_sender_session_h264_send	48	static
../azure-rtos/netxduo/addons/rtp/nx_rtp_sender.c:3622:6:_nx_rtp_sender_session_h264_send	96	static
../azure-rtos/netxduo/addons/rtp/nx_rtp_sender.c:3961:6:_nxe_rtp_sender_session_aac_send	48	static
../azure-rtos/netxduo/addons/rtp/nx_rtp_sender.c:4039:6:_nx_rtp_sender_session_aac_send	64	static
