../azure-rtos/netxduo/addons/telnet/nxd_telnet_server.c:96:7:_nxe_telnet_server_create	48	static
../azure-rtos/netxduo/addons/telnet/nxd_telnet_server.c:180:7:_nx_telnet_server_create	64	static
../azure-rtos/netxduo/addons/telnet/nxd_telnet_server.c:390:7:_nxe_telnet_server_delete	24	static
../azure-rtos/netxduo/addons/telnet/nxd_telnet_server.c:462:7:_nx_telnet_server_delete	24	static
../azure-rtos/netxduo/addons/telnet/nxd_telnet_server.c:567:7:_nxe_telnet_server_disconnect	24	static
../azure-rtos/netxduo/addons/telnet/nxd_telnet_server.c:639:7:_nx_telnet_server_disconnect	32	static
../azure-rtos/netxduo/addons/telnet/nxd_telnet_server.c:758:7:_nxe_telnet_server_packet_send	32	static
../azure-rtos/netxduo/addons/telnet/nxd_telnet_server.c:826:7:_nx_telnet_server_packet_send	32	static
../azure-rtos/netxduo/addons/telnet/nxd_telnet_server.c:892:7:_nxe_telnet_server_start	24	static
../azure-rtos/netxduo/addons/telnet/nxd_telnet_server.c:955:7:_nx_telnet_server_start	32	static
../azure-rtos/netxduo/addons/telnet/nxd_telnet_server.c:1039:7:_nxe_telnet_server_stop	24	static
../azure-rtos/netxduo/addons/telnet/nxd_telnet_server.c:1105:7:_nx_telnet_server_stop	24	static
../azure-rtos/netxduo/addons/telnet/nxd_telnet_server.c:1187:7:_nxe_telnet_server_get_open_connection_count	24	static
../azure-rtos/netxduo/addons/telnet/nxd_telnet_server.c:1248:7:_nx_telnet_server_get_open_connection_count	16	static
../azure-rtos/netxduo/addons/telnet/nxd_telnet_server.c:1304:7:_nx_telnet_server_thread_entry	40	static
../azure-rtos/netxduo/addons/telnet/nxd_telnet_server.c:1418:7:_nx_telnet_server_connect_process	32	static
../azure-rtos/netxduo/addons/telnet/nxd_telnet_server.c:1560:7:_nx_telnet_server_connection_present	24	static
../azure-rtos/netxduo/addons/telnet/nxd_telnet_server.c:1616:7:_nx_telnet_server_disconnect_present	24	static
../azure-rtos/netxduo/addons/telnet/nxd_telnet_server.c:1672:7:_nx_telnet_server_disconnect_process	32	static
../azure-rtos/netxduo/addons/telnet/nxd_telnet_server.c:1812:7:_nx_telnet_server_data_present	24	static
../azure-rtos/netxduo/addons/telnet/nxd_telnet_server.c:1867:7:_nx_telnet_server_data_process	40	static
../azure-rtos/netxduo/addons/telnet/nxd_telnet_server.c:2067:7:_nx_telnet_server_timeout	24	static
../azure-rtos/netxduo/addons/telnet/nxd_telnet_server.c:2125:7:_nx_telnet_server_timeout_processing	24	static
../azure-rtos/netxduo/addons/telnet/nxd_telnet_server.c:2350:6:_nx_telnet_server_create_option_packet	16	static
../azure-rtos/netxduo/addons/telnet/nxd_telnet_server.c:2411:6:_nx_telnet_server_send_option_requests	56	static
../azure-rtos/netxduo/addons/telnet/nxd_telnet_server.c:2547:6:_nx_telnet_server_process_option	32	static
