../azure-rtos/netxduo/addons/tftp/nxd_tftp_server.c:93:7:_nxde_tftp_server_create	48	static
../azure-rtos/netxduo/addons/tftp/nxd_tftp_server.c:186:7:_nxd_tftp_server_create	64	static
../azure-rtos/netxduo/addons/tftp/nxd_tftp_server.c:360:7:_nxde_tftp_server_delete	24	static
../azure-rtos/netxduo/addons/tftp/nxd_tftp_server.c:429:7:_nxd_tftp_server_delete	24	static
../azure-rtos/netxduo/addons/tftp/nxd_tftp_server.c:553:7:_nxde_tftp_server_start	24	static
../azure-rtos/netxduo/addons/tftp/nxd_tftp_server.c:612:7:_nxd_tftp_server_start	16	static
../azure-rtos/netxduo/addons/tftp/nxd_tftp_server.c:669:7:_nxde_tftp_server_stop	24	static
../azure-rtos/netxduo/addons/tftp/nxd_tftp_server.c:731:7:_nxd_tftp_server_stop	16	static
../azure-rtos/netxduo/addons/tftp/nxd_tftp_server.c:787:7:_nx_tftp_server_data_present	24	static
../azure-rtos/netxduo/addons/tftp/nxd_tftp_server.c:1022:7:_nx_tftp_server_thread_entry	40	static
../azure-rtos/netxduo/addons/tftp/nxd_tftp_server.c:1123:6:_nx_tftp_server_process_received_data	40	static
../azure-rtos/netxduo/addons/tftp/nxd_tftp_server.c:1286:7:_nx_tftp_server_open_for_read_process	96	static
../azure-rtos/netxduo/addons/tftp/nxd_tftp_server.c:1617:7:_nx_tftp_server_open_for_write_process	72	static
../azure-rtos/netxduo/addons/tftp/nxd_tftp_server.c:1889:7:_nx_tftp_server_data_process	72	static
../azure-rtos/netxduo/addons/tftp/nxd_tftp_server.c:2143:7:_nx_tftp_server_ack_process	64	static
../azure-rtos/netxduo/addons/tftp/nxd_tftp_server.c:2318:6:_nx_tftp_server_send_data	56	static
../azure-rtos/netxduo/addons/tftp/nxd_tftp_server.c:2518:6:_nx_tftp_server_send_ack	40	static
../azure-rtos/netxduo/addons/tftp/nxd_tftp_server.c:2649:7:_nx_tftp_server_error_process	56	static
../azure-rtos/netxduo/addons/tftp/nxd_tftp_server.c:2766:26:_nx_tftp_server_find_client_request	32	static
../azure-rtos/netxduo/addons/tftp/nxd_tftp_server.c:2896:7:_nx_tftp_server_send_error	40	static
