../azure-rtos/netxduo/addons/tftp/nxd_tftp_client.c:90:7:_nxde_tftp_client_create	40	static
../azure-rtos/netxduo/addons/tftp/nxd_tftp_client.c:164:7:_nxd_tftp_client_create	48	static
../azure-rtos/netxduo/addons/tftp/nxd_tftp_client.c:272:7:_nxde_tftp_client_delete	24	static
../azure-rtos/netxduo/addons/tftp/nxd_tftp_client.c:334:7:_nxd_tftp_client_delete	16	static
../azure-rtos/netxduo/addons/tftp/nxd_tftp_client.c:394:7:_nxde_tftp_client_set_interface	24	static
../azure-rtos/netxduo/addons/tftp/nxd_tftp_client.c:464:7:_nxd_tftp_client_set_interface	16	static
../azure-rtos/netxduo/addons/tftp/nxd_tftp_client.c:525:7:_nxde_tftp_client_error_info_get	32	static
../azure-rtos/netxduo/addons/tftp/nxd_tftp_client.c:593:7:_nxd_tftp_client_error_info_get	24	static
../azure-rtos/netxduo/addons/tftp/nxd_tftp_client.c:648:7:_nxde_tftp_client_file_close	24	static
../azure-rtos/netxduo/addons/tftp/nxd_tftp_client.c:718:7:_nxd_tftp_client_file_close	32	static
../azure-rtos/netxduo/addons/tftp/nxd_tftp_client.c:860:7:_nxe_tftp_client_file_open	40	static
../azure-rtos/netxduo/addons/tftp/nxd_tftp_client.c:944:7:_nx_tftp_client_file_open	56	static
../azure-rtos/netxduo/addons/tftp/nxd_tftp_client.c:1025:7:_nxde_tftp_client_file_open	40	static
../azure-rtos/netxduo/addons/tftp/nxd_tftp_client.c:1111:7:_nxd_tftp_client_file_open	40	static
../azure-rtos/netxduo/addons/tftp/nxd_tftp_client.c:1179:7:_nx_tftp_client_file_open_internal	72	static
../azure-rtos/netxduo/addons/tftp/nxd_tftp_client.c:1528:7:_nxde_tftp_client_file_read	32	static
../azure-rtos/netxduo/addons/tftp/nxd_tftp_client.c:1610:7:_nxd_tftp_client_file_read	72	static
../azure-rtos/netxduo/addons/tftp/nxd_tftp_client.c:1990:7:_nxde_tftp_client_file_write	32	static
../azure-rtos/netxduo/addons/tftp/nxd_tftp_client.c:2066:7:_nxd_tftp_client_file_write	72	static
../azure-rtos/netxduo/addons/tftp/nxd_tftp_client.c:2328:7:_nxde_tftp_client_packet_allocate	32	static
../azure-rtos/netxduo/addons/tftp/nxd_tftp_client.c:2401:7:_nxd_tftp_client_packet_allocate	32	static
