../usb/host/usb_host_devices.c:186:13:USB_HostEnumerationTransferCallback	40	static
../usb/host/usb_host_devices.c:300:21:USB_HostProcessState	40	static
../usb/host/usb_host_devices.c:400:21:USB_HostProcessCallback	40	static
../usb/host/usb_host_devices.c:569:21:USB_HostNotifyDevice	40	static
../usb/host/usb_host_devices.c:641:16:USB_HostAllocateDeviceAddress	24	static
../usb/host/usb_host_devices.c:668:13:USB_HostReleaseDeviceAddress	16	static
../usb/host/usb_host_devices.c:676:21:USB_HostRemoveDeviceInstance	32	static
../usb/host/usb_host_devices.c:712:13:USB_HostReleaseDeviceResource	24	static
../usb/host/usb_host_devices.c:783:21:USB_HostParseDeviceConfigurationDescriptor	48	static
../usb/host/usb_host_devices.c:1026:14:USB_HostAttachDevice	48	static
../usb/host/usb_host_devices.c:1194:14:USB_HostDetachDevice	24	static
../usb/host/usb_host_devices.c:1227:14:USB_HostDetachDeviceInternal	24	static
../usb/host/usb_host_devices.c:1263:9:USB_HostGetDeviceAttachState	16	static
../usb/host/usb_host_devices.c:1268:14:USB_HostValidateDevice	24	static
../usb/host/usb_host_devices.c:1290:21:USB_HostControlBus	24	static
../usb/host/usb_host_devices.c:1306:14:USB_HostOpenDeviceInterface	32	static
../usb/host/usb_host_devices.c:1356:14:USB_HostCloseDeviceInterface	32	static
../usb/host/usb_host_devices.c:1439:14:USB_HostRemoveDevice	32	static
