../azure-rtos/netxduo/addons/ppp/nx_ppp.c:154:6:_nx_ppp_thread_entry	72	static
../azure-rtos/netxduo/addons/ppp/nx_ppp.c:545:7:_nx_ppp_driver	56	static
../azure-rtos/netxduo/addons/ppp/nx_ppp.c:828:7:_nx_ppp_receive_packet_get	96	static
../azure-rtos/netxduo/addons/ppp/nx_ppp.c:1498:7:_nx_ppp_receive_packet_process	32	static
../azure-rtos/netxduo/addons/ppp/nx_ppp.c:1832:6:_nx_ppp_timeout	16	static
../azure-rtos/netxduo/addons/ppp/nx_ppp.c:1919:6:_nx_ppp_timer_entry	24	static
../azure-rtos/netxduo/addons/ppp/nx_ppp.c:1984:6:_nx_ppp_netx_packet_transfer	24	static
../azure-rtos/netxduo/addons/ppp/nx_ppp.c:2083:6:_nx_ppp_process_deferred_raw_string_send	40	static
../azure-rtos/netxduo/addons/ppp/nx_ppp.c:2213:6:_nx_ppp_process_deferred_ip_packet_send	40	static
../azure-rtos/netxduo/addons/ppp/nx_ppp.c:2357:7:_nx_ppp_lcp_state_machine_update	40	static
../azure-rtos/netxduo/addons/ppp/nx_ppp.c:3053:7:_nx_ppp_lcp_code_reject	32	static
../azure-rtos/netxduo/addons/ppp/nx_ppp.c:3170:7:_nx_ppp_lcp_configure_reply_send	40	static
../azure-rtos/netxduo/addons/ppp/nx_ppp.c:3385:7:_nx_ppp_lcp_configure_request_send	32	static
../azure-rtos/netxduo/addons/ppp/nx_ppp.c:3532:7:_nx_ppp_lcp_configuration_retrieve	56	static
../azure-rtos/netxduo/addons/ppp/nx_ppp.c:3813:7:_nx_ppp_lcp_nak_configure_list	24	static
../azure-rtos/netxduo/addons/ppp/nx_ppp.c:3870:7:_nx_ppp_lcp_terminate_ack_send	24	static
../azure-rtos/netxduo/addons/ppp/nx_ppp.c:3960:7:_nx_ppp_lcp_terminate_request_send	24	static
../azure-rtos/netxduo/addons/ppp/nx_ppp.c:4055:6:_nx_ppp_pap_state_machine_update	24	static
../azure-rtos/netxduo/addons/ppp/nx_ppp.c:4404:6:_nx_ppp_pap_authentication_request	112	static
../azure-rtos/netxduo/addons/ppp/nx_ppp.c:4550:6:_nx_ppp_pap_login_valid	96	static
../azure-rtos/netxduo/addons/ppp/nx_ppp.c:4686:7:_nx_ppp_pap_authentication_ack	24	static
../azure-rtos/netxduo/addons/ppp/nx_ppp.c:4781:6:_nx_ppp_pap_authentication_nak	24	static
../azure-rtos/netxduo/addons/ppp/nx_ppp.c:4882:6:_nx_ppp_chap_state_machine_update	24	static
../azure-rtos/netxduo/addons/ppp/nx_ppp.c:5641:6:_nx_ppp_chap_challenge_send	48	static
../azure-rtos/netxduo/addons/ppp/nx_ppp.c:5795:6:_nx_ppp_chap_challenge_respond	192	static
../azure-rtos/netxduo/addons/ppp/nx_ppp.c:6006:7:_nx_ppp_chap_challenge_validate	176	static
../azure-rtos/netxduo/addons/ppp/nx_ppp.c:6251:6:_nx_ppp_ipcp_state_machine_update	96	static
../azure-rtos/netxduo/addons/ppp/nx_ppp.c:6940:7:_nx_ppp_ipcp_configure_check	80	static
../azure-rtos/netxduo/addons/ppp/nx_ppp.c:7305:7:_nx_ppp_ipcp_configure_request_send	32	static
../azure-rtos/netxduo/addons/ppp/nx_ppp.c:7456:7:_nx_ppp_ipcp_response_extract	32	static
../azure-rtos/netxduo/addons/ppp/nx_ppp.c:7594:7:_nx_ppp_ipcp_response_send	40	static
../azure-rtos/netxduo/addons/ppp/nx_ppp.c:7769:7:_nx_ppp_ipcp_terminate_send	24	static
../azure-rtos/netxduo/addons/ppp/nx_ppp.c:7860:7:_nx_ppp_ipcp_terminate_ack_send	24	static
../azure-rtos/netxduo/addons/ppp/nx_ppp.c:7969:7:_nx_ppp_packet_transmit	40	static
../azure-rtos/netxduo/addons/ppp/nx_ppp.c:8221:7:_nx_ppp_check_crc	32	static
../azure-rtos/netxduo/addons/ppp/nx_ppp.c:8327:7:_nx_ppp_crc_append	40	static
../azure-rtos/netxduo/addons/ppp/nx_ppp.c:8698:6:_nx_ppp_hash_generator	120	static
../azure-rtos/netxduo/addons/ppp/nx_ppp.c:8778:7:_nxe_ppp_byte_receive	24	static
../azure-rtos/netxduo/addons/ppp/nx_ppp.c:8837:7:_nx_ppp_byte_receive	48	static
../azure-rtos/netxduo/addons/ppp/nx_ppp.c:8978:7:_nxe_ppp_create	64	static
../azure-rtos/netxduo/addons/ppp/nx_ppp.c:9058:7:_nx_ppp_create	72	static
../azure-rtos/netxduo/addons/ppp/nx_ppp.c:9198:7:_nxe_ppp_delete	24	static
../azure-rtos/netxduo/addons/ppp/nx_ppp.c:9264:7:_nx_ppp_delete	40	static
../azure-rtos/netxduo/addons/ppp/nx_ppp.c:9389:7:_nxe_ppp_link_up_notify	32	static
../azure-rtos/netxduo/addons/ppp/nx_ppp.c:9451:7:_nx_ppp_link_up_notify	16	static
../azure-rtos/netxduo/addons/ppp/nx_ppp.c:9506:7:_nxe_ppp_link_down_notify	32	static
../azure-rtos/netxduo/addons/ppp/nx_ppp.c:9568:7:_nx_ppp_link_down_notify	16	static
../azure-rtos/netxduo/addons/ppp/nx_ppp.c:9626:7:_nxe_ppp_pap_enable	40	static
../azure-rtos/netxduo/addons/ppp/nx_ppp.c:9699:7:_nx_ppp_pap_enable	24	static
../azure-rtos/netxduo/addons/ppp/nx_ppp.c:9785:7:_nxe_ppp_chap_challenge	24	static
../azure-rtos/netxduo/addons/ppp/nx_ppp.c:9846:7:_nx_ppp_chap_challenge	16	static
../azure-rtos/netxduo/addons/ppp/nx_ppp.c:9942:7:_nxe_ppp_chap_enable	40	static
../azure-rtos/netxduo/addons/ppp/nx_ppp.c:10021:7:_nx_ppp_chap_enable	24	static
../azure-rtos/netxduo/addons/ppp/nx_ppp.c:10112:7:_nxe_ppp_dns_address_get	24	static
../azure-rtos/netxduo/addons/ppp/nx_ppp.c:10173:7:_nx_ppp_dns_address_get	16	static
../azure-rtos/netxduo/addons/ppp/nx_ppp.c:10245:7:_nxe_ppp_dns_address_set	32	static
../azure-rtos/netxduo/addons/ppp/nx_ppp.c:10311:7:_nx_ppp_dns_address_set	16	static
../azure-rtos/netxduo/addons/ppp/nx_ppp.c:10364:7:_nxe_ppp_secondary_dns_address_get	24	static
../azure-rtos/netxduo/addons/ppp/nx_ppp.c:10426:7:_nx_ppp_secondary_dns_address_get	16	static
../azure-rtos/netxduo/addons/ppp/nx_ppp.c:10498:7:_nxe_ppp_secondary_dns_address_set	32	static
../azure-rtos/netxduo/addons/ppp/nx_ppp.c:10564:7:_nx_ppp_secondary_dns_address_set	16	static
../azure-rtos/netxduo/addons/ppp/nx_ppp.c:10617:7:_nxe_ppp_interface_index_get	24	static
../azure-rtos/netxduo/addons/ppp/nx_ppp.c:10678:7:_nx_ppp_interface_index_get	16	static
../azure-rtos/netxduo/addons/ppp/nx_ppp.c:10743:7:_nxe_ppp_ip_address_assign	40	static
../azure-rtos/netxduo/addons/ppp/nx_ppp.c:10806:7:_nx_ppp_ip_address_assign	32	static
../azure-rtos/netxduo/addons/ppp/nx_ppp.c:10886:7:_nxe_ppp_nak_authentication_notify	32	static
../azure-rtos/netxduo/addons/ppp/nx_ppp.c:10948:7:_nx_ppp_nak_authentication_notify	16	static
../azure-rtos/netxduo/addons/ppp/nx_ppp.c:11004:7:_nxe_ppp_raw_string_send	24	static
../azure-rtos/netxduo/addons/ppp/nx_ppp.c:11072:7:_nx_ppp_raw_string_send	48	static
../azure-rtos/netxduo/addons/ppp/nx_ppp.c:11195:7:_nxe_ppp_start	24	static
../azure-rtos/netxduo/addons/ppp/nx_ppp.c:11255:7:_nx_ppp_start	16	static
../azure-rtos/netxduo/addons/ppp/nx_ppp.c:11316:7:_nxe_ppp_stop	24	static
../azure-rtos/netxduo/addons/ppp/nx_ppp.c:11375:7:_nx_ppp_stop	16	static
../azure-rtos/netxduo/addons/ppp/nx_ppp.c:11469:7:_nxe_ppp_restart	24	static
../azure-rtos/netxduo/addons/ppp/nx_ppp.c:11530:7:_nx_ppp_restart	16	static
../azure-rtos/netxduo/addons/ppp/nx_ppp.c:11585:7:_nxe_ppp_status_get	24	static
../azure-rtos/netxduo/addons/ppp/nx_ppp.c:11646:7:_nx_ppp_status_get	16	static
../azure-rtos/netxduo/addons/ppp/nx_ppp.c:11797:7:_nx_ppp_lcp_ping_reply	16	static
../azure-rtos/netxduo/addons/ppp/nx_ppp.c:11869:8:_nx_ppp_lcp_ping_process_echo_reply	16	static
../azure-rtos/netxduo/addons/ppp/nx_ppp.c:11935:7:_nxe_ppp_ping_request	32	static
../azure-rtos/netxduo/addons/ppp/nx_ppp.c:12003:7:_nx_ppp_ping_request	40	static
