/Users/ramseymcgrath/code/embedded/mcuxpresso_workspace/SR71_Proxy/drivers/fsl_common_arm.h:897:24:DisableGlobalIRQ	16	static
/Users/ramseymcgrath/code/embedded/mcuxpresso_workspace/SR71_Proxy/drivers/fsl_common_arm.h:923:20:EnableGlobalIRQ	24	static
../component/osa/fsl_os_abstraction_bm.c:172:18:main_task	16	static
../component/osa/fsl_os_abstraction_bm.c:202:7:OSA_MemoryAllocate	24	static
../component/osa/fsl_os_abstraction_bm.c:220:6:OSA_MemoryFree	16	static
../component/osa/fsl_os_abstraction_bm.c:225:7:OSA_MemoryAllocateAlign	32	static
../component/osa/fsl_os_abstraction_bm.c:266:6:OSA_MemoryFreeAlign	24	static
../component/osa/fsl_os_abstraction_bm.c:286:6:OSA_EnterCritical	16	static
../component/osa/fsl_os_abstraction_bm.c:291:6:OSA_ExitCritical	16	static
../component/osa/fsl_os_abstraction_bm.c:302:6:OSA_EnableIRQGlobal	8	static
../component/osa/fsl_os_abstraction_bm.c:323:6:OSA_DisableIRQGlobal	8	static
../component/osa/fsl_os_abstraction_bm.c:342:6:OSA_DisableScheduler	4	static
../component/osa/fsl_os_abstraction_bm.c:354:6:OSA_EnableScheduler	4	static
../component/osa/fsl_os_abstraction_bm.c:567:18:OSA_TimeInit	4	static
../component/osa/fsl_os_abstraction_bm.c:584:22:OSA_TimeDiff	16	static
../component/osa/fsl_os_abstraction_bm.c:602:6:OSA_TimeDelay	16	static
../component/osa/fsl_os_abstraction_bm.c:621:22:OSA_TimeGetMsec	4	static
../component/osa/fsl_os_abstraction_bm.c:638:14:OSA_SemaphorePrecreate	16	static
../component/osa/fsl_os_abstraction_bm.c:653:14:OSA_SemaphoreCreate	24	static
../component/osa/fsl_os_abstraction_bm.c:682:14:OSA_SemaphoreCreateBinary	24	static
../component/osa/fsl_os_abstraction_bm.c:710:14:OSA_SemaphoreDestroy	24	static
../component/osa/fsl_os_abstraction_bm.c:733:14:OSA_SemaphoreWait	24	static
../component/osa/fsl_os_abstraction_bm.c:807:14:OSA_SemaphorePost	24	static
../component/osa/fsl_os_abstraction_bm.c:843:14:OSA_MutexCreate	24	static
../component/osa/fsl_os_abstraction_bm.c:872:14:OSA_MutexLock	24	static
../component/osa/fsl_os_abstraction_bm.c:938:14:OSA_MutexUnlock	24	static
../component/osa/fsl_os_abstraction_bm.c:956:14:OSA_MutexDestroy	24	static
../component/osa/fsl_os_abstraction_bm.c:975:14:OSA_EventPrecreate	16	static
../component/osa/fsl_os_abstraction_bm.c:989:14:OSA_EventCreate	24	static
../component/osa/fsl_os_abstraction_bm.c:1012:14:OSA_EventSet	24	static
../component/osa/fsl_os_abstraction_bm.c:1037:14:OSA_EventClear	24	static
../component/osa/fsl_os_abstraction_bm.c:1067:14:OSA_EventGet	32	static
../component/osa/fsl_os_abstraction_bm.c:1099:14:OSA_EventWait	40	static
../component/osa/fsl_os_abstraction_bm.c:1186:14:OSA_EventDestroy	24	static
../component/osa/fsl_os_abstraction_bm.c:1205:14:OSA_MsgQCreate	32	static
../component/osa/fsl_os_abstraction_bm.c:1227:14:OSA_MsgQPut	40	static
../component/osa/fsl_os_abstraction_bm.c:1286:14:OSA_MsgQGet	48	static
../component/osa/fsl_os_abstraction_bm.c:1377:5:OSA_MsgQAvailableMsgs	24	static
../component/osa/fsl_os_abstraction_bm.c:1392:14:OSA_MsgQDestroy	24	static
../component/osa/fsl_os_abstraction_bm.c:1410:6:OSA_InterruptEnable	8	static
../component/osa/fsl_os_abstraction_bm.c:1420:6:OSA_InterruptDisable	8	static
../component/osa/fsl_os_abstraction_bm.c:1431:6:OSA_InstallIntHandler	16	static
../component/osa/fsl_os_abstraction_bm.c:1576:6:OSA_UpdateSysTickCounter	16	static
../component/osa/fsl_os_abstraction_bm.c:1607:23:OSA_SemaphoreGetCount	16	static
