../azure-rtos/netxduo/addons/ftp/nxd_ftp_client.c:100:7:_nxe_ftp_client_connect	40	static
../azure-rtos/netxduo/addons/ftp/nxd_ftp_client.c:184:7:_nx_ftp_client_connect	56	static
../azure-rtos/netxduo/addons/ftp/nxd_ftp_client.c:256:7:_nxde_ftp_client_connect	40	static
../azure-rtos/netxduo/addons/ftp/nxd_ftp_client.c:328:7:_nxd_ftp_client_connect	32	static
../azure-rtos/netxduo/addons/ftp/nxd_ftp_client.c:389:7:_nx_ftp_client_connect_internal	48	static
../azure-rtos/netxduo/addons/ftp/nxd_ftp_client.c:864:7:_nxe_ftp_client_create	40	static
../azure-rtos/netxduo/addons/ftp/nxd_ftp_client.c:930:7:_nx_ftp_client_create	56	static
../azure-rtos/netxduo/addons/ftp/nxd_ftp_client.c:1038:7:_nx_ftp_client_data_disconnect	16	static
../azure-rtos/netxduo/addons/ftp/nxd_ftp_client.c:1086:7:_nxe_ftp_client_delete	24	static
../azure-rtos/netxduo/addons/ftp/nxd_ftp_client.c:1151:7:_nx_ftp_client_delete	16	static
../azure-rtos/netxduo/addons/ftp/nxd_ftp_client.c:1219:7:_nxe_ftp_client_directory_create	32	static
../azure-rtos/netxduo/addons/ftp/nxd_ftp_client.c:1288:7:_nx_ftp_client_directory_create	40	static
../azure-rtos/netxduo/addons/ftp/nxd_ftp_client.c:1455:7:_nxe_ftp_client_directory_default_set	32	static
../azure-rtos/netxduo/addons/ftp/nxd_ftp_client.c:1524:7:_nx_ftp_client_directory_default_set	40	static
../azure-rtos/netxduo/addons/ftp/nxd_ftp_client.c:1692:7:_nxe_ftp_client_directory_delete	32	static
../azure-rtos/netxduo/addons/ftp/nxd_ftp_client.c:1761:7:_nx_ftp_client_directory_delete	40	static
../azure-rtos/netxduo/addons/ftp/nxd_ftp_client.c:1931:7:_nxe_ftp_client_directory_listing_get	32	static
../azure-rtos/netxduo/addons/ftp/nxd_ftp_client.c:2009:7:_nx_ftp_client_directory_listing_get	40	static
../azure-rtos/netxduo/addons/ftp/nxd_ftp_client.c:2285:7:_nxe_ftp_client_directory_listing_continue	32	static
../azure-rtos/netxduo/addons/ftp/nxd_ftp_client.c:2355:7:_nx_ftp_client_directory_listing_continue	40	static
../azure-rtos/netxduo/addons/ftp/nxd_ftp_client.c:2470:7:_nxe_ftp_client_disconnect	24	static
../azure-rtos/netxduo/addons/ftp/nxd_ftp_client.c:2537:7:_nx_ftp_client_disconnect	32	static
../azure-rtos/netxduo/addons/ftp/nxd_ftp_client.c:2707:7:_nxe_ftp_client_file_close	24	static
../azure-rtos/netxduo/addons/ftp/nxd_ftp_client.c:2775:7:_nx_ftp_client_file_close	32	static
../azure-rtos/netxduo/addons/ftp/nxd_ftp_client.c:2873:7:_nxe_ftp_client_file_delete	32	static
../azure-rtos/netxduo/addons/ftp/nxd_ftp_client.c:2942:7:_nx_ftp_client_file_delete	40	static
../azure-rtos/netxduo/addons/ftp/nxd_ftp_client.c:3108:7:_nxe_ftp_client_passive_mode_set	24	static
../azure-rtos/netxduo/addons/ftp/nxd_ftp_client.c:3173:7:_nx_ftp_client_passive_mode_set	16	static
../azure-rtos/netxduo/addons/ftp/nxd_ftp_client.c:3224:7:_nxe_ftp_client_transfer_mode_set	24	static
../azure-rtos/netxduo/addons/ftp/nxd_ftp_client.c:3287:7:_nx_ftp_client_transfer_mode_set	16	static
../azure-rtos/netxduo/addons/ftp/nxd_ftp_client.c:3350:7:_nxe_ftp_client_file_open	32	static
../azure-rtos/netxduo/addons/ftp/nxd_ftp_client.c:3429:7:_nx_ftp_client_file_open	40	static
../azure-rtos/netxduo/addons/ftp/nxd_ftp_client.c:3797:7:_nxe_ftp_client_file_read	32	static
../azure-rtos/netxduo/addons/ftp/nxd_ftp_client.c:3862:7:_nx_ftp_client_file_read	32	static
../azure-rtos/netxduo/addons/ftp/nxd_ftp_client.c:3945:7:_nxe_ftp_client_file_rename	32	static
../azure-rtos/netxduo/addons/ftp/nxd_ftp_client.c:4016:7:_nx_ftp_client_file_rename	40	static
../azure-rtos/netxduo/addons/ftp/nxd_ftp_client.c:4276:7:_nxe_ftp_client_file_size_set	24	static
../azure-rtos/netxduo/addons/ftp/nxd_ftp_client.c:4342:7:_nx_ftp_client_file_size_set	24	static
../azure-rtos/netxduo/addons/ftp/nxd_ftp_client.c:4426:7:_nxe_ftp_client_file_write	32	static
../azure-rtos/netxduo/addons/ftp/nxd_ftp_client.c:4495:7:_nx_ftp_client_file_write	32	static
../azure-rtos/netxduo/addons/ftp/nxd_ftp_client.c:4597:6:_nx_ftp_utility_convert_IPv6_to_ascii	40	static
../azure-rtos/netxduo/addons/ftp/nxd_ftp_client.c:4705:7:_nx_ftp_utility_convert_number_ascii	24	static
../azure-rtos/netxduo/addons/ftp/nxd_ftp_client.c:4793:7:_nx_ftp_utility_convert_portnumber_ascii	32	static
../azure-rtos/netxduo/addons/ftp/nxd_ftp_client.c:4895:6:_nx_ftp_client_packet_allocate	32	static
../azure-rtos/netxduo/addons/ftp/nxd_ftp_client.c:4984:7:_nx_ftp_client_active_transfer_setup	112	static
../azure-rtos/netxduo/addons/ftp/nxd_ftp_client.c:5295:7:_nx_ftp_client_passive_transfer_setup	48	static
../azure-rtos/netxduo/addons/ftp/nxd_ftp_client.c:5736:7:_nx_ftp_client_data_socket_cleanup	16	static
../azure-rtos/netxduo/addons/ftp/nxd_ftp_client.c:5808:7:_nx_ftp_client_block_mode_send	32	static
../azure-rtos/netxduo/addons/ftp/nxd_ftp_client.c:5939:7:_nx_ftp_client_block_header_send	32	static
../azure-rtos/netxduo/addons/ftp/nxd_ftp_client.c:6051:7:_nx_ftp_client_block_header_retrieve	32	static
