../azure-rtos/netxduo/addons/ftp/nxd_ftp_server.c:134:7:_nxe_ftp_server_create	56	static
../azure-rtos/netxduo/addons/ftp/nxd_ftp_server.c:219:7:_nx_ftp_server_create	56	static
../azure-rtos/netxduo/addons/ftp/nxd_ftp_server.c:304:7:_nxde_ftp_server_create	56	static
../azure-rtos/netxduo/addons/ftp/nxd_ftp_server.c:377:7:_nxd_ftp_server_create	56	static
../azure-rtos/netxduo/addons/ftp/nxd_ftp_server.c:453:7:_nx_ftp_server_create_internal	64	static
../azure-rtos/netxduo/addons/ftp/nxd_ftp_server.c:636:7:_nxe_ftp_server_delete	24	static
../azure-rtos/netxduo/addons/ftp/nxd_ftp_server.c:713:7:_nx_ftp_server_delete	24	static
../azure-rtos/netxduo/addons/ftp/nxd_ftp_server.c:817:7:_nxe_ftp_server_start	24	static
../azure-rtos/netxduo/addons/ftp/nxd_ftp_server.c:878:7:_nx_ftp_server_start	32	static
../azure-rtos/netxduo/addons/ftp/nxd_ftp_server.c:952:7:_nxe_ftp_server_stop	24	static
../azure-rtos/netxduo/addons/ftp/nxd_ftp_server.c:1019:7:_nx_ftp_server_stop	24	static
../azure-rtos/netxduo/addons/ftp/nxd_ftp_server.c:1131:7:_nx_ftp_server_response	32	static
../azure-rtos/netxduo/addons/ftp/nxd_ftp_server.c:1240:7:_nx_ftp_server_directory_response	32	static
../azure-rtos/netxduo/addons/ftp/nxd_ftp_server.c:1415:7:_nx_ftp_server_thread_entry	40	static
../azure-rtos/netxduo/addons/ftp/nxd_ftp_server.c:1606:7:_nx_ftp_server_command_process	1784	static
../azure-rtos/netxduo/addons/ftp/nxd_ftp_server.c:4431:7:_nx_ftp_server_connect_process	40	static
../azure-rtos/netxduo/addons/ftp/nxd_ftp_server.c:4585:7:_nx_ftp_server_command_present	24	static
../azure-rtos/netxduo/addons/ftp/nxd_ftp_server.c:4641:7:_nx_ftp_server_connection_present	24	static
../azure-rtos/netxduo/addons/ftp/nxd_ftp_server.c:4698:7:_nx_ftp_server_data_disconnect	24	static
../azure-rtos/netxduo/addons/ftp/nxd_ftp_server.c:4759:7:_nx_ftp_server_data_disconnect_process	48	static
../azure-rtos/netxduo/addons/ftp/nxd_ftp_server.c:4884:7:_nx_ftp_server_data_present	24	static
../azure-rtos/netxduo/addons/ftp/nxd_ftp_server.c:4942:7:_nx_ftp_server_data_process	40	static
../azure-rtos/netxduo/addons/ftp/nxd_ftp_server.c:5096:7:_nx_ftp_server_parse_command	24	static
../azure-rtos/netxduo/addons/ftp/nxd_ftp_server.c:5319:7:_nx_ftp_server_timeout	24	static
../azure-rtos/netxduo/addons/ftp/nxd_ftp_server.c:5389:7:_nx_ftp_server_timeout_processing	24	static
../azure-rtos/netxduo/addons/ftp/nxd_ftp_server.c:5503:7:_nx_ftp_server_control_disconnect	24	static
../azure-rtos/netxduo/addons/ftp/nxd_ftp_server.c:5572:7:_nx_ftp_server_control_disconnect_processing	40	static
../azure-rtos/netxduo/addons/ftp/nxd_ftp_server.c:5723:6:_nx_ftp_packet_allocate	32	static
../azure-rtos/netxduo/addons/ftp/nxd_ftp_server.c:5807:6:_nx_ftp_utility_parse_IPv6_address	64	static
../azure-rtos/netxduo/addons/ftp/nxd_ftp_server.c:6157:6:_nx_ftp_utility_parse_port_number	32	static
../azure-rtos/netxduo/addons/ftp/nxd_ftp_server.c:6307:7:_nx_ftp_server_utility_fill_port_number	32	static
../azure-rtos/netxduo/addons/ftp/nxd_ftp_server.c:6403:7:_nx_ftp_server_block_size_get	96	static
../azure-rtos/netxduo/addons/ftp/nxd_ftp_server.c:6512:7:_nx_ftp_server_block_header_send	48	static
../azure-rtos/netxduo/addons/ftp/nxd_ftp_server.c:6620:7:_nx_ftp_server_block_header_retrieve	40	static
../azure-rtos/netxduo/addons/ftp/nxd_ftp_server.c:6812:13:_nx_ftp_server_number_to_ascii	32	static
../azure-rtos/netxduo/addons/ftp/nxd_ftp_server.c:6891:6:_nx_ftp_server_data_socket_cleanup	16	static
