../azure-rtos/netxduo/addons/websocket/nx_websocket_client.c:94:7:_nxe_websocket_client_create	32	static
../azure-rtos/netxduo/addons/websocket/nx_websocket_client.c:154:7:_nx_websocket_client_create	32	static
../azure-rtos/netxduo/addons/websocket/nx_websocket_client.c:227:7:_nxe_websocket_client_delete	24	static
../azure-rtos/netxduo/addons/websocket/nx_websocket_client.c:282:7:_nx_websocket_client_delete	16	static
../azure-rtos/netxduo/addons/websocket/nx_websocket_client.c:350:7:_nxe_websocket_client_connect	56	static
../azure-rtos/netxduo/addons/websocket/nx_websocket_client.c:423:7:_nx_websocket_client_connect	48	static
../azure-rtos/netxduo/addons/websocket/nx_websocket_client.c:528:7:_nx_websocket_client_connect_internal	56	static
../azure-rtos/netxduo/addons/websocket/nx_websocket_client.c:755:7:_nxe_websocket_client_secure_connect	56	static
../azure-rtos/netxduo/addons/websocket/nx_websocket_client.c:828:7:_nx_websocket_client_secure_connect	48	static
../azure-rtos/netxduo/addons/websocket/nx_websocket_client.c:916:7:_nx_websocket_client_name_compare	32	static
../azure-rtos/netxduo/addons/websocket/nx_websocket_client.c:998:7:_nx_websocket_client_connect_response_process	112	static
../azure-rtos/netxduo/addons/websocket/nx_websocket_client.c:1211:7:_nxe_websocket_client_disconnect	24	static
../azure-rtos/netxduo/addons/websocket/nx_websocket_client.c:1271:7:_nx_websocket_client_disconnect	32	static
../azure-rtos/netxduo/addons/websocket/nx_websocket_client.c:1369:7:_nxe_websocket_client_send	40	static
../azure-rtos/netxduo/addons/websocket/nx_websocket_client.c:1430:7:_nx_websocket_client_send	56	static
../azure-rtos/netxduo/addons/websocket/nx_websocket_client.c:1599:7:_nxe_websocket_client_receive	32	static
../azure-rtos/netxduo/addons/websocket/nx_websocket_client.c:1662:7:_nx_websocket_client_receive	32	static
../azure-rtos/netxduo/addons/websocket/nx_websocket_client.c:1803:7:_nx_websocket_client_data_process	72	static
../azure-rtos/netxduo/addons/websocket/nx_websocket_client.c:2277:7:_nx_websocket_client_packet_trim	40	static
../azure-rtos/netxduo/addons/websocket/nx_websocket_client.c:2374:7:_nxe_websocket_client_packet_allocate	32	static
../azure-rtos/netxduo/addons/websocket/nx_websocket_client.c:2434:7:_nx_websocket_client_packet_allocate	32	static
../azure-rtos/netxduo/addons/websocket/nx_websocket_client.c:2533:7:_nx_websocket_client_packet_send	32	static
../azure-rtos/netxduo/addons/websocket/nx_websocket_client.c:2595:7:_nx_websocket_client_packet_receive	32	static
../azure-rtos/netxduo/addons/websocket/nx_websocket_client.c:2668:7:_nx_websocket_client_connect_response_check	56	static
../azure-rtos/netxduo/addons/websocket/nx_websocket_client.c:2855:7:_nxe_websocket_client_connection_status_callback_set	32	static
../azure-rtos/netxduo/addons/websocket/nx_websocket_client.c:2914:7:_nx_websocket_client_connection_status_callback_set	24	static
../azure-rtos/netxduo/addons/websocket/nx_websocket_client.c:2974:7:_nx_websocket_client_cleanup	16	static
