../azure-rtos/netxduo/addons/pppoe/nx_pppoe_client.c:124:7:_nxe_pppoe_client_create	56	static
../azure-rtos/netxduo/addons/pppoe/nx_pppoe_client.c:221:7:_nx_pppoe_client_create	64	static
../azure-rtos/netxduo/addons/pppoe/nx_pppoe_client.c:322:7:_nxe_pppoe_client_delete	24	static
../azure-rtos/netxduo/addons/pppoe/nx_pppoe_client.c:381:7:_nx_pppoe_client_delete	40	static
../azure-rtos/netxduo/addons/pppoe/nx_pppoe_client.c:466:7:_nxe_pppoe_client_service_name_set	24	static
../azure-rtos/netxduo/addons/pppoe/nx_pppoe_client.c:527:7:_nx_pppoe_client_service_name_set	24	static
../azure-rtos/netxduo/addons/pppoe/nx_pppoe_client.c:592:7:_nxe_pppoe_client_service_name_set_extended	32	static
../azure-rtos/netxduo/addons/pppoe/nx_pppoe_client.c:660:7:_nx_pppoe_client_service_name_set_extended	32	static
../azure-rtos/netxduo/addons/pppoe/nx_pppoe_client.c:734:7:_nxe_pppoe_client_host_uniq_set	24	static
../azure-rtos/netxduo/addons/pppoe/nx_pppoe_client.c:795:7:_nx_pppoe_client_host_uniq_set	24	static
../azure-rtos/netxduo/addons/pppoe/nx_pppoe_client.c:858:7:_nxe_pppoe_client_host_uniq_set_extended	32	static
../azure-rtos/netxduo/addons/pppoe/nx_pppoe_client.c:926:7:_nx_pppoe_client_host_uniq_set_extended	32	static
../azure-rtos/netxduo/addons/pppoe/nx_pppoe_client.c:996:7:_nxe_pppoe_client_session_connect	24	static
../azure-rtos/netxduo/addons/pppoe/nx_pppoe_client.c:1053:7:_nx_pppoe_client_session_connect	24	static
../azure-rtos/netxduo/addons/pppoe/nx_pppoe_client.c:1154:7:_nxe_pppoe_client_session_packet_send	24	static
../azure-rtos/netxduo/addons/pppoe/nx_pppoe_client.c:1245:7:_nx_pppoe_client_session_packet_send	24	static
../azure-rtos/netxduo/addons/pppoe/nx_pppoe_client.c:1375:7:_nxe_pppoe_client_session_terminate	24	static
../azure-rtos/netxduo/addons/pppoe/nx_pppoe_client.c:1435:7:_nx_pppoe_client_session_terminate	24	static
../azure-rtos/netxduo/addons/pppoe/nx_pppoe_client.c:1517:7:_nxe_pppoe_client_session_get	32	static
../azure-rtos/netxduo/addons/pppoe/nx_pppoe_client.c:1579:7:_nx_pppoe_client_session_get	24	static
../azure-rtos/netxduo/addons/pppoe/nx_pppoe_client.c:1658:7:_nx_pppoe_client_packet_deferred_receive	40	static
../azure-rtos/netxduo/addons/pppoe/nx_pppoe_client.c:1769:13:_nx_pppoe_client_thread_entry	64	static
../azure-rtos/netxduo/addons/pppoe/nx_pppoe_client.c:2032:14:_nx_pppoe_client_timer_entry	24	static
../azure-rtos/netxduo/addons/pppoe/nx_pppoe_client.c:2092:7:_nx_pppoe_client_packet_receive	40	static
../azure-rtos/netxduo/addons/pppoe/nx_pppoe_client.c:2225:7:_nx_pppoe_client_discovery_packet_process	88	static
../azure-rtos/netxduo/addons/pppoe/nx_pppoe_client.c:2655:14:_nx_pppoe_client_session_packet_process	48	static
../azure-rtos/netxduo/addons/pppoe/nx_pppoe_client.c:2823:16:_nx_pppoe_client_discovery_send	40	static
../azure-rtos/netxduo/addons/pppoe/nx_pppoe_client.c:3078:16:_nx_pppoe_client_packet_send	56	static
../azure-rtos/netxduo/addons/pppoe/nx_pppoe_client.c:3157:15:_nx_pppoe_client_data_get	24	static
../azure-rtos/netxduo/addons/pppoe/nx_pppoe_client.c:3219:14:_nx_pppoe_client_data_add	24	static
../azure-rtos/netxduo/addons/pppoe/nx_pppoe_client.c:3297:14:_nx_pppoe_client_string_add	24	static
../azure-rtos/netxduo/addons/pppoe/nx_pppoe_client.c:3355:14:_nx_pppoe_client_tag_string_add	24	static
../azure-rtos/netxduo/addons/pppoe/nx_pppoe_client.c:3416:14:_nx_pppoe_client_session_cleanup	16	static
../azure-rtos/netxduo/addons/pppoe/nx_pppoe_client.c:3479:14:_nx_pppoe_client_session_thread_suspend	48	static
../azure-rtos/netxduo/addons/pppoe/nx_pppoe_client.c:3584:7:_nx_pppoe_client_session_thread_resume	40	static
../azure-rtos/netxduo/addons/pppoe/nx_pppoe_client.c:3693:14:_nx_pppoe_client_session_connect_cleanup	56	static
