../azure-rtos/netxduo/addons/pppoe/nx_pppoe_server.c:121:7:_nxe_pppoe_server_create	56	static
../azure-rtos/netxduo/addons/pppoe/nx_pppoe_server.c:215:7:_nx_pppoe_server_create	64	static
../azure-rtos/netxduo/addons/pppoe/nx_pppoe_server.c:330:7:_nxe_pppoe_server_ac_name_set	32	static
../azure-rtos/netxduo/addons/pppoe/nx_pppoe_server.c:391:7:_nx_pppoe_server_ac_name_set	32	static
../azure-rtos/netxduo/addons/pppoe/nx_pppoe_server.c:461:7:_nxe_pppoe_server_delete	24	static
../azure-rtos/netxduo/addons/pppoe/nx_pppoe_server.c:520:7:_nx_pppoe_server_delete	40	static
../azure-rtos/netxduo/addons/pppoe/nx_pppoe_server.c:602:7:_nxe_pppoe_server_enable	24	static
../azure-rtos/netxduo/addons/pppoe/nx_pppoe_server.c:665:7:_nx_pppoe_server_enable	16	static
../azure-rtos/netxduo/addons/pppoe/nx_pppoe_server.c:725:7:_nxe_pppoe_server_disable	24	static
../azure-rtos/netxduo/addons/pppoe/nx_pppoe_server.c:783:7:_nx_pppoe_server_disable	16	static
../azure-rtos/netxduo/addons/pppoe/nx_pppoe_server.c:856:7:_nxe_pppoe_server_callback_notify_set	48	static
../azure-rtos/netxduo/addons/pppoe/nx_pppoe_server.c:937:7:_nx_pppoe_server_callback_notify_set	24	static
../azure-rtos/netxduo/addons/pppoe/nx_pppoe_server.c:1011:7:_nxe_pppoe_server_service_name_set	32	static
../azure-rtos/netxduo/addons/pppoe/nx_pppoe_server.c:1073:7:_nx_pppoe_server_service_name_set	24	static
../azure-rtos/netxduo/addons/pppoe/nx_pppoe_server.c:1138:7:_nxe_pppoe_server_session_send	32	static
../azure-rtos/netxduo/addons/pppoe/nx_pppoe_server.c:1222:7:_nx_pppoe_server_session_send	48	static
../azure-rtos/netxduo/addons/pppoe/nx_pppoe_server.c:1359:7:_nxe_pppoe_server_session_packet_send	32	static
../azure-rtos/netxduo/addons/pppoe/nx_pppoe_server.c:1493:7:_nx_pppoe_server_session_packet_send	32	static
../azure-rtos/netxduo/addons/pppoe/nx_pppoe_server.c:1606:7:_nxe_pppoe_server_session_terminate	24	static
../azure-rtos/netxduo/addons/pppoe/nx_pppoe_server.c:1679:7:_nx_pppoe_server_session_terminate	24	static
../azure-rtos/netxduo/addons/pppoe/nx_pppoe_server.c:1763:7:_nxe_pppoe_server_session_get	40	static
../azure-rtos/netxduo/addons/pppoe/nx_pppoe_server.c:1829:7:_nx_pppoe_server_session_get	24	static
../azure-rtos/netxduo/addons/pppoe/nx_pppoe_server.c:1909:7:_nx_pppoe_server_packet_deferred_receive	40	static
../azure-rtos/netxduo/addons/pppoe/nx_pppoe_server.c:2020:13:_nx_pppoe_server_thread_entry	56	static
../azure-rtos/netxduo/addons/pppoe/nx_pppoe_server.c:2262:7:_nx_pppoe_server_packet_receive	56	static
../azure-rtos/netxduo/addons/pppoe/nx_pppoe_server.c:2394:7:_nx_pppoe_server_discovery_packet_process	72	static
../azure-rtos/netxduo/addons/pppoe/nx_pppoe_server.c:2648:14:_nx_pppoe_server_session_packet_process	72	static
../azure-rtos/netxduo/addons/pppoe/nx_pppoe_server.c:2844:16:_nx_pppoe_server_discovery_send	56	static
../azure-rtos/netxduo/addons/pppoe/nx_pppoe_server.c:3165:16:_nx_pppoe_server_packet_send	56	static
../azure-rtos/netxduo/addons/pppoe/nx_pppoe_server.c:3234:14:_nx_pppoe_server_tag_process	56	static
../azure-rtos/netxduo/addons/pppoe/nx_pppoe_server.c:3555:15:_nx_pppoe_server_data_get	24	static
../azure-rtos/netxduo/addons/pppoe/nx_pppoe_server.c:3617:14:_nx_pppoe_server_data_add	24	static
../azure-rtos/netxduo/addons/pppoe/nx_pppoe_server.c:3695:14:_nx_pppoe_server_string_add	24	static
../azure-rtos/netxduo/addons/pppoe/nx_pppoe_server.c:3753:14:_nx_pppoe_server_tag_string_add	24	static
../azure-rtos/netxduo/addons/pppoe/nx_pppoe_server.c:3824:14:_nx_pppoe_server_session_find	32	static
../azure-rtos/netxduo/addons/pppoe/nx_pppoe_server.c:3943:14:_nx_pppoe_server_session_cleanup	16	static
