/Users/ramseymcgrath/code/embedded/mcuxpresso_workspace/SR71_Proxy/CMSIS/core_cm33.h:2358:22:__NVIC_EnableIRQ	16	static
/Users/ramseymcgrath/code/embedded/mcuxpresso_workspace/SR71_Proxy/CMSIS/m-profile/armv8m_mpu.h:212:22:ARM_MPU_Disable	4	static
/Users/ramseymcgrath/code/embedded/mcuxpresso_workspace/SR71_Proxy/drivers/fsl_clock.h:1489:20:CLOCK_EnableClock	24	static
/Users/ramseymcgrath/code/embedded/mcuxpresso_workspace/SR71_Proxy/drivers/fsl_common_arm.h:667:24:EnableIRQ	24	static
/Users/ramseymcgrath/code/embedded/mcuxpresso_workspace/SR71_Proxy/drivers/fsl_lpspi.h:663:20:LPSPI_EnableInterrupts	16	static
../board/peripherals.c:185:13:LP_FLEXCOMM4_init	8	static
../board/peripherals.c:237:13:WUU0_init	8	static
../board/peripherals.c:349:13:LP_FLEXCOMM0_init	8	static
../board/peripherals.c:649:13:FLEXIO0_init	4	static
../board/peripherals.c:999:13:FLEXSPI0_init	8	static
../board/peripherals.c:1054:13:CDOG0_init	8	static
../board/peripherals.c:1099:13:GPIO0_ALIAS1_init	4	static
../board/peripherals.c:1139:13:CRC0_init	8	static
../board/peripherals.c:1273:13:lwIP_init	24	static
../board/peripherals.c:1339:13:USBFS0_init	8	static
../board/peripherals.c:1346:13:BOARD_InitPeripherals_CommonPreInit	4	static
../board/peripherals.c:1352:13:BOARD_InitPeripherals_CommonPostInit	8	static
../board/peripherals.c:1358:6:BOARD_InitPeripherals	8	static
../board/peripherals.c:1383:6:BOARD_InitBootPeripherals	8	static
