../azure-rtos/netxduo/addons/dhcp/nxd_dhcp_client.c:130:7:_nxe_dhcp_create	32	static
../azure-rtos/netxduo/addons/dhcp/nxd_dhcp_client.c:218:7:_nx_dhcp_create	80	static
../azure-rtos/netxduo/addons/dhcp/nxd_dhcp_client.c:528:7:_nxe_dhcp_clear_broadcast_flag	24	static
../azure-rtos/netxduo/addons/dhcp/nxd_dhcp_client.c:605:7:_nx_dhcp_clear_broadcast_flag	24	static
../azure-rtos/netxduo/addons/dhcp/nxd_dhcp_client.c:678:7:_nxe_dhcp_interface_clear_broadcast_flag	32	static
../azure-rtos/netxduo/addons/dhcp/nxd_dhcp_client.c:761:7:_nx_dhcp_interface_clear_broadcast_flag	32	static
../azure-rtos/netxduo/addons/dhcp/nxd_dhcp_client.c:836:7:_nxe_dhcp_packet_pool_set	16	static
../azure-rtos/netxduo/addons/dhcp/nxd_dhcp_client.c:916:7:_nx_dhcp_packet_pool_set	16	static
../azure-rtos/netxduo/addons/dhcp/nxd_dhcp_client.c:984:6:_nxe_dhcp_reinitialize	24	static
../azure-rtos/netxduo/addons/dhcp/nxd_dhcp_client.c:1049:6:_nx_dhcp_reinitialize	24	static
../azure-rtos/netxduo/addons/dhcp/nxd_dhcp_client.c:1116:6:_nxe_dhcp_interface_reinitialize	24	static
../azure-rtos/netxduo/addons/dhcp/nxd_dhcp_client.c:1197:6:_nx_dhcp_interface_reinitialize	40	static
../azure-rtos/netxduo/addons/dhcp/nxd_dhcp_client.c:1335:7:_nxe_dhcp_request_client_ip	32	static
../azure-rtos/netxduo/addons/dhcp/nxd_dhcp_client.c:1416:7:_nx_dhcp_request_client_ip	32	static
../azure-rtos/netxduo/addons/dhcp/nxd_dhcp_client.c:1493:7:_nxe_dhcp_interface_request_client_ip	32	static
../azure-rtos/netxduo/addons/dhcp/nxd_dhcp_client.c:1562:7:_nx_dhcp_interface_request_client_ip	32	static
../azure-rtos/netxduo/addons/dhcp/nxd_dhcp_client.c:1637:7:_nxe_dhcp_delete	24	static
../azure-rtos/netxduo/addons/dhcp/nxd_dhcp_client.c:1712:7:_nx_dhcp_delete	40	static
../azure-rtos/netxduo/addons/dhcp/nxd_dhcp_client.c:1842:7:_nxe_dhcp_force_renew	24	static
../azure-rtos/netxduo/addons/dhcp/nxd_dhcp_client.c:1907:7:_nx_dhcp_force_renew	24	static
../azure-rtos/netxduo/addons/dhcp/nxd_dhcp_client.c:1979:7:_nxe_dhcp_interface_force_renew	24	static
../azure-rtos/netxduo/addons/dhcp/nxd_dhcp_client.c:2047:7:_nx_dhcp_interface_force_renew	32	static
../azure-rtos/netxduo/addons/dhcp/nxd_dhcp_client.c:2158:7:_nxe_dhcp_decline	24	static
../azure-rtos/netxduo/addons/dhcp/nxd_dhcp_client.c:2226:7:_nx_dhcp_decline	24	static
../azure-rtos/netxduo/addons/dhcp/nxd_dhcp_client.c:2298:6:_nxe_dhcp_interface_decline	24	static
../azure-rtos/netxduo/addons/dhcp/nxd_dhcp_client.c:2373:6:_nx_dhcp_interface_decline	24	static
../azure-rtos/netxduo/addons/dhcp/nxd_dhcp_client.c:2483:7:_nxe_dhcp_release	24	static
../azure-rtos/netxduo/addons/dhcp/nxd_dhcp_client.c:2548:6:_nx_dhcp_release	24	static
../azure-rtos/netxduo/addons/dhcp/nxd_dhcp_client.c:2619:6:_nxe_dhcp_interface_release	24	static
../azure-rtos/netxduo/addons/dhcp/nxd_dhcp_client.c:2696:7:_nx_dhcp_interface_release	32	static
../azure-rtos/netxduo/addons/dhcp/nxd_dhcp_client.c:2828:7:_nxe_dhcp_start	24	static
../azure-rtos/netxduo/addons/dhcp/nxd_dhcp_client.c:2898:7:_nx_dhcp_start	32	static
../azure-rtos/netxduo/addons/dhcp/nxd_dhcp_client.c:2994:7:_nxe_dhcp_interface_start	24	static
../azure-rtos/netxduo/addons/dhcp/nxd_dhcp_client.c:3072:7:_nx_dhcp_interface_start	32	static
../azure-rtos/netxduo/addons/dhcp/nxd_dhcp_client.c:3244:7:_nxe_dhcp_interface_enable	24	static
../azure-rtos/netxduo/addons/dhcp/nxd_dhcp_client.c:3318:7:_nx_dhcp_interface_enable	40	static
../azure-rtos/netxduo/addons/dhcp/nxd_dhcp_client.c:3439:6:_nxe_dhcp_interface_disable	24	static
../azure-rtos/netxduo/addons/dhcp/nxd_dhcp_client.c:3515:6:_nx_dhcp_interface_disable	24	static
../azure-rtos/netxduo/addons/dhcp/nxd_dhcp_client.c:3593:7:_nxe_dhcp_state_change_notify	32	static
../azure-rtos/netxduo/addons/dhcp/nxd_dhcp_client.c:3658:7:_nx_dhcp_state_change_notify	16	static
../azure-rtos/netxduo/addons/dhcp/nxd_dhcp_client.c:3718:7:_nxe_dhcp_interface_state_change_notify	24	static
../azure-rtos/netxduo/addons/dhcp/nxd_dhcp_client.c:3783:7:_nx_dhcp_interface_state_change_notify	16	static
../azure-rtos/netxduo/addons/dhcp/nxd_dhcp_client.c:3841:7:_nxe_dhcp_stop	24	static
../azure-rtos/netxduo/addons/dhcp/nxd_dhcp_client.c:3914:7:_nx_dhcp_stop	24	static
../azure-rtos/netxduo/addons/dhcp/nxd_dhcp_client.c:3995:7:_nxe_dhcp_interface_stop	24	static
../azure-rtos/netxduo/addons/dhcp/nxd_dhcp_client.c:4075:6:_nx_dhcp_interface_stop	32	static
../azure-rtos/netxduo/addons/dhcp/nxd_dhcp_client.c:4210:7:_nxe_dhcp_user_option_retrieve	32	static
../azure-rtos/netxduo/addons/dhcp/nxd_dhcp_client.c:4283:7:_nx_dhcp_user_option_retrieve	40	static
../azure-rtos/netxduo/addons/dhcp/nxd_dhcp_client.c:4358:7:_nxe_dhcp_user_option_request	24	static
../azure-rtos/netxduo/addons/dhcp/nxd_dhcp_client.c:4418:7:_nx_dhcp_user_option_request	24	static
../azure-rtos/netxduo/addons/dhcp/nxd_dhcp_client.c:4514:7:_nxe_dhcp_interface_user_option_retrieve	40	static
../azure-rtos/netxduo/addons/dhcp/nxd_dhcp_client.c:4597:7:_nx_dhcp_interface_user_option_retrieve	48	static
../azure-rtos/netxduo/addons/dhcp/nxd_dhcp_client.c:4758:8:_nxe_dhcp_user_option_convert	24	static
../azure-rtos/netxduo/addons/dhcp/nxd_dhcp_client.c:4817:8:_nx_dhcp_user_option_convert	24	static
../azure-rtos/netxduo/addons/dhcp/nxd_dhcp_client.c:4877:7:_nxe_dhcp_user_option_add_callback_set	24	static
../azure-rtos/netxduo/addons/dhcp/nxd_dhcp_client.c:4938:7:_nx_dhcp_user_option_add_callback_set	16	static
../azure-rtos/netxduo/addons/dhcp/nxd_dhcp_client.c:5000:6:_nx_dhcp_udp_receive_notify	24	static
../azure-rtos/netxduo/addons/dhcp/nxd_dhcp_client.c:5054:6:_nx_dhcp_timeout_entry	24	static
../azure-rtos/netxduo/addons/dhcp/nxd_dhcp_client.c:5118:14:_nx_dhcp_thread_entry	72	static
../azure-rtos/netxduo/addons/dhcp/nxd_dhcp_client.c:5297:7:_nx_dhcp_packet_process	88	static
../azure-rtos/netxduo/addons/dhcp/nxd_dhcp_client.c:5803:6:_nx_dhcp_timeout_process	32	static
../azure-rtos/netxduo/addons/dhcp/nxd_dhcp_client.c:6230:7:_nxe_dhcp_send_request	24	static
../azure-rtos/netxduo/addons/dhcp/nxd_dhcp_client.c:6305:7:_nx_dhcp_send_request	24	static
../azure-rtos/netxduo/addons/dhcp/nxd_dhcp_client.c:6383:7:_nxe_dhcp_interface_send_request	32	static
../azure-rtos/netxduo/addons/dhcp/nxd_dhcp_client.c:6466:7:_nx_dhcp_interface_send_request	32	static
../azure-rtos/netxduo/addons/dhcp/nxd_dhcp_client.c:6595:14:_nx_dhcp_send_request_internal	88	static
../azure-rtos/netxduo/addons/dhcp/nxd_dhcp_client.c:7049:14:_nx_dhcp_client_send_with_zero_source_address	104	static
../azure-rtos/netxduo/addons/dhcp/nxd_dhcp_client.c:7390:14:_nx_dhcp_extract_information	32	static
../azure-rtos/netxduo/addons/dhcp/nxd_dhcp_client.c:7679:14:_nx_dhcp_get_option_value	40	static
../azure-rtos/netxduo/addons/dhcp/nxd_dhcp_client.c:7779:7:_nx_dhcp_add_option_value	24	static
../azure-rtos/netxduo/addons/dhcp/nxd_dhcp_client.c:7844:14:_nx_dhcp_add_option_string	24	static
../azure-rtos/netxduo/addons/dhcp/nxd_dhcp_client.c:7905:14:_nx_dhcp_add_option_parameter_request	24	static
../azure-rtos/netxduo/addons/dhcp/nxd_dhcp_client.c:7976:14:_nx_dhcp_add_randomize	24	static
../azure-rtos/netxduo/addons/dhcp/nxd_dhcp_client.c:8050:14:_nx_dhcp_update_timeout	16	static
../azure-rtos/netxduo/addons/dhcp/nxd_dhcp_client.c:8115:14:_nx_dhcp_update_renewal_timeout	16	static
../azure-rtos/netxduo/addons/dhcp/nxd_dhcp_client.c:8199:16:_nx_dhcp_search_buffer	40	static
../azure-rtos/netxduo/addons/dhcp/nxd_dhcp_client.c:8304:15:_nx_dhcp_get_data	24	static
../azure-rtos/netxduo/addons/dhcp/nxd_dhcp_client.c:8371:14:_nx_dhcp_store_data	24	static
../azure-rtos/netxduo/addons/dhcp/nxd_dhcp_client.c:8423:14:_nx_dhcp_move_string	24	static
../azure-rtos/netxduo/addons/dhcp/nxd_dhcp_client.c:8479:6:_nxe_dhcp_server_address_get	24	static
../azure-rtos/netxduo/addons/dhcp/nxd_dhcp_client.c:8552:6:_nx_dhcp_server_address_get	24	static
../azure-rtos/netxduo/addons/dhcp/nxd_dhcp_client.c:8629:6:_nxe_dhcp_interface_server_address_get	32	static
../azure-rtos/netxduo/addons/dhcp/nxd_dhcp_client.c:8703:6:_nx_dhcp_interface_server_address_get	32	static
../azure-rtos/netxduo/addons/dhcp/nxd_dhcp_client.c:8871:6:_nxe_dhcp_set_interface_index	24	static
../azure-rtos/netxduo/addons/dhcp/nxd_dhcp_client.c:8944:6:_nx_dhcp_set_interface_index	24	static
../azure-rtos/netxduo/addons/dhcp/nxd_dhcp_client.c:9019:13:_nx_dhcp_interface_record_find	32	static
