../azure-rtos/netxduo/addons/dhcp/nxd_dhcp_server.c:142:7:_nxe_dhcp_server_create	48	static
../azure-rtos/netxduo/addons/dhcp/nxd_dhcp_server.c:228:7:_nx_dhcp_server_create	72	static
../azure-rtos/netxduo/addons/dhcp/nxd_dhcp_server.c:484:14:_nx_dhcp_fast_periodic_timer_entry	24	static
../azure-rtos/netxduo/addons/dhcp/nxd_dhcp_server.c:541:14:_nx_dhcp_slow_periodic_timer_entry	24	static
../azure-rtos/netxduo/addons/dhcp/nxd_dhcp_server.c:598:7:_nx_dhcp_server_socket_receive_notify	24	static
../azure-rtos/netxduo/addons/dhcp/nxd_dhcp_server.c:653:7:_nxe_dhcp_server_delete	24	static
../azure-rtos/netxduo/addons/dhcp/nxd_dhcp_server.c:724:7:_nx_dhcp_server_delete	16	static
../azure-rtos/netxduo/addons/dhcp/nxd_dhcp_server.c:815:6:_nxe_dhcp_create_server_ip_address_list	40	static
../azure-rtos/netxduo/addons/dhcp/nxd_dhcp_server.c:904:7:_nx_dhcp_create_server_ip_address_list	48	static
../azure-rtos/netxduo/addons/dhcp/nxd_dhcp_server.c:1065:7:_nxe_dhcp_set_interface_network_parameters	40	static
../azure-rtos/netxduo/addons/dhcp/nxd_dhcp_server.c:1139:7:_nx_dhcp_set_interface_network_parameters	32	static
../azure-rtos/netxduo/addons/dhcp/nxd_dhcp_server.c:1216:7:_nxe_dhcp_server_start	32	static
../azure-rtos/netxduo/addons/dhcp/nxd_dhcp_server.c:1285:7:_nx_dhcp_server_start	24	static
../azure-rtos/netxduo/addons/dhcp/nxd_dhcp_server.c:1371:7:_nxe_dhcp_server_stop	24	static
../azure-rtos/netxduo/addons/dhcp/nxd_dhcp_server.c:1440:7:_nx_dhcp_server_stop	24	static
../azure-rtos/netxduo/addons/dhcp/nxd_dhcp_server.c:1533:14:_nx_dhcp_server_thread_entry	64	static
../azure-rtos/netxduo/addons/dhcp/nxd_dhcp_server.c:1793:14:_nx_dhcp_respond_to_client_message	48	static
../azure-rtos/netxduo/addons/dhcp/nxd_dhcp_server.c:2103:14:_nx_dhcp_clear_client_session	24	static
../azure-rtos/netxduo/addons/dhcp/nxd_dhcp_server.c:2176:7:_nxe_dhcp_clear_client_record	24	static
../azure-rtos/netxduo/addons/dhcp/nxd_dhcp_server.c:2246:7:_nx_dhcp_clear_client_record	24	static
../azure-rtos/netxduo/addons/dhcp/nxd_dhcp_server.c:2362:14:_nx_dhcp_load_server_options	56	static
../azure-rtos/netxduo/addons/dhcp/nxd_dhcp_server.c:2507:14:_nx_dhcp_set_server_options	40	static
../azure-rtos/netxduo/addons/dhcp/nxd_dhcp_server.c:2601:14:_nx_dhcp_parse_next_option	48	static
../azure-rtos/netxduo/addons/dhcp/nxd_dhcp_server.c:2722:14:_nx_dhcp_server_packet_process	48	static
../azure-rtos/netxduo/addons/dhcp/nxd_dhcp_server.c:3165:7:_nx_dhcp_find_client_record_by_ip_address	32	static
../azure-rtos/netxduo/addons/dhcp/nxd_dhcp_server.c:3268:14:_nx_dhcp_find_client_record_by_chaddr	40	static
../azure-rtos/netxduo/addons/dhcp/nxd_dhcp_server.c:3422:14:_nx_dhcp_find_interface_table_ip_address	32	static
../azure-rtos/netxduo/addons/dhcp/nxd_dhcp_server.c:3514:14:_nx_dhcp_update_assignable_ip_address	40	static
../azure-rtos/netxduo/addons/dhcp/nxd_dhcp_server.c:3657:14:_nx_dhcp_find_ip_address_owner	24	static
../azure-rtos/netxduo/addons/dhcp/nxd_dhcp_server.c:3723:14:_nx_dhcp_record_ip_address_owner	24	static
../azure-rtos/netxduo/addons/dhcp/nxd_dhcp_server.c:3799:14:_nx_dhcp_clear_ip_address_owner	16	static
../azure-rtos/netxduo/addons/dhcp/nxd_dhcp_server.c:3863:14:_nx_dhcp_validate_client_message	56	static
../azure-rtos/netxduo/addons/dhcp/nxd_dhcp_server.c:4597:14:_nx_dhcp_server_assign_ip_address	40	static
../azure-rtos/netxduo/addons/dhcp/nxd_dhcp_server.c:4876:14:_nx_dhcp_server_extract_information	72	static
../azure-rtos/netxduo/addons/dhcp/nxd_dhcp_server.c:5161:14:_nx_dhcp_process_option_data	32	static
../azure-rtos/netxduo/addons/dhcp/nxd_dhcp_server.c:5355:14:_nx_dhcp_add_requested_option	40	static
../azure-rtos/netxduo/addons/dhcp/nxd_dhcp_server.c:5434:14:_nx_dhcp_add_option	24	static
../azure-rtos/netxduo/addons/dhcp/nxd_dhcp_server.c:5502:14:_nx_dhcp_server_get_data	24	static
../azure-rtos/netxduo/addons/dhcp/nxd_dhcp_server.c:5574:14:_nx_dhcp_server_store_data	24	static
