../azure-rtos/netxduo/addons/dhcp/nxd_dhcpv6_client.c:104:7:_nx_dhcpv6_add_client_duid	48	static
../azure-rtos/netxduo/addons/dhcp/nxd_dhcpv6_client.c:252:6:_nx_dhcpv6_add_elapsed_time	32	static
../azure-rtos/netxduo/addons/dhcp/nxd_dhcpv6_client.c:339:6:_nx_dhcpv6_add_ia_address	32	static
../azure-rtos/netxduo/addons/dhcp/nxd_dhcpv6_client.c:505:6:_nx_dhcpv6_add_iana	48	static
../azure-rtos/netxduo/addons/dhcp/nxd_dhcpv6_client.c:665:6:_nx_dhcpv6_add_option_request	40	static
../azure-rtos/netxduo/addons/dhcp/nxd_dhcpv6_client.c:856:6:_nx_dhcpv6_add_server_duid	48	static
../azure-rtos/netxduo/addons/dhcp/nxd_dhcpv6_client.c:1006:6:_nx_dhcpv6_add_client_FQDN	40	static
../azure-rtos/netxduo/addons/dhcp/nxd_dhcpv6_client.c:1100:7:_nxe_dhcpv6_client_create	48	static
../azure-rtos/netxduo/addons/dhcp/nxd_dhcpv6_client.c:1192:7:_nx_dhcpv6_client_create	64	static
../azure-rtos/netxduo/addons/dhcp/nxd_dhcpv6_client.c:1472:7:_nxe_dhcpv6_client_delete	24	static
../azure-rtos/netxduo/addons/dhcp/nxd_dhcpv6_client.c:1541:7:_nx_dhcpv6_client_delete	16	static
../azure-rtos/netxduo/addons/dhcp/nxd_dhcpv6_client.c:1622:9:_nxe_dhcpv6_create_client_duid	32	static
../azure-rtos/netxduo/addons/dhcp/nxd_dhcpv6_client.c:1715:9:_nx_dhcpv6_create_client_duid	32	static
../azure-rtos/netxduo/addons/dhcp/nxd_dhcpv6_client.c:1834:9:_nxe_dhcpv6_add_client_ia	32	static
../azure-rtos/netxduo/addons/dhcp/nxd_dhcpv6_client.c:1928:9:_nx_dhcpv6_add_client_ia	32	static
../azure-rtos/netxduo/addons/dhcp/nxd_dhcpv6_client.c:2038:9:_nxe_dhcpv6_create_client_iana	32	static
../azure-rtos/netxduo/addons/dhcp/nxd_dhcpv6_client.c:2113:9:_nx_dhcpv6_create_client_iana	24	static
../azure-rtos/netxduo/addons/dhcp/nxd_dhcpv6_client.c:2177:6:_nxe_dhcpv6_get_client_duid_time_id	24	static
../azure-rtos/netxduo/addons/dhcp/nxd_dhcpv6_client.c:2245:8:_nx_dhcpv6_get_client_duid_time_id	16	static
../azure-rtos/netxduo/addons/dhcp/nxd_dhcpv6_client.c:2306:6:_nx_dhcpv6_register_IP_address	40	static
../azure-rtos/netxduo/addons/dhcp/nxd_dhcpv6_client.c:2401:6:_nxe_dhcpv6_get_IP_address	24	static
../azure-rtos/netxduo/addons/dhcp/nxd_dhcpv6_client.c:2474:6:_nx_dhcpv6_get_IP_address	24	static
../azure-rtos/netxduo/addons/dhcp/nxd_dhcpv6_client.c:2546:6:_nxe_dhcpv6_get_lease_time_data	40	static
../azure-rtos/netxduo/addons/dhcp/nxd_dhcpv6_client.c:2618:6:_nx_dhcpv6_get_lease_time_data	24	static
../azure-rtos/netxduo/addons/dhcp/nxd_dhcpv6_client.c:2683:7:_nxe_dhcpv6_get_DNS_server_address	32	static
../azure-rtos/netxduo/addons/dhcp/nxd_dhcpv6_client.c:2758:7:_nx_dhcpv6_get_DNS_server_address	24	static
../azure-rtos/netxduo/addons/dhcp/nxd_dhcpv6_client.c:2817:7:_nxe_dhcpv6_get_time_server_address	32	static
../azure-rtos/netxduo/addons/dhcp/nxd_dhcpv6_client.c:2891:7:_nx_dhcpv6_get_time_server_address	24	static
../azure-rtos/netxduo/addons/dhcp/nxd_dhcpv6_client.c:2952:7:_nxe_dhcpv6_get_other_option_data	32	static
../azure-rtos/netxduo/addons/dhcp/nxd_dhcpv6_client.c:3030:7:_nx_dhcpv6_get_other_option_data	32	static
../azure-rtos/netxduo/addons/dhcp/nxd_dhcpv6_client.c:3126:6:_nxe_dhcpv6_get_time_accrued	24	static
../azure-rtos/netxduo/addons/dhcp/nxd_dhcpv6_client.c:3194:6:_nx_dhcpv6_get_time_accrued	24	static
../azure-rtos/netxduo/addons/dhcp/nxd_dhcpv6_client.c:3270:6:_nxe_dhcpv6_get_iana_lease_time	32	static
../azure-rtos/netxduo/addons/dhcp/nxd_dhcpv6_client.c:3334:6:_nx_dhcpv6_get_iana_lease_time	32	static
../azure-rtos/netxduo/addons/dhcp/nxd_dhcpv6_client.c:3412:6:_nxe_dhcpv6_get_valid_ip_address_count	24	static
../azure-rtos/netxduo/addons/dhcp/nxd_dhcpv6_client.c:3476:6:_nx_dhcpv6_get_valid_ip_address_count	24	static
../azure-rtos/netxduo/addons/dhcp/nxd_dhcpv6_client.c:3548:6:_nxe_dhcpv6_get_valid_ip_address_lease_time	40	static
../azure-rtos/netxduo/addons/dhcp/nxd_dhcpv6_client.c:3616:6:_nx_dhcpv6_get_valid_ip_address_lease_time	40	static
../azure-rtos/netxduo/addons/dhcp/nxd_dhcpv6_client.c:3714:7:_nx_dhcpv6_IP_lifetime_timeout_entry	24	static
../azure-rtos/netxduo/addons/dhcp/nxd_dhcpv6_client.c:3792:7:_nx_dhcpv6_process	24	static
../azure-rtos/netxduo/addons/dhcp/nxd_dhcpv6_client.c:4553:6:_nx_dhcpv6_process_client_duid	32	static
../azure-rtos/netxduo/addons/dhcp/nxd_dhcpv6_client.c:4730:6:_nx_dhcpv6_process_domain_name	48	static
../azure-rtos/netxduo/addons/dhcp/nxd_dhcpv6_client.c:4841:7:_nx_dhcpv6_name_string_encode	24	static
../azure-rtos/netxduo/addons/dhcp/nxd_dhcpv6_client.c:4944:6:_nx_dhcpv6_name_string_unencode	40	static
../azure-rtos/netxduo/addons/dhcp/nxd_dhcpv6_client.c:5055:6:_nx_dhcpv6_process_DNS_server	40	static
../azure-rtos/netxduo/addons/dhcp/nxd_dhcpv6_client.c:5167:6:_nx_dhcpv6_process_ia	64	static
../azure-rtos/netxduo/addons/dhcp/nxd_dhcpv6_client.c:5382:6:_nx_dhcpv6_process_iana	72	static
../azure-rtos/netxduo/addons/dhcp/nxd_dhcpv6_client.c:5660:6:_nx_dhcpv6_process_preference	24	static
../azure-rtos/netxduo/addons/dhcp/nxd_dhcpv6_client.c:5727:6:_nx_dhcpv6_process_server_duid	48	static
../azure-rtos/netxduo/addons/dhcp/nxd_dhcpv6_client.c:5915:6:_nx_dhcpv6_process_status	40	static
../azure-rtos/netxduo/addons/dhcp/nxd_dhcpv6_client.c:6005:6:_nx_dhcpv6_process_time_zone	32	static
../azure-rtos/netxduo/addons/dhcp/nxd_dhcpv6_client.c:6078:6:_nx_dhcpv6_process_time_server	40	static
../azure-rtos/netxduo/addons/dhcp/nxd_dhcpv6_client.c:6180:6:_nx_dhcpv6_remove_assigned_address	24	static
../azure-rtos/netxduo/addons/dhcp/nxd_dhcpv6_client.c:6314:7:_nx_dhcpv6_request	24	static
../azure-rtos/netxduo/addons/dhcp/nxd_dhcpv6_client.c:6411:7:_nxe_dhcpv6_request_confirm	24	static
../azure-rtos/netxduo/addons/dhcp/nxd_dhcpv6_client.c:6480:7:_nx_dhcpv6_request_confirm	24	static
../azure-rtos/netxduo/addons/dhcp/nxd_dhcpv6_client.c:6551:7:_nx_dhcpv6_request_decline	24	static
../azure-rtos/netxduo/addons/dhcp/nxd_dhcpv6_client.c:6652:7:_nxe_dhcpv6_request_inform_request	24	static
../azure-rtos/netxduo/addons/dhcp/nxd_dhcpv6_client.c:6716:7:_nx_dhcpv6_request_inform_request	24	static
../azure-rtos/netxduo/addons/dhcp/nxd_dhcpv6_client.c:6791:7:_nxe_dhcpv6_request_option_DNS_server	24	static
../azure-rtos/netxduo/addons/dhcp/nxd_dhcpv6_client.c:6857:7:_nx_dhcpv6_request_option_DNS_server	16	static
../azure-rtos/netxduo/addons/dhcp/nxd_dhcpv6_client.c:6924:7:_nxe_dhcpv6_request_option_domain_name	24	static
../azure-rtos/netxduo/addons/dhcp/nxd_dhcpv6_client.c:6991:7:_nx_dhcpv6_request_option_domain_name	16	static
../azure-rtos/netxduo/addons/dhcp/nxd_dhcpv6_client.c:7056:7:_nxe_dhcpv6_request_option_time_server	24	static
../azure-rtos/netxduo/addons/dhcp/nxd_dhcpv6_client.c:7123:7:_nx_dhcpv6_request_option_time_server	16	static
../azure-rtos/netxduo/addons/dhcp/nxd_dhcpv6_client.c:7187:7:_nxe_dhcpv6_request_option_timezone	24	static
../azure-rtos/netxduo/addons/dhcp/nxd_dhcpv6_client.c:7254:7:_nx_dhcpv6_request_option_timezone	16	static
../azure-rtos/netxduo/addons/dhcp/nxd_dhcpv6_client.c:7319:7:_nxe_dhcpv6_request_option_FQDN	32	static
../azure-rtos/netxduo/addons/dhcp/nxd_dhcpv6_client.c:7385:7:_nx_dhcpv6_request_option_FQDN	32	static
../azure-rtos/netxduo/addons/dhcp/nxd_dhcpv6_client.c:7489:7:_nx_dhcpv6_request_rebind	32	static
../azure-rtos/netxduo/addons/dhcp/nxd_dhcpv6_client.c:7591:7:_nxe_dhcpv6_request_release	24	static
../azure-rtos/netxduo/addons/dhcp/nxd_dhcpv6_client.c:7656:7:_nx_dhcpv6_request_release	24	static
../azure-rtos/netxduo/addons/dhcp/nxd_dhcpv6_client.c:7772:7:_nx_dhcpv6_request_renew	24	static
../azure-rtos/netxduo/addons/dhcp/nxd_dhcpv6_client.c:7854:7:_nxe_dhcpv6_request_solicit	24	static
../azure-rtos/netxduo/addons/dhcp/nxd_dhcpv6_client.c:7919:7:_nx_dhcpv6_request_solicit	24	static
../azure-rtos/netxduo/addons/dhcp/nxd_dhcpv6_client.c:8003:7:_nxe_dhcpv6_request_solicit_rapid	24	static
../azure-rtos/netxduo/addons/dhcp/nxd_dhcpv6_client.c:8067:7:_nx_dhcpv6_request_solicit_rapid	24	static
../azure-rtos/netxduo/addons/dhcp/nxd_dhcpv6_client.c:8146:8:_nxe_dhcpv6_resume	24	static
../azure-rtos/netxduo/addons/dhcp/nxd_dhcpv6_client.c:8209:7:_nx_dhcpv6_resume	24	static
../azure-rtos/netxduo/addons/dhcp/nxd_dhcpv6_client.c:8381:7:_nx_dhcpv6_send_request	72	static
../azure-rtos/netxduo/addons/dhcp/nxd_dhcpv6_client.c:9184:7:_nx_dhcpv6_session_timeout_entry	24	static
../azure-rtos/netxduo/addons/dhcp/nxd_dhcpv6_client.c:9254:6:_nxe_dhcpv6_set_time_accrued	24	static
../azure-rtos/netxduo/addons/dhcp/nxd_dhcpv6_client.c:9318:6:_nx_dhcpv6_set_time_accrued	16	static
../azure-rtos/netxduo/addons/dhcp/nxd_dhcpv6_client.c:9380:6:_nxe_dhcpv6_client_set_interface	24	static
../azure-rtos/netxduo/addons/dhcp/nxd_dhcpv6_client.c:9450:6:_nx_dhcpv6_client_set_interface	16	static
../azure-rtos/netxduo/addons/dhcp/nxd_dhcpv6_client.c:9505:6:_nxe_dhcpv6_client_set_destination_address	24	static
../azure-rtos/netxduo/addons/dhcp/nxd_dhcpv6_client.c:9582:6:_nx_dhcpv6_client_set_destination_address	16	static
../azure-rtos/netxduo/addons/dhcp/nxd_dhcpv6_client.c:9642:7:_nxe_dhcpv6_start	24	static
../azure-rtos/netxduo/addons/dhcp/nxd_dhcpv6_client.c:9716:7:_nx_dhcpv6_start	24	static
../azure-rtos/netxduo/addons/dhcp/nxd_dhcpv6_client.c:9835:7:_nxe_dhcpv6_suspend	24	static
../azure-rtos/netxduo/addons/dhcp/nxd_dhcpv6_client.c:9904:7:_nx_dhcpv6_suspend	24	static
../azure-rtos/netxduo/addons/dhcp/nxd_dhcpv6_client.c:9956:7:_nxe_dhcpv6_stop	24	static
../azure-rtos/netxduo/addons/dhcp/nxd_dhcpv6_client.c:10029:7:_nx_dhcpv6_stop	24	static
../azure-rtos/netxduo/addons/dhcp/nxd_dhcpv6_client.c:10137:6:_nxe_dhcpv6_reinitialize	24	static
../azure-rtos/netxduo/addons/dhcp/nxd_dhcpv6_client.c:10203:6:_nx_dhcpv6_reinitialize	24	static
../azure-rtos/netxduo/addons/dhcp/nxd_dhcpv6_client.c:10277:7:_nx_dhcpv6_thread_entry	48	static
../azure-rtos/netxduo/addons/dhcp/nxd_dhcpv6_client.c:10479:7:_nx_dhcpv6_utility_get_block_option_length	24	static
../azure-rtos/netxduo/addons/dhcp/nxd_dhcpv6_client.c:10560:7:_nx_dhcpv6_utility_get_data	24	static
../azure-rtos/netxduo/addons/dhcp/nxd_dhcpv6_client.c:10627:6:_nx_dhcpv6_utility_time_randomize	24	static
../azure-rtos/netxduo/addons/dhcp/nxd_dhcpv6_client.c:10695:6:_nx_dhcpv6_waiting_on_reply	56	static
../azure-rtos/netxduo/addons/dhcp/nxd_dhcpv6_client.c:10913:6:_nx_dhcpv6_packet_process	64	static
../azure-rtos/netxduo/addons/dhcp/nxd_dhcpv6_client.c:11095:7:_nx_dhcpv6_scan_packet_options	104	static
../azure-rtos/netxduo/addons/dhcp/nxd_dhcpv6_client.c:11599:7:_nx_dhcpv6_preprocess_packet_information	24	static
../azure-rtos/netxduo/addons/dhcp/nxd_dhcpv6_client.c:11790:7:_nx_dhcpv6_extract_packet_information	48	static
../azure-rtos/netxduo/addons/dhcp/nxd_dhcpv6_client.c:12005:7:_nx_dhcpv6_flush_queue_packets	24	static
../azure-rtos/netxduo/addons/dhcp/nxd_dhcpv6_client.c:12070:6:_nx_dhcpv6_update_retransmit_info	16	static
../azure-rtos/netxduo/addons/dhcp/nxd_dhcpv6_client.c:12155:6:_nxe_dhcpv6_user_option_add_callback_set	24	static
../azure-rtos/netxduo/addons/dhcp/nxd_dhcpv6_client.c:12214:6:_nx_dhcpv6_user_option_add_callback_set	16	static
