../azure-rtos/netxduo/addons/dhcp/nxd_dhcpv6_server.c:98:7:_nxe_dhcpv6_server_create	48	static
../azure-rtos/netxduo/addons/dhcp/nxd_dhcpv6_server.c:192:7:_nx_dhcpv6_server_create	72	static
../azure-rtos/netxduo/addons/dhcp/nxd_dhcpv6_server.c:407:7:_nxe_dhcpv6_server_option_request_handler_set	24	static
../azure-rtos/netxduo/addons/dhcp/nxd_dhcpv6_server.c:471:7:_nx_dhcpv6_server_option_request_handler_set	16	static
../azure-rtos/netxduo/addons/dhcp/nxd_dhcpv6_server.c:541:6:_nxe_dhcpv6_add_client_record	80	static
../azure-rtos/netxduo/addons/dhcp/nxd_dhcpv6_server.c:663:6:_nx_dhcpv6_add_client_record	40	static
../azure-rtos/netxduo/addons/dhcp/nxd_dhcpv6_server.c:862:6:_nxe_dhcpv6_retrieve_client_record	80	static
../azure-rtos/netxduo/addons/dhcp/nxd_dhcpv6_server.c:960:6:_nx_dhcpv6_retrieve_client_record	32	static
../azure-rtos/netxduo/addons/dhcp/nxd_dhcpv6_server.c:1109:6:_nxe_dhcpv6_add_ip_address_lease	48	static
../azure-rtos/netxduo/addons/dhcp/nxd_dhcpv6_server.c:1202:6:_nx_dhcpv6_add_ip_address_lease	40	static
../azure-rtos/netxduo/addons/dhcp/nxd_dhcpv6_server.c:1331:6:_nxe_dhcpv6_retrieve_ip_address_lease	48	static
../azure-rtos/netxduo/addons/dhcp/nxd_dhcpv6_server.c:1405:6:_nx_dhcpv6_retrieve_ip_address_lease	32	static
../azure-rtos/netxduo/addons/dhcp/nxd_dhcpv6_server.c:1478:7:_nxe_dhcpv6_server_delete	24	static
../azure-rtos/netxduo/addons/dhcp/nxd_dhcpv6_server.c:1545:7:_nx_dhcpv6_server_delete	16	static
../azure-rtos/netxduo/addons/dhcp/nxd_dhcpv6_server.c:1621:7:_nxe_dhcpv6_create_ip_address_range	32	static
../azure-rtos/netxduo/addons/dhcp/nxd_dhcpv6_server.c:1707:7:_nx_dhcpv6_create_ip_address_range	64	static
../azure-rtos/netxduo/addons/dhcp/nxd_dhcpv6_server.c:1837:7:_nxe_dhcpv6_reserve_ip_address_range	32	static
../azure-rtos/netxduo/addons/dhcp/nxd_dhcpv6_server.c:1922:7:_nx_dhcpv6_reserve_ip_address_range	64	static
../azure-rtos/netxduo/addons/dhcp/nxd_dhcpv6_server.c:2068:7:_nxe_dhcpv6_create_dns_address	24	static
../azure-rtos/netxduo/addons/dhcp/nxd_dhcpv6_server.c:2137:7:_nx_dhcpv6_create_dns_address	32	static
../azure-rtos/netxduo/addons/dhcp/nxd_dhcpv6_server.c:2213:9:_nxe_dhcpv6_set_server_duid	40	static
../azure-rtos/netxduo/addons/dhcp/nxd_dhcpv6_server.c:2297:9:_nx_dhcpv6_set_server_duid	32	static
../azure-rtos/netxduo/addons/dhcp/nxd_dhcpv6_server.c:2420:9:_nx_dhcpv6_prepare_iana_status	16	static
../azure-rtos/netxduo/addons/dhcp/nxd_dhcpv6_server.c:2569:9:_nx_dhcpv6_add_preference	32	static
../azure-rtos/netxduo/addons/dhcp/nxd_dhcpv6_server.c:2663:6:_nx_dhcpv6_add_option_requests	64	static
../azure-rtos/netxduo/addons/dhcp/nxd_dhcpv6_server.c:2833:6:_nxe_dhcpv6_server_interface_set	32	static
../azure-rtos/netxduo/addons/dhcp/nxd_dhcpv6_server.c:2908:6:_nx_dhcpv6_server_interface_set	24	static
../azure-rtos/netxduo/addons/dhcp/nxd_dhcpv6_server.c:2957:7:_nx_dhcpv6_server_lease_timeout_entry	24	static
../azure-rtos/netxduo/addons/dhcp/nxd_dhcpv6_server.c:3017:7:_nxe_dhcpv6_server_resume	24	static
../azure-rtos/netxduo/addons/dhcp/nxd_dhcpv6_server.c:3082:7:_nx_dhcpv6_server_resume	24	static
../azure-rtos/netxduo/addons/dhcp/nxd_dhcpv6_server.c:3178:7:_nx_dhcpv6_server_session_timeout_entry	24	static
../azure-rtos/netxduo/addons/dhcp/nxd_dhcpv6_server.c:3236:7:_nxe_dhcpv6_server_start	24	static
../azure-rtos/netxduo/addons/dhcp/nxd_dhcpv6_server.c:3306:7:_nx_dhcpv6_server_start	40	static
../azure-rtos/netxduo/addons/dhcp/nxd_dhcpv6_server.c:3485:7:_nx_dhcpv6_server_socket_receive_notify	24	static
../azure-rtos/netxduo/addons/dhcp/nxd_dhcpv6_server.c:3542:7:_nxe_dhcpv6_server_suspend	24	static
../azure-rtos/netxduo/addons/dhcp/nxd_dhcpv6_server.c:3607:7:_nx_dhcpv6_server_suspend	16	static
../azure-rtos/netxduo/addons/dhcp/nxd_dhcpv6_server.c:3690:7:_nx_dhcpv6_server_thread_entry	64	static
../azure-rtos/netxduo/addons/dhcp/nxd_dhcpv6_server.c:3870:7:_nx_dhcpv6_server_extract_packet_information	632	static
../azure-rtos/netxduo/addons/dhcp/nxd_dhcpv6_server.c:4263:7:_nx_dhcpv6_validate_client_message	56	static
../azure-rtos/netxduo/addons/dhcp/nxd_dhcpv6_server.c:4677:7:_nx_dhcpv6_server_utility_get_block_option_length	24	static
../azure-rtos/netxduo/addons/dhcp/nxd_dhcpv6_server.c:4758:7:_nx_dhcpv6_server_utility_get_data	24	static
../azure-rtos/netxduo/addons/dhcp/nxd_dhcpv6_server.c:4824:6:_nx_dhcpv6_server_utility_time_randomize	16	static
../azure-rtos/netxduo/addons/dhcp/nxd_dhcpv6_server.c:4895:7:_nx_dhcpv6_listen_for_messages	152	static
../azure-rtos/netxduo/addons/dhcp/nxd_dhcpv6_server.c:5242:7:_nx_dhcpv6_send_response_to_client	48	static
../azure-rtos/netxduo/addons/dhcp/nxd_dhcpv6_server.c:5500:7:_nx_dhcpv6_assign_ip_address	40	static
../azure-rtos/netxduo/addons/dhcp/nxd_dhcpv6_server.c:5712:7:_nx_dhcpv6_find_client_record_by_duid	40	static
../azure-rtos/netxduo/addons/dhcp/nxd_dhcpv6_server.c:5847:6:_nx_dhcpv6_find_ip_address	56	static
../azure-rtos/netxduo/addons/dhcp/nxd_dhcpv6_server.c:5925:7:_nx_dhcpv6_clear_client_record	24	static
../azure-rtos/netxduo/addons/dhcp/nxd_dhcpv6_server.c:6039:7:_nx_dhcpv6_update_client_record	24	static
../azure-rtos/netxduo/addons/dhcp/nxd_dhcpv6_server.c:6195:6:_nx_dhcpv6_server_process_iana	56	static
../azure-rtos/netxduo/addons/dhcp/nxd_dhcpv6_server.c:6366:6:_nx_dhcpv6_process_option_request	40	static
../azure-rtos/netxduo/addons/dhcp/nxd_dhcpv6_server.c:6441:6:_nx_dhcpv6_process_elapsed_time	32	static
../azure-rtos/netxduo/addons/dhcp/nxd_dhcpv6_server.c:6518:6:_nx_dhcpv6_server_process_ia	32	static
../azure-rtos/netxduo/addons/dhcp/nxd_dhcpv6_server.c:6608:6:_nx_dhcpv6_process_duid	32	static
../azure-rtos/netxduo/addons/dhcp/nxd_dhcpv6_server.c:6771:7:_nx_dhcpv6_check_duids_same	24	static
../azure-rtos/netxduo/addons/dhcp/nxd_dhcpv6_server.c:6893:7:_nx_dhcpv6_add_duid	32	static
../azure-rtos/netxduo/addons/dhcp/nxd_dhcpv6_server.c:7017:6:_nx_dhcpv6_server_add_iana	56	static
../azure-rtos/netxduo/addons/dhcp/nxd_dhcpv6_server.c:7264:6:_nx_dhcpv6_add_ia	32	static
../azure-rtos/netxduo/addons/dhcp/nxd_dhcpv6_server.c:7385:6:_nx_dhcpv6_add_iana_status	40	static
