/Users/ramseymcgrath/code/embedded/mcuxpresso_workspace/evkmimxrt1060_usbx_host_hid_mouse/CMSIS/core_cm7.h:1911:22:__NVIC_EnableIRQ	16	static
/Users/ramseymcgrath/code/embedded/mcuxpresso_workspace/evkmimxrt1060_usbx_host_hid_mouse/CMSIS/core_cm7.h:2002:22:__NVIC_ClearPendingIRQ	16	static
/Users/ramseymcgrath/code/embedded/mcuxpresso_workspace/evkmimxrt1060_usbx_host_hid_mouse/CMSIS/core_cm7.h:2041:22:__NVIC_SetPriority	16	static
/Users/ramseymcgrath/code/embedded/mcuxpresso_workspace/evkmimxrt1060_usbx_host_hid_mouse/drivers/fsl_common_arm.h:570:24:EnableIRQ	24	static
../board/board_setup.c:36:14:usb_host_base	4	static
../board/board_setup.c:42:13:usb_interrupt_setup	16	static
../board/board_setup.c:52:6:board_setup	8	static
../board/board_setup.c:64:6:usbx_mem_init	8	static
../board/board_setup.c:72:6:usbphy_set_highspeed_mode	56	static
