../component/osa/fsl_os_abstraction_threadx.c:131:7:OSA_MemoryAllocate	16	static
../component/osa/fsl_os_abstraction_threadx.c:142:6:OSA_MemoryFree	16	static
../component/osa/fsl_os_abstraction_threadx.c:146:7:OSA_MemoryAllocateAlign	32	static
../component/osa/fsl_os_abstraction_threadx.c:187:6:OSA_MemoryFreeAlign	24	static
../component/osa/fsl_os_abstraction_threadx.c:213:6:OSA_EnterCritical	16	static
../component/osa/fsl_os_abstraction_threadx.c:224:6:OSA_ExitCritical	16	static
../component/osa/fsl_os_abstraction_threadx.c:444:6:OSA_TimeDelay	16	static
../component/osa/fsl_os_abstraction_threadx.c:454:10:OSA_TimeGetMsec	32	static
../component/osa/fsl_os_abstraction_threadx.c:467:14:OSA_SemaphorePrecreate	16	static
../component/osa/fsl_os_abstraction_threadx.c:481:14:OSA_SemaphoreCreate	24	static
../component/osa/fsl_os_abstraction_threadx.c:502:14:OSA_SemaphoreCreateBinary	16	static
../component/osa/fsl_os_abstraction_threadx.c:515:14:OSA_SemaphoreDestroy	24	static
../component/osa/fsl_os_abstraction_threadx.c:542:14:OSA_SemaphoreWait	24	static
../component/osa/fsl_os_abstraction_threadx.c:580:14:OSA_SemaphorePost	24	static
../component/osa/fsl_os_abstraction_threadx.c:602:14:OSA_MutexCreate	24	static
../component/osa/fsl_os_abstraction_threadx.c:626:14:OSA_MutexLock	24	static
../component/osa/fsl_os_abstraction_threadx.c:657:14:OSA_MutexUnlock	24	static
../component/osa/fsl_os_abstraction_threadx.c:678:14:OSA_MutexDestroy	24	static
../component/osa/fsl_os_abstraction_threadx.c:698:14:OSA_EventPrecreate	16	static
../component/osa/fsl_os_abstraction_threadx.c:712:14:OSA_EventCreate	24	static
../component/osa/fsl_os_abstraction_threadx.c:736:14:OSA_EventSet	24	static
../component/osa/fsl_os_abstraction_threadx.c:758:14:OSA_EventClear	24	static
../component/osa/fsl_os_abstraction_threadx.c:782:14:OSA_EventGet	48	static
../component/osa/fsl_os_abstraction_threadx.c:822:14:OSA_EventWait	56	static
../component/osa/fsl_os_abstraction_threadx.c:891:14:OSA_EventDestroy	24	static
../component/osa/fsl_os_abstraction_threadx.c:914:14:OSA_MsgQCreate	32	static
../component/osa/fsl_os_abstraction_threadx.c:933:14:OSA_MsgQPut	16	static
../component/osa/fsl_os_abstraction_threadx.c:959:14:OSA_MsgQGet	32	static
../component/osa/fsl_os_abstraction_threadx.c:992:5:OSA_MsgQAvailableMsgs	56	static
../component/osa/fsl_os_abstraction_threadx.c:1017:14:OSA_MsgQDestroy	16	static
../component/osa/fsl_os_abstraction_threadx.c:1035:6:OSA_InterruptEnable	8	static
../component/osa/fsl_os_abstraction_threadx.c:1046:6:OSA_InterruptDisable	8	static
../component/osa/fsl_os_abstraction_threadx.c:1057:6:OSA_EnableIRQGlobal	16	static
../component/osa/fsl_os_abstraction_threadx.c:1068:6:OSA_DisableIRQGlobal	16	static
../component/osa/fsl_os_abstraction_threadx.c:1079:6:OSA_InstallIntHandler	16	static
