../azure-rtos/netxduo/addons/web/nx_web_http_client.c:142:7:_nxe_web_http_client_create	40	static
../azure-rtos/netxduo/addons/web/nx_web_http_client.c:216:7:_nx_web_http_client_create	56	static
../azure-rtos/netxduo/addons/web/nx_web_http_client.c:305:7:_nxe_web_http_client_delete	24	static
../azure-rtos/netxduo/addons/web/nx_web_http_client.c:367:7:_nx_web_http_client_delete	16	static
../azure-rtos/netxduo/addons/web/nx_web_http_client.c:458:6:_nx_web_http_client_content_type_header_add	56	static
../azure-rtos/netxduo/addons/web/nx_web_http_client.c:518:6:_nx_web_http_client_content_length_header_add	56	static
../azure-rtos/netxduo/addons/web/nx_web_http_client.c:578:7:_nxe_web_http_client_get_start	48	static
../azure-rtos/netxduo/addons/web/nx_web_http_client.c:653:7:_nx_web_http_client_get_start	80	static
../azure-rtos/netxduo/addons/web/nx_web_http_client.c:739:7:_nxe_web_http_client_get_start_extended	64	static
../azure-rtos/netxduo/addons/web/nx_web_http_client.c:827:7:_nx_web_http_client_get_start_extended	72	static
../azure-rtos/netxduo/addons/web/nx_web_http_client.c:1293:7:_nx_web_http_client_get_server_response	72	static
../azure-rtos/netxduo/addons/web/nx_web_http_client.c:1481:7:_nxe_web_http_client_response_body_get	32	static
../azure-rtos/netxduo/addons/web/nx_web_http_client.c:1558:7:_nx_web_http_client_response_body_get	56	static
../azure-rtos/netxduo/addons/web/nx_web_http_client.c:1854:6:_nx_web_http_client_response_read	32	static
../azure-rtos/netxduo/addons/web/nx_web_http_client.c:1963:6:_nx_web_http_client_response_byte_expect	40	static
../azure-rtos/netxduo/addons/web/nx_web_http_client.c:2036:6:_nx_web_http_client_chunked_size_get	48	static
../azure-rtos/netxduo/addons/web/nx_web_http_client.c:2181:6:_nx_web_http_client_response_chunked_get	64	static
../azure-rtos/netxduo/addons/web/nx_web_http_client.c:2428:6:_nxe_web_http_client_request_chunked_set	32	static
../azure-rtos/netxduo/addons/web/nx_web_http_client.c:2488:6:_nx_web_http_client_request_chunked_set	64	static
../azure-rtos/netxduo/addons/web/nx_web_http_client.c:2593:6:_nxe_web_http_client_request_packet_send	32	static
../azure-rtos/netxduo/addons/web/nx_web_http_client.c:2658:6:_nx_web_http_client_request_packet_send	48	static
../azure-rtos/netxduo/addons/web/nx_web_http_client.c:2759:7:_nxe_web_http_client_put_start	56	static
../azure-rtos/netxduo/addons/web/nx_web_http_client.c:2840:7:_nx_web_http_client_put_start	88	static
../azure-rtos/netxduo/addons/web/nx_web_http_client.c:2925:7:_nxe_web_http_client_put_start_extended	72	static
../azure-rtos/netxduo/addons/web/nx_web_http_client.c:3024:7:_nx_web_http_client_put_start_extended	72	static
../azure-rtos/netxduo/addons/web/nx_web_http_client.c:3541:7:_nxe_web_http_client_post_start	56	static
../azure-rtos/netxduo/addons/web/nx_web_http_client.c:3622:7:_nx_web_http_client_post_start	88	static
../azure-rtos/netxduo/addons/web/nx_web_http_client.c:3708:7:_nxe_web_http_client_post_start_extended	72	static
../azure-rtos/netxduo/addons/web/nx_web_http_client.c:3807:7:_nx_web_http_client_post_start_extended	72	static
../azure-rtos/netxduo/addons/web/nx_web_http_client.c:4322:7:_nxe_web_http_client_head_start	48	static
../azure-rtos/netxduo/addons/web/nx_web_http_client.c:4397:7:_nx_web_http_client_head_start	80	static
../azure-rtos/netxduo/addons/web/nx_web_http_client.c:4482:7:_nxe_web_http_client_head_start_extended	64	static
../azure-rtos/netxduo/addons/web/nx_web_http_client.c:4573:7:_nx_web_http_client_head_start_extended	72	static
../azure-rtos/netxduo/addons/web/nx_web_http_client.c:5045:7:_nxe_web_http_client_delete_start	48	static
../azure-rtos/netxduo/addons/web/nx_web_http_client.c:5120:7:_nx_web_http_client_delete_start	80	static
../azure-rtos/netxduo/addons/web/nx_web_http_client.c:5205:7:_nxe_web_http_client_delete_start_extended	64	static
../azure-rtos/netxduo/addons/web/nx_web_http_client.c:5297:7:_nx_web_http_client_delete_start_extended	72	static
../azure-rtos/netxduo/addons/web/nx_web_http_client.c:5767:7:_nxe_web_http_client_put_packet	40	static
../azure-rtos/netxduo/addons/web/nx_web_http_client.c:5870:7:_nx_web_http_client_put_packet	40	static
../azure-rtos/netxduo/addons/web/nx_web_http_client.c:6007:7:_nx_web_http_client_type_get	24	static
../azure-rtos/netxduo/addons/web/nx_web_http_client.c:6188:7:_nx_web_http_client_content_length_get	32	static
../azure-rtos/netxduo/addons/web/nx_web_http_client.c:6320:7:_nx_web_http_client_memicmp	32	static
../azure-rtos/netxduo/addons/web/nx_web_http_client.c:6399:7:_nx_web_http_client_process_header_fields	64	static
../azure-rtos/netxduo/addons/web/nx_web_http_client.c:6594:7:_nx_web_http_client_number_convert	32	static
../azure-rtos/netxduo/addons/web/nx_web_http_client.c:6693:7:_nxe_web_http_client_connect	32	static
../azure-rtos/netxduo/addons/web/nx_web_http_client.c:6767:7:_nx_web_http_client_connect	32	static
../azure-rtos/netxduo/addons/web/nx_web_http_client.c:7069:6:_nxe_web_http_client_request_initialize	56	static
../azure-rtos/netxduo/addons/web/nx_web_http_client.c:7180:6:_nx_web_http_client_request_initialize	88	static
../azure-rtos/netxduo/addons/web/nx_web_http_client.c:7274:6:_nxe_web_http_client_request_initialize_extended	72	static
../azure-rtos/netxduo/addons/web/nx_web_http_client.c:7406:6:_nx_web_http_client_request_initialize_extended	176	static
../azure-rtos/netxduo/addons/web/nx_web_http_client.c:7691:6:_nxe_web_http_client_request_header_add	40	static
../azure-rtos/netxduo/addons/web/nx_web_http_client.c:7758:6:_nx_web_http_client_request_header_add	48	static
../azure-rtos/netxduo/addons/web/nx_web_http_client.c:7847:6:_nxe_web_http_client_request_send	24	static
../azure-rtos/netxduo/addons/web/nx_web_http_client.c:7910:6:_nx_web_http_client_request_send	40	static
../azure-rtos/netxduo/addons/web/nx_web_http_client.c:8026:6:_nxe_web_http_client_request_packet_allocate	32	static
../azure-rtos/netxduo/addons/web/nx_web_http_client.c:8093:6:_nx_web_http_client_request_packet_allocate	32	static
../azure-rtos/netxduo/addons/web/nx_web_http_client.c:8171:6:_nxe_web_http_client_response_header_callback_set	24	static
../azure-rtos/netxduo/addons/web/nx_web_http_client.c:8237:6:_nx_web_http_client_response_header_callback_set	16	static
../azure-rtos/netxduo/addons/web/nx_web_http_client.c:8298:7:_nx_web_http_client_send	32	static
../azure-rtos/netxduo/addons/web/nx_web_http_client.c:8365:7:_nx_web_http_client_receive	32	static
../azure-rtos/netxduo/addons/web/nx_web_http_client.c:8433:6:_nx_web_http_client_error_exit	16	static
../azure-rtos/netxduo/addons/web/nx_web_http_client.c:8492:6:_nx_web_http_client_cleanup	24	static
