../azure-rtos/netxduo/addons/web/nx_web_http_server.c:124:7:_nxe_web_http_server_content_get	40	static
../azure-rtos/netxduo/addons/web/nx_web_http_server.c:195:7:_nx_web_http_server_content_get	40	static
../azure-rtos/netxduo/addons/web/nx_web_http_server.c:253:7:_nxe_web_http_server_packet_content_find	24	static
../azure-rtos/netxduo/addons/web/nx_web_http_server.c:324:7:_nx_web_http_server_packet_content_find	72	static
../azure-rtos/netxduo/addons/web/nx_web_http_server.c:532:7:_nxe_web_http_server_packet_get	16	static
../azure-rtos/netxduo/addons/web/nx_web_http_server.c:592:6:_nx_web_http_server_packet_get	24	static
../azure-rtos/netxduo/addons/web/nx_web_http_server.c:684:7:_nxe_web_http_server_content_get_extended	40	static
../azure-rtos/netxduo/addons/web/nx_web_http_server.c:763:7:_nx_web_http_server_content_get_extended	56	static
../azure-rtos/netxduo/addons/web/nx_web_http_server.c:1041:7:_nxe_web_http_server_content_length_get	24	static
../azure-rtos/netxduo/addons/web/nx_web_http_server.c:1104:7:_nx_web_http_server_content_length_get	24	static
../azure-rtos/netxduo/addons/web/nx_web_http_server.c:1226:7:_nxe_web_http_server_create	56	static
../azure-rtos/netxduo/addons/web/nx_web_http_server.c:1318:6:_nx_web_http_server_create	88	static
../azure-rtos/netxduo/addons/web/nx_web_http_server.c:1423:7:_nxe_web_http_server_delete	24	static
../azure-rtos/netxduo/addons/web/nx_web_http_server.c:1492:7:_nx_web_http_server_delete	24	static
../azure-rtos/netxduo/addons/web/nx_web_http_server.c:1568:7:_nxe_web_http_server_param_get	40	static
../azure-rtos/netxduo/addons/web/nx_web_http_server.c:1634:7:_nx_web_http_server_param_get	40	static
../azure-rtos/netxduo/addons/web/nx_web_http_server.c:1796:7:_nxe_web_http_server_query_get	40	static
../azure-rtos/netxduo/addons/web/nx_web_http_server.c:1863:7:_nx_web_http_server_query_get	40	static
../azure-rtos/netxduo/addons/web/nx_web_http_server.c:2018:7:_nxe_web_http_server_start	24	static
../azure-rtos/netxduo/addons/web/nx_web_http_server.c:2078:7:_nx_web_http_server_start	24	static
../azure-rtos/netxduo/addons/web/nx_web_http_server.c:2451:7:_nxe_web_http_server_stop	24	static
../azure-rtos/netxduo/addons/web/nx_web_http_server.c:2513:7:_nx_web_http_server_stop	24	static
../azure-rtos/netxduo/addons/web/nx_web_http_server.c:2582:7:_nxe_web_http_server_callback_data_send	32	static
../azure-rtos/netxduo/addons/web/nx_web_http_server.c:2648:7:_nx_web_http_server_callback_data_send	40	static
../azure-rtos/netxduo/addons/web/nx_web_http_server.c:2747:7:_nxe_web_http_server_callback_response_send	32	static
../azure-rtos/netxduo/addons/web/nx_web_http_server.c:2815:7:_nx_web_http_server_callback_response_send	56	static
../azure-rtos/netxduo/addons/web/nx_web_http_server.c:2890:6:_nxe_web_http_server_callback_response_send_extended	48	static
../azure-rtos/netxduo/addons/web/nx_web_http_server.c:2971:6:_nx_web_http_server_callback_response_send_extended	56	static
../azure-rtos/netxduo/addons/web/nx_web_http_server.c:3044:13:_nx_web_http_server_connection_end	24	static
../azure-rtos/netxduo/addons/web/nx_web_http_server.c:3100:13:_nx_web_http_server_connection_timeout	24	static
../azure-rtos/netxduo/addons/web/nx_web_http_server.c:3167:7:_nx_web_http_server_receive_data	56	static
../azure-rtos/netxduo/addons/web/nx_web_http_server.c:3439:7:_nx_web_http_server_get_client_request	64	static
../azure-rtos/netxduo/addons/web/nx_web_http_server.c:3670:7:_nx_web_http_server_get_process	232	static
../azure-rtos/netxduo/addons/web/nx_web_http_server.c:4213:7:_nx_web_http_server_put_process	136	static
../azure-rtos/netxduo/addons/web/nx_web_http_server.c:4713:7:_nx_web_http_server_delete_process	128	static
../azure-rtos/netxduo/addons/web/nx_web_http_server.c:4940:6:_nxe_web_http_server_invalid_userpassword_notify_set	24	static
../azure-rtos/netxduo/addons/web/nx_web_http_server.c:5001:6:_nx_web_http_server_invalid_userpassword_notify_set	16	static
../azure-rtos/netxduo/addons/web/nx_web_http_server.c:5067:7:_nx_web_http_server_response_send	64	static
../azure-rtos/netxduo/addons/web/nx_web_http_server.c:5215:7:_nx_web_http_server_basic_authenticate	72	static
../azure-rtos/netxduo/addons/web/nx_web_http_server.c:5434:7:_nx_web_http_server_retrieve_basic_authorization	32	static
../azure-rtos/netxduo/addons/web/nx_web_http_server.c:5609:7:_nx_web_http_server_retrieve_resource	32	static
../azure-rtos/netxduo/addons/web/nx_web_http_server.c:5833:7:_nx_web_http_server_calculate_content_offset	32	static
../azure-rtos/netxduo/addons/web/nx_web_http_server.c:5937:7:_nxe_web_http_server_type_get	32	static
../azure-rtos/netxduo/addons/web/nx_web_http_server.c:5998:7:_nx_web_http_server_type_get	40	static
../azure-rtos/netxduo/addons/web/nx_web_http_server.c:6059:7:_nxe_web_http_server_type_get_extended	40	static
../azure-rtos/netxduo/addons/web/nx_web_http_server.c:6134:7:_nx_web_http_server_type_get_extended	48	static
../azure-rtos/netxduo/addons/web/nx_web_http_server.c:7418:7:_nxe_web_http_server_get_entity_header	24	static
../azure-rtos/netxduo/addons/web/nx_web_http_server.c:7494:7:_nx_web_http_server_get_entity_header	24	static
../azure-rtos/netxduo/addons/web/nx_web_http_server.c:7861:7:_nxe_web_http_server_get_entity_content	24	static
../azure-rtos/netxduo/addons/web/nx_web_http_server.c:7928:7:_nx_web_http_server_get_entity_content	24	static
../azure-rtos/netxduo/addons/web/nx_web_http_server.c:8259:7:_nx_web_http_server_match_string	40	static
../azure-rtos/netxduo/addons/web/nx_web_http_server.c:8387:7:_nx_web_http_server_field_value_get	32	static
../azure-rtos/netxduo/addons/web/nx_web_http_server.c:8503:7:_nx_web_http_server_memicmp	32	static
../azure-rtos/netxduo/addons/web/nx_web_http_server.c:8599:7:_nx_web_http_server_generate_response_header	96	static
../azure-rtos/netxduo/addons/web/nx_web_http_server.c:8859:6:_nx_web_http_server_request_read	32	static
../azure-rtos/netxduo/addons/web/nx_web_http_server.c:8969:6:_nx_web_http_server_request_byte_expect	40	static
../azure-rtos/netxduo/addons/web/nx_web_http_server.c:9042:6:_nx_web_http_server_chunked_size_get	48	static
../azure-rtos/netxduo/addons/web/nx_web_http_server.c:9186:6:_nx_web_http_server_request_chunked_get	64	static
../azure-rtos/netxduo/addons/web/nx_web_http_server.c:9429:6:_nxe_web_http_server_response_chunked_set	32	static
../azure-rtos/netxduo/addons/web/nx_web_http_server.c:9489:6:_nx_web_http_server_response_chunked_set	64	static
../azure-rtos/netxduo/addons/web/nx_web_http_server.c:9599:6:_nx_web_http_server_chunked_check	56	static
../azure-rtos/netxduo/addons/web/nx_web_http_server.c:9663:6:_nxe_web_http_server_response_packet_allocate	32	static
../azure-rtos/netxduo/addons/web/nx_web_http_server.c:9726:6:_nx_web_http_server_response_packet_allocate	32	static
../azure-rtos/netxduo/addons/web/nx_web_http_server.c:9796:7:_nxe_web_http_server_callback_generate_response_header	32	static
../azure-rtos/netxduo/addons/web/nx_web_http_server.c:9858:7:_nx_web_http_server_callback_generate_response_header	64	static
../azure-rtos/netxduo/addons/web/nx_web_http_server.c:9931:7:_nxe_web_http_server_callback_generate_response_header_extended	56	static
../azure-rtos/netxduo/addons/web/nx_web_http_server.c:10008:7:_nx_web_http_server_callback_generate_response_header_extended	64	static
../azure-rtos/netxduo/addons/web/nx_web_http_server.c:10082:7:_nxe_web_http_server_callback_packet_send	16	static
../azure-rtos/netxduo/addons/web/nx_web_http_server.c:10134:7:_nx_web_http_server_callback_packet_send	40	static
../azure-rtos/netxduo/addons/web/nx_web_http_server.c:10213:7:_nxe_web_http_server_gmt_callback_set	16	static
../azure-rtos/netxduo/addons/web/nx_web_http_server.c:10265:7:_nx_web_http_server_gmt_callback_set	32	static
../azure-rtos/netxduo/addons/web/nx_web_http_server.c:10324:7:_nxe_web_http_server_cache_info_callback_set	16	static
../azure-rtos/netxduo/addons/web/nx_web_http_server.c:10381:7:_nx_web_http_server_cache_info_callback_set	32	static
../azure-rtos/netxduo/addons/web/nx_web_http_server.c:10440:7:_nx_web_http_server_date_to_string	24	static
../azure-rtos/netxduo/addons/web/nx_web_http_server.c:10531:7:_nx_web_http_server_date_convert	32	static
../azure-rtos/netxduo/addons/web/nx_web_http_server.c:10598:7:_nxe_web_http_server_mime_maps_additional_set	24	static
../azure-rtos/netxduo/addons/web/nx_web_http_server.c:10650:7:_nx_web_http_server_mime_maps_additional_set	40	static
../azure-rtos/netxduo/addons/web/nx_web_http_server.c:10711:7:_nx_web_http_server_get_client_keepalive	56	static
../azure-rtos/netxduo/addons/web/nx_web_http_server.c:10828:7:_nx_web_http_server_send	32	static
../azure-rtos/netxduo/addons/web/nx_web_http_server.c:10909:7:_nx_web_http_server_receive	32	static
../azure-rtos/netxduo/addons/web/nx_web_http_server.c:10988:6:_nx_web_http_server_connection_reset	32	static
../azure-rtos/netxduo/addons/web/nx_web_http_server.c:11051:6:_nx_web_http_server_connection_disconnect	32	static
../azure-rtos/netxduo/addons/web/nx_web_http_server.c:11145:6:_nxe_web_http_server_digest_authenticate_notify_set	16	static
../azure-rtos/netxduo/addons/web/nx_web_http_server.c:11210:6:_nx_web_http_server_digest_authenticate_notify_set	16	static
../azure-rtos/netxduo/addons/web/nx_web_http_server.c:11274:7:_nxe_web_http_server_authentication_check_set	24	static
../azure-rtos/netxduo/addons/web/nx_web_http_server.c:11344:6:_nx_web_http_server_authentication_check_set	16	static
