/Users/ramseymcgrath/code/embedded/mcuxpresso_workspace/SR71_Proxy/CMSIS/core_cm33.h:2358:22:__NVIC_EnableIRQ	16	static
/Users/ramseymcgrath/code/embedded/mcuxpresso_workspace/SR71_Proxy/CMSIS/core_cm33.h:2555:22:__NVIC_SetPriority	16	static
/Users/ramseymcgrath/code/embedded/mcuxpresso_workspace/SR71_Proxy/drivers/fsl_common_arm.h:897:24:DisableGlobalIRQ	16	static
/Users/ramseymcgrath/code/embedded/mcuxpresso_workspace/SR71_Proxy/drivers/fsl_common_arm.h:923:20:EnableGlobalIRQ	24	static
/Users/ramseymcgrath/code/embedded/mcuxpresso_workspace/SR71_Proxy/drivers/fsl_gpio.h:345:20:GPIO_PinWrite	24	static
/Users/ramseymcgrath/code/embedded/mcuxpresso_workspace/SR71_Proxy/drivers/fsl_gpio.h:427:24:GPIO_PinRead	16	static
/Users/ramseymcgrath/code/embedded/mcuxpresso_workspace/SR71_Proxy/drivers/fsl_gpio.h:482:20:GPIO_SetPinInterruptConfig	24	static
../component/gpio/fsl_adapter_gpio.c:74:13:HAL_GpioInterruptHandle	32	static
../component/gpio/fsl_adapter_gpio.c:130:26:HAL_GpioConflictSearch	16	static
../component/gpio/fsl_adapter_gpio.c:144:26:HAL_GpioAddItem	32	static
../component/gpio/fsl_adapter_gpio.c:176:26:HAL_GpioRemoveItem	32	static
../component/gpio/fsl_adapter_gpio.c:300:6:GPIOA_INT0_IRQHandler	8	static
../component/gpio/fsl_adapter_gpio.c:307:6:GPIOA_INT1_IRQHandler	8	static
../component/gpio/fsl_adapter_gpio.c:315:6:GPIOB_INT0_IRQHandler	8	static
../component/gpio/fsl_adapter_gpio.c:321:6:GPIOB_INT1_IRQHandler	8	static
../component/gpio/fsl_adapter_gpio.c:329:6:GPIOC_INT0_IRQHandler	8	static
../component/gpio/fsl_adapter_gpio.c:335:6:GPIOC_INT1_IRQHandler	8	static
../component/gpio/fsl_adapter_gpio.c:343:6:GPIOD_INT0_IRQHandler	8	static
../component/gpio/fsl_adapter_gpio.c:349:6:GPIOD_INT1_IRQHandler	8	static
../component/gpio/fsl_adapter_gpio.c:357:6:GPIO00_DriverIRQHandler	8	static
../component/gpio/fsl_adapter_gpio.c:364:6:GPIO01_DriverIRQHandler	8	static
../component/gpio/fsl_adapter_gpio.c:372:6:GPIO10_DriverIRQHandler	8	static
../component/gpio/fsl_adapter_gpio.c:378:6:GPIO11_DriverIRQHandler	8	static
../component/gpio/fsl_adapter_gpio.c:386:6:GPIO20_DriverIRQHandler	8	static
../component/gpio/fsl_adapter_gpio.c:392:6:GPIO21_DriverIRQHandler	8	static
../component/gpio/fsl_adapter_gpio.c:400:6:GPIO30_DriverIRQHandler	8	static
../component/gpio/fsl_adapter_gpio.c:406:6:GPIO31_DriverIRQHandler	8	static
../component/gpio/fsl_adapter_gpio.c:414:6:GPIO40_DriverIRQHandler	8	static
../component/gpio/fsl_adapter_gpio.c:420:6:GPIO41_DriverIRQHandler	8	static
../component/gpio/fsl_adapter_gpio.c:428:6:GPIO50_DriverIRQHandler	8	static
../component/gpio/fsl_adapter_gpio.c:434:6:GPIO51_DriverIRQHandler	8	static
../component/gpio/fsl_adapter_gpio.c:442:6:GPIO60_DriverIRQHandler	8	static
../component/gpio/fsl_adapter_gpio.c:448:6:GPIO61_DriverIRQHandler	8	static
../component/gpio/fsl_adapter_gpio.c:456:6:GPIO70_DriverIRQHandler	8	static
../component/gpio/fsl_adapter_gpio.c:462:6:GPIO71_DriverIRQHandler	8	static
../component/gpio/fsl_adapter_gpio.c:470:6:GPIO80_DriverIRQHandler	8	static
../component/gpio/fsl_adapter_gpio.c:476:6:GPIO81_DriverIRQHandler	8	static
../component/gpio/fsl_adapter_gpio.c:484:6:GPIO90_DriverIRQHandler	8	static
../component/gpio/fsl_adapter_gpio.c:490:6:GPIO91_DriverIRQHandler	8	static
../component/gpio/fsl_adapter_gpio.c:498:6:GPIO100_DriverIRQHandler	8	static
../component/gpio/fsl_adapter_gpio.c:504:6:GPIO101_DriverIRQHandler	8	static
../component/gpio/fsl_adapter_gpio.c:512:6:GPIO0_IRQHandler	8	static
../component/gpio/fsl_adapter_gpio.c:521:6:GPIO1_IRQHandler	8	static
../component/gpio/fsl_adapter_gpio.c:530:6:GPIO2_IRQHandler	8	static
../component/gpio/fsl_adapter_gpio.c:539:6:GPIO3_IRQHandler	8	static
../component/gpio/fsl_adapter_gpio.c:548:6:HAL_GpioPreInit	4	static
../component/gpio/fsl_adapter_gpio.c:553:19:HAL_GpioInit	24	static
../component/gpio/fsl_adapter_gpio.c:584:19:HAL_GpioDeinit	24	static
../component/gpio/fsl_adapter_gpio.c:599:19:HAL_GpioGetInput	24	static
../component/gpio/fsl_adapter_gpio.c:612:19:HAL_GpioSetOutput	24	static
../component/gpio/fsl_adapter_gpio.c:624:19:HAL_GpioInstallCallback	32	static
../component/gpio/fsl_adapter_gpio.c:640:19:HAL_GpioGetTriggerMode	24	static
../component/gpio/fsl_adapter_gpio.c:657:19:HAL_GpioSetTriggerMode	24	static
../component/gpio/fsl_adapter_gpio.c:742:19:HAL_GpioWakeUpSetting	24	static
../component/gpio/fsl_adapter_gpio.c:762:19:HAL_GpioEnterLowpower	16	static
../component/gpio/fsl_adapter_gpio.c:769:19:HAL_GpioExitLowpower	24	static
