../usb/host/class/usb_host_hid.c:175:13:USB_HostHidInPipeCallback	40	static
../usb/host/class/usb_host_hid.c:200:13:USB_HostHidOutPipeCallback	40	static
../usb/host/class/usb_host_hid.c:225:13:USB_HostHidControlCallback	40	static
../usb/host/class/usb_host_hid.c:240:21:USB_HostHidOpenInterface	48	static
../usb/host/class/usb_host_hid.c:338:13:USB_HostHidSetInterfaceCallback	40	static
../usb/host/class/usb_host_hid.c:357:14:USB_HostHidInit	32	static
../usb/host/class/usb_host_hid.c:383:14:USB_HostHidSetInterface	48	static
../usb/host/class/usb_host_hid.c:478:14:USB_HostHidDeinit	24	static
../usb/host/class/usb_host_hid.c:552:10:USB_HostHidGetPacketsize	24	static
../usb/host/class/usb_host_hid.c:575:14:USB_HostHidRecv	32	static
../usb/host/class/usb_host_hid.c:624:14:USB_HostHidSend	32	static
../usb/host/class/usb_host_hid.c:673:21:USB_HostHidControl	24	static
../usb/host/class/usb_host_hid.c:728:14:USB_HostHidGetReportDescriptor	48	static
../usb/host/class/usb_host_hid.c:740:14:USB_HostHidGetIdle	48	static
../usb/host/class/usb_host_hid.c:751:14:USB_HostHidSetIdle	48	static
../usb/host/class/usb_host_hid.c:762:14:USB_HostHidGetProtocol	48	static
../usb/host/class/usb_host_hid.c:772:14:USB_HostHidSetProtocol	48	static
../usb/host/class/usb_host_hid.c:782:14:USB_HostHidGetReport	48	static
../usb/host/class/usb_host_hid.c:795:14:USB_HostHidSetReport	48	static
